###############################################################################
#
# IAR ELF Linker V9.30.1.335/W64 for ARM                  29/Mar/2024  21:07:25
# Copyright 2007-2022 IAR Systems AB.
#
#    Output file  =
#        E:\eElements\2.Firmware\eElements\EWARM\eElements\Exe\eElements.out
#    Map file     =
#        E:\eElements\2.Firmware\eElements\EWARM\eElements\List\eElements.map
#    Command line =
#        -f
#        E:\eElements\2.Firmware\eElements\EWARM\eElements\Exe\eElements.out.rsp
#        (E:\eElements\2.Firmware\eElements\EWARM\eElements\Obj\Application\User\Core\adc.o
#        E:\eElements\2.Firmware\eElements\EWARM\eElements\Obj\Drivers\battery\battery.o
#        E:\eElements\2.Firmware\eElements\EWARM\eElements\Obj\Drivers\bsp\bsp.o
#        E:\eElements\2.Firmware\eElements\EWARM\eElements\Obj\Drivers\element\element.o
#        E:\eElements\2.Firmware\eElements\EWARM\eElements\Obj\Drivers\epd\epd.o
#        E:\eElements\2.Firmware\eElements\EWARM\eElements\Obj\Drivers\epd\epd_gui.o
#        E:\eElements\2.Firmware\eElements\EWARM\eElements\Obj\Application\User\Core\gpio.o
#        E:\eElements\2.Firmware\eElements\EWARM\eElements\Obj\Application\User\Core\main.o
#        E:\eElements\2.Firmware\eElements\EWARM\eElements\Obj\Application\User\Core\opamp.o
#        E:\eElements\2.Firmware\eElements\EWARM\eElements\Obj\Drivers\PWR\PWR.o
#        E:\eElements\2.Firmware\eElements\EWARM\eElements\Obj\Application\User\Core\rtc.o
#        E:\eElements\2.Firmware\eElements\EWARM\eElements\Obj\Application\User\Core\spi.o
#        E:\eElements\2.Firmware\eElements\EWARM\eElements\Obj\Application\EWARM\startup_stm32l431xx.o
#        E:\eElements\2.Firmware\eElements\EWARM\eElements\Obj\Drivers\STM32L4xx_HAL_Driver\stm32l4xx_hal.o
#        E:\eElements\2.Firmware\eElements\EWARM\eElements\Obj\Drivers\STM32L4xx_HAL_Driver\stm32l4xx_hal_adc.o
#        E:\eElements\2.Firmware\eElements\EWARM\eElements\Obj\Drivers\STM32L4xx_HAL_Driver\stm32l4xx_hal_adc_ex.o
#        E:\eElements\2.Firmware\eElements\EWARM\eElements\Obj\Drivers\STM32L4xx_HAL_Driver\stm32l4xx_hal_cortex.o
#        E:\eElements\2.Firmware\eElements\EWARM\eElements\Obj\Drivers\STM32L4xx_HAL_Driver\stm32l4xx_hal_dma.o
#        E:\eElements\2.Firmware\eElements\EWARM\eElements\Obj\Drivers\STM32L4xx_HAL_Driver\stm32l4xx_hal_dma_ex.o
#        E:\eElements\2.Firmware\eElements\EWARM\eElements\Obj\Drivers\STM32L4xx_HAL_Driver\stm32l4xx_hal_exti.o
#        E:\eElements\2.Firmware\eElements\EWARM\eElements\Obj\Drivers\STM32L4xx_HAL_Driver\stm32l4xx_hal_flash.o
#        E:\eElements\2.Firmware\eElements\EWARM\eElements\Obj\Drivers\STM32L4xx_HAL_Driver\stm32l4xx_hal_flash_ex.o
#        E:\eElements\2.Firmware\eElements\EWARM\eElements\Obj\Drivers\STM32L4xx_HAL_Driver\stm32l4xx_hal_flash_ramfunc.o
#        E:\eElements\2.Firmware\eElements\EWARM\eElements\Obj\Drivers\STM32L4xx_HAL_Driver\stm32l4xx_hal_gpio.o
#        E:\eElements\2.Firmware\eElements\EWARM\eElements\Obj\Drivers\STM32L4xx_HAL_Driver\stm32l4xx_hal_i2c.o
#        E:\eElements\2.Firmware\eElements\EWARM\eElements\Obj\Drivers\STM32L4xx_HAL_Driver\stm32l4xx_hal_i2c_ex.o
#        E:\eElements\2.Firmware\eElements\EWARM\eElements\Obj\Application\User\Core\stm32l4xx_hal_msp.o
#        E:\eElements\2.Firmware\eElements\EWARM\eElements\Obj\Drivers\STM32L4xx_HAL_Driver\stm32l4xx_hal_opamp.o
#        E:\eElements\2.Firmware\eElements\EWARM\eElements\Obj\Drivers\STM32L4xx_HAL_Driver\stm32l4xx_hal_opamp_ex.o
#        E:\eElements\2.Firmware\eElements\EWARM\eElements\Obj\Drivers\STM32L4xx_HAL_Driver\stm32l4xx_hal_pwr.o
#        E:\eElements\2.Firmware\eElements\EWARM\eElements\Obj\Drivers\STM32L4xx_HAL_Driver\stm32l4xx_hal_pwr_ex.o
#        E:\eElements\2.Firmware\eElements\EWARM\eElements\Obj\Drivers\STM32L4xx_HAL_Driver\stm32l4xx_hal_rcc.o
#        E:\eElements\2.Firmware\eElements\EWARM\eElements\Obj\Drivers\STM32L4xx_HAL_Driver\stm32l4xx_hal_rcc_ex.o
#        E:\eElements\2.Firmware\eElements\EWARM\eElements\Obj\Drivers\STM32L4xx_HAL_Driver\stm32l4xx_hal_rtc.o
#        E:\eElements\2.Firmware\eElements\EWARM\eElements\Obj\Drivers\STM32L4xx_HAL_Driver\stm32l4xx_hal_rtc_ex.o
#        E:\eElements\2.Firmware\eElements\EWARM\eElements\Obj\Drivers\STM32L4xx_HAL_Driver\stm32l4xx_hal_spi.o
#        E:\eElements\2.Firmware\eElements\EWARM\eElements\Obj\Drivers\STM32L4xx_HAL_Driver\stm32l4xx_hal_spi_ex.o
#        E:\eElements\2.Firmware\eElements\EWARM\eElements\Obj\Drivers\STM32L4xx_HAL_Driver\stm32l4xx_hal_tim.o
#        E:\eElements\2.Firmware\eElements\EWARM\eElements\Obj\Drivers\STM32L4xx_HAL_Driver\stm32l4xx_hal_tim_ex.o
#        E:\eElements\2.Firmware\eElements\EWARM\eElements\Obj\Drivers\STM32L4xx_HAL_Driver\stm32l4xx_hal_uart.o
#        E:\eElements\2.Firmware\eElements\EWARM\eElements\Obj\Drivers\STM32L4xx_HAL_Driver\stm32l4xx_hal_uart_ex.o
#        E:\eElements\2.Firmware\eElements\EWARM\eElements\Obj\Application\User\Core\stm32l4xx_it.o
#        E:\eElements\2.Firmware\eElements\EWARM\eElements\Obj\Drivers\CMSIS\system_stm32l4xx.o
#        E:\eElements\2.Firmware\eElements\EWARM\eElements\Obj\Application\User\Core\usart.o
#        E:\eElements\2.Firmware\eElements\EWARM\eElements\Obj\Application\User\Core\write.o
#        --no_out_extension -o
#        E:\eElements\2.Firmware\eElements\EWARM\eElements\Exe\eElements.out
#        --redirect _Printf=_PrintfFullNoMb --redirect _Scanf=_ScanfFullNoMb
#        --map
#        E:\eElements\2.Firmware\eElements\EWARM\eElements\List\eElements.map
#        --config E:\eElements\2.Firmware\eElements\EWARM/stm32l431xx_flash.icf
#        --semihosting --entry __iar_program_start --vfe --text_out locale
#        --cpu=Cortex-M4 --fpu=VFPv4_sp)
#
###############################################################################

*******************************************************************************
*** RUNTIME MODEL ATTRIBUTES
***

CppFlavor       = *
__CPP_Runtime   = 1
__SystemLibrary = DLib
__dlib_version  = 6


*******************************************************************************
*** HEAP SELECTION
***

The basic heap was selected because --advanced_heap
was not specified and the application did not appear to
be primarily optimized for speed.


*******************************************************************************
*** PLACEMENT SUMMARY
***

"A0":  place at address 0x800'0000 { ro section .intvec };
"P1":  place in [from 0x800'0000 to 0x803'ffff] { ro };
define block CSTACK with size = 8K, alignment = 8 { };
define block HEAP with size = 8K, alignment = 8 { };
"P2":  place in [from 0x2000'0000 to 0x2000'ffff] {
          rw, block CSTACK, block HEAP };
initialize by copy { rw };

  Section            Kind         Address    Size  Object
  -------            ----         -------    ----  ------
"A0":                                       0x18c
  .intvec            ro code   0x800'0000   0x18c  startup_stm32l431xx.o [1]
                             - 0x800'018c   0x18c

"P1":                                      0xdb4f
  .rodata            const     0x800'018c  0x3e24  epd.o [9]
  .rodata            const     0x800'3fb0  0x3728  epd.o [9]
  .text              ro code   0x800'76d8   0xeaa  xprintffull_nomb.o [10]
  .text              ro code   0x800'8582    0x7e  lz77_init_single.o [12]
  .text              ro code   0x800'8600    0x16  strchr.o [12]
  .text              ro code   0x800'8616     0xa  xsprout.o [10]
  .text              ro code   0x800'8620    0x40  xfail_s.o [10]
  .text              ro code   0x800'8660    0x36  strlen.o [12]
  .rodata            const     0x800'8696     0x2  xlocale_c.o [10]
  .text              ro code   0x800'8698    0x58  memchr.o [12]
  .text              ro code   0x800'86f0    0x18  ABImemcpy_small.o [12]
  .text              ro code   0x800'8708    0x70  frexp.o [11]
  .text              ro code   0x800'8778    0x34  DblCmpLe.o [11]
  .text              ro code   0x800'87ac    0x34  DblCmpGe.o [11]
  .text              ro code   0x800'87e0   0x13a  ldexp.o [11]
  .rodata            const     0x800'891a     0x1  xlocale_c.o [10]
  .text              ro code   0x800'891c    0x36  DblToS32.o [11]
  .text              ro code   0x800'8954    0x22  S32ToDbl.o [11]
  .text              ro code   0x800'8978   0x24e  DblAddSub.o [11]
  .text              ro code   0x800'8bc8   0x246  DblDiv.o [11]
  .text              ro code   0x800'8e10    0x22  DblToU32.o [11]
  .text              ro code   0x800'8e34    0x1c  U32ToDbl.o [11]
  .text              ro code   0x800'8e50   0x1aa  DblMul.o [11]
  .text              ro code   0x800'8ffc     0x8  xlocale_c.o [10]
  .text              ro code   0x800'9004   0x106  I64DivMod_small.o [12]
  .text              ro code   0x800'910a     0x6  abort.o [10]
  .text              ro code   0x800'9110     0x2  I64DivZer.o [12]
  .text              ro code   0x800'9114    0x14  exit.o [13]
  .text              ro code   0x800'9128   0xa74  stm32l4xx_hal_adc.o [5]
  .text              ro code   0x800'9b9c    0xe4  adc.o [2]
  .text              ro code   0x800'9c80     0xc  stm32l4xx_hal.o [5]
  .text              ro code   0x800'9c8c    0x14  memset.o [12]
  .text              ro code   0x800'9ca0   0x144  main.o [2]
  .text              ro code   0x800'9de4   0x37c  stm32l4xx_hal_rcc_ex.o [5]
  .text              ro code   0x800'a160    0x66  ABImemset.o [12]
  .text              ro code   0x800'a1c8    0x1e  stm32l4xx_hal.o [5]
  .text              ro code   0x800'a1e8   0x13a  gpio.o [2]
  .text              ro code   0x800'a324   0x114  spi.o [2]
  .text              ro code   0x800'a438    0xe0  usart.o [2]
  .text              ro code   0x800'a518    0xac  opamp.o [2]
  .text              ro code   0x800'a5c4    0x88  rtc.o [2]
  .text              ro code   0x800'a64c   0x1e4  bsp.o [7]
  .text              ro code   0x800'a830   0x198  PWR.o [4]
  .text              ro code   0x800'a9c8   0x21c  epd_gui.o [9]
  .text              ro code   0x800'abe4    0x28  stm32l4xx_hal.o [5]
  .text              ro code   0x800'ac0c    0x28  printf.o [10]
  .text              ro code   0x800'ac34   0x5f4  stm32l4xx_hal_uart.o [5]
  .text              ro code   0x800'b228     0x6  ABImemclr4.o [12]
  .text              ro code   0x800'b230    0xac  stm32l4xx_hal_pwr_ex.o [5]
  .text              ro code   0x800'b2dc   0x734  stm32l4xx_hal_rcc.o [5]
  .text              ro code   0x800'ba10    0xc4  stm32l4xx_hal_cortex.o [5]
  .text              ro code   0x800'bad4    0x44  stm32l4xx_hal.o [5]
  .text              ro code   0x800'bb18    0x30  stm32l4xx_hal_msp.o [2]
  .text              ro code   0x800'bb48   0x2e4  stm32l4xx_hal_gpio.o [5]
  .text              ro code   0x800'be2c   0x4c8  stm32l4xx_hal_spi.o [5]
  .text              ro code   0x800'c2f4   0x18c  stm32l4xx_hal_opamp.o [5]
  .text              ro code   0x800'c480   0x16c  stm32l4xx_hal_rtc.o [5]
  .text              ro code   0x800'c5ec   0x1a0  stm32l4xx_hal_rtc_ex.o [5]
  .text              ro code   0x800'c78c   0x106  battery.o [6]
  .text              ro code   0x800'c894   0x468  epd.o [9]
  .text              ro code   0x800'ccfc    0x48  FltToDbl.o [11]
  .text              ro code   0x800'cd44    0x40  sprintf.o [10]
  .text              ro code   0x800'cd84    0x32  ABImemset48.o [12]
  .text              ro code   0x800'cdb6     0x2  stm32l4xx_hal_rtc_ex.o [5]
  .text              ro code   0x800'cdb8    0x94  stm32l4xx_hal_adc_ex.o [5]
  .text              ro code   0x800'ce4c    0x68  DblToFlt.o [11]
  .text              ro code   0x800'ceb4    0x44  putchar.o [10]
  .text              ro code   0x800'cef8    0x30  write.o [2]
  .text              ro code   0x800'cf28    0x38  zero_init3.o [12]
  .rodata            const     0x800'cf60    0x30  system_stm32l4xx.o [3]
  .text              ro code   0x800'cf90    0x28  data_init.o [12]
  .text              ro code   0x800'cfb8    0x22  fpinit_M.o [11]
  .iar.init_table    const     0x800'cfdc    0x20  - Linker created -
  .text              ro code   0x800'cffc    0x20  stm32l4xx_it.o [2]
  .text              ro code   0x800'd01c    0x10  stm32l4xx_hal.o [5]
  .text              ro code   0x800'd02c    0x20  system_stm32l4xx.o [3]
  .text              ro code   0x800'd04c    0x1e  cmain.o [12]
  .text              ro code   0x800'd06a     0x4  low_level_init.o [10]
  .text              ro code   0x800'd06e     0x4  exit.o [10]
  .text              ro code   0x800'd074     0xa  cexit.o [12]
  .text              ro code   0x800'd080    0x1c  cstartup_M.o [12]
  .text              ro code   0x800'd09c    0x16  xprout.o [10]
  .text              ro code   0x800'd0b4    0x10  startup_stm32l431xx.o [1]
  .rodata            const     0x800'd0c4     0x8  system_stm32l4xx.o [3]
  .text              ro code   0x800'd0cc     0x4  startup_stm32l431xx.o [1]
  .text              ro code   0x800'd0d0     0x4  startup_stm32l431xx.o [1]
  .text              ro code   0x800'd0d4     0x4  startup_stm32l431xx.o [1]
  .text              ro code   0x800'd0d8     0x4  startup_stm32l431xx.o [1]
  .text              ro code   0x800'd0dc     0x4  startup_stm32l431xx.o [1]
  .text              ro code   0x800'd0e0     0x4  startup_stm32l431xx.o [1]
  .text              ro code   0x800'd0e4     0x4  startup_stm32l431xx.o [1]
  .text              ro code   0x800'd0e8     0x4  startup_stm32l431xx.o [1]
  .text              ro code   0x800'd0ec     0x4  startup_stm32l431xx.o [1]
  .text              ro code   0x800'd0f0     0x4  startup_stm32l431xx.o [1]
  .text              ro code   0x800'd0f4     0x4  startup_stm32l431xx.o [1]
  .text              ro code   0x800'd0f8     0x4  startup_stm32l431xx.o [1]
  .text              ro code   0x800'd0fc     0x4  startup_stm32l431xx.o [1]
  .text              ro code   0x800'd100     0x4  startup_stm32l431xx.o [1]
  .text              ro code   0x800'd104     0x4  startup_stm32l431xx.o [1]
  .text              ro code   0x800'd108     0x4  startup_stm32l431xx.o [1]
  .text              ro code   0x800'd10c     0x4  startup_stm32l431xx.o [1]
  .text              ro code   0x800'd110     0x4  startup_stm32l431xx.o [1]
  .text              ro code   0x800'd114     0x4  startup_stm32l431xx.o [1]
  .text              ro code   0x800'd118     0x4  startup_stm32l431xx.o [1]
  .text              ro code   0x800'd11c     0x4  startup_stm32l431xx.o [1]
  .text              ro code   0x800'd120     0x4  startup_stm32l431xx.o [1]
  .text              ro code   0x800'd124     0x4  startup_stm32l431xx.o [1]
  .text              ro code   0x800'd128     0x4  startup_stm32l431xx.o [1]
  .text              ro code   0x800'd12c     0x4  startup_stm32l431xx.o [1]
  .text              ro code   0x800'd130     0x4  startup_stm32l431xx.o [1]
  .text              ro code   0x800'd134     0x4  startup_stm32l431xx.o [1]
  .text              ro code   0x800'd138     0x4  startup_stm32l431xx.o [1]
  .text              ro code   0x800'd13c     0x4  startup_stm32l431xx.o [1]
  .text              ro code   0x800'd140     0x4  startup_stm32l431xx.o [1]
  .text              ro code   0x800'd144     0x4  startup_stm32l431xx.o [1]
  .text              ro code   0x800'd148     0x4  startup_stm32l431xx.o [1]
  .text              ro code   0x800'd14c     0x4  startup_stm32l431xx.o [1]
  .text              ro code   0x800'd150     0x4  startup_stm32l431xx.o [1]
  .text              ro code   0x800'd154     0x4  startup_stm32l431xx.o [1]
  .text              ro code   0x800'd158     0x4  startup_stm32l431xx.o [1]
  .text              ro code   0x800'd15c     0x4  startup_stm32l431xx.o [1]
  .text              ro code   0x800'd160     0x4  startup_stm32l431xx.o [1]
  .text              ro code   0x800'd164     0x4  startup_stm32l431xx.o [1]
  .text              ro code   0x800'd168     0x4  startup_stm32l431xx.o [1]
  .text              ro code   0x800'd16c     0x4  startup_stm32l431xx.o [1]
  .text              ro code   0x800'd170     0x4  startup_stm32l431xx.o [1]
  .text              ro code   0x800'd174     0x4  startup_stm32l431xx.o [1]
  .text              ro code   0x800'd178     0x4  startup_stm32l431xx.o [1]
  .text              ro code   0x800'd17c     0x4  startup_stm32l431xx.o [1]
  .text              ro code   0x800'd180     0x4  startup_stm32l431xx.o [1]
  .text              ro code   0x800'd184     0x4  startup_stm32l431xx.o [1]
  .text              ro code   0x800'd188     0x4  startup_stm32l431xx.o [1]
  .text              ro code   0x800'd18c     0x4  startup_stm32l431xx.o [1]
  .text              ro code   0x800'd190     0x4  startup_stm32l431xx.o [1]
  .text              ro code   0x800'd194     0x4  startup_stm32l431xx.o [1]
  .text              ro code   0x800'd198     0x4  startup_stm32l431xx.o [1]
  .text              ro code   0x800'd19c     0x4  startup_stm32l431xx.o [1]
  .text              ro code   0x800'd1a0     0x4  startup_stm32l431xx.o [1]
  .text              ro code   0x800'd1a4     0x4  startup_stm32l431xx.o [1]
  .text              ro code   0x800'd1a8     0x4  startup_stm32l431xx.o [1]
  .text              ro code   0x800'd1ac     0x4  startup_stm32l431xx.o [1]
  .text              ro code   0x800'd1b0     0x4  startup_stm32l431xx.o [1]
  .text              ro code   0x800'd1b4     0x4  startup_stm32l431xx.o [1]
  .text              ro code   0x800'd1b8     0x4  startup_stm32l431xx.o [1]
  .text              ro code   0x800'd1bc     0x4  startup_stm32l431xx.o [1]
  .text              ro code   0x800'd1c0     0x4  startup_stm32l431xx.o [1]
  .text              ro code   0x800'd1c4     0x4  startup_stm32l431xx.o [1]
  .rodata            const     0x800'd1c8     0x0  zero_init3.o [12]
  .rodata            const     0x800'd1c8     0x0  lz77_init_single.o [12]
  Initializer bytes  const     0x800'd1c8   0xb13  <for P2-1>
                             - 0x800'dcdb  0xdb4f

"P2", part 1 of 3:                         0x1300
  P2-1                        0x2000'0000  0x1300  <Init block>
    .data            inited   0x2000'0000  0x1270  element.o [8]
    .data            inited   0x2000'1270     0xc  stm32l4xx_hal.o [5]
    .data            inited   0x2000'127c     0x4  system_stm32l4xx.o [3]
    .data            inited   0x2000'1280    0x38  xlocale_c.o [10]
    .data            inited   0x2000'12b8    0x48  xfiles.o [10]
                            - 0x2000'1300  0x1300

"P2", part 2 of 3:                          0x220
  .bss               zero     0x2000'1300    0x88  usart.o [2]
  .bss               zero     0x2000'1388    0x64  adc.o [2]
  .bss               zero     0x2000'13ec    0x64  spi.o [2]
  .bss               zero     0x2000'1450    0x50  xfiles.o [10]
  .bss               zero     0x2000'14a0    0x34  opamp.o [2]
  .bss               zero     0x2000'14d4    0x24  epd.o [9]
  .bss               zero     0x2000'14f8    0x24  rtc.o [2]
  .bss               zero     0x2000'151c     0x4  xfail_s.o [10]
                            - 0x2000'1520   0x220

"P2", part 3 of 3:                         0x2000
  CSTACK                      0x2000'1520  0x2000  <Block>
    CSTACK           uninit   0x2000'1520  0x2000  <Block tail>
                            - 0x2000'3520  0x2000

Unused ranges:

         From           To      Size
         ----           --      ----
   0x800'dcdb   0x803'ffff  0x3'2325
  0x2000'3520  0x2000'ffff    0xcae0


*******************************************************************************
*** INIT TABLE
***

          Address      Size
          -------      ----
Zero (__iar_zero_init3)
    1 destination range, total size 0x220:
          0x2000'1300   0x220

Copy/lz77 (__iar_lz77_init_single3)
    1 source range, total size 0xb13 (58% of destination):
           0x800'd1c8   0xb13
    1 destination range, total size 0x1300:
          0x2000'0000  0x1300



*******************************************************************************
*** MODULE SUMMARY
***

    Module                  ro code  ro data  rw data
    ------                  -------  -------  -------
command line/config:
    -------------------------------------------------
    Total:

E:\eElements\2.Firmware\eElements\EWARM\eElements\Obj\Application\EWARM: [1]
    startup_stm32l431xx.o       664
    -------------------------------------------------
    Total:                      664

E:\eElements\2.Firmware\eElements\EWARM\eElements\Obj\Application\User\Core: [2]
    adc.o                       228               100
    gpio.o                      314
    main.o                      324
    opamp.o                     172                52
    rtc.o                       136                36
    spi.o                       276               100
    stm32l4xx_hal_msp.o          48
    stm32l4xx_it.o               32
    usart.o                     224               136
    write.o                      48
    -------------------------------------------------
    Total:                    1'802               424

E:\eElements\2.Firmware\eElements\EWARM\eElements\Obj\Drivers\CMSIS: [3]
    system_stm32l4xx.o           32       58        4
    -------------------------------------------------
    Total:                       32       58        4

E:\eElements\2.Firmware\eElements\EWARM\eElements\Obj\Drivers\PWR: [4]
    PWR.o                       408
    -------------------------------------------------
    Total:                      408

E:\eElements\2.Firmware\eElements\EWARM\eElements\Obj\Drivers\STM32L4xx_HAL_Driver: [5]
    stm32l4xx_hal.o             166        7       12
    stm32l4xx_hal_adc.o       2'676
    stm32l4xx_hal_adc_ex.o      148
    stm32l4xx_hal_cortex.o      196
    stm32l4xx_hal_gpio.o        740
    stm32l4xx_hal_opamp.o       396
    stm32l4xx_hal_pwr_ex.o      172
    stm32l4xx_hal_rcc.o       1'844
    stm32l4xx_hal_rcc_ex.o      892
    stm32l4xx_hal_rtc.o         364
    stm32l4xx_hal_rtc_ex.o      418
    stm32l4xx_hal_spi.o       1'224
    stm32l4xx_hal_uart.o      1'524
    -------------------------------------------------
    Total:                   10'760        7       12

E:\eElements\2.Firmware\eElements\EWARM\eElements\Obj\Drivers\battery: [6]
    battery.o                   262
    -------------------------------------------------
    Total:                      262

E:\eElements\2.Firmware\eElements\EWARM\eElements\Obj\Drivers\bsp: [7]
    bsp.o                       484
    -------------------------------------------------
    Total:                      484

E:\eElements\2.Firmware\eElements\EWARM\eElements\Obj\Drivers\element: [8]
    element.o                          2'751    4'720
    -------------------------------------------------
    Total:                             2'751    4'720

E:\eElements\2.Firmware\eElements\EWARM\eElements\Obj\Drivers\epd: [9]
    epd.o                     1'128   30'028       36
    epd_gui.o                   540
    -------------------------------------------------
    Total:                    1'668   30'028       36

dl7M_tlf.a: [10]
    abort.o                       6
    exit.o                        4
    low_level_init.o              4
    printf.o                     40
    putchar.o                    68
    sprintf.o                    64
    xfail_s.o                    64                 4
    xfiles.o                              42      152
    xlocale_c.o                   8       36       56
    xprintffull_nomb.o        3'754
    xprout.o                     22
    xsprout.o                    10
    -------------------------------------------------
    Total:                    4'044       78      212

m7M_tls.a: [11]
    DblAddSub.o                 590
    DblCmpGe.o                   52
    DblCmpLe.o                   52
    DblDiv.o                    582
    DblMul.o                    426
    DblToFlt.o                  104
    DblToS32.o                   54
    DblToU32.o                   34
    FltToDbl.o                   72
    S32ToDbl.o                   34
    U32ToDbl.o                   28
    fpinit_M.o                   34
    frexp.o                     112
    ldexp.o                     314
    -------------------------------------------------
    Total:                    2'488

rt7M_tl.a: [12]
    ABImemclr4.o                  6
    ABImemcpy_small.o            24
    ABImemset.o                 102
    ABImemset48.o                50
    I64DivMod_small.o           262
    I64DivZer.o                   2
    cexit.o                      10
    cmain.o                      30
    cstartup_M.o                 28
    data_init.o                  40
    lz77_init_single.o          126
    memchr.o                     88
    memset.o                     20
    strchr.o                     22
    strlen.o                     54
    zero_init3.o                 56
    -------------------------------------------------
    Total:                      920

shb_l.a: [13]
    exit.o                       20
    -------------------------------------------------
    Total:                       20

    Gaps                         31        2
    Linker created                        32    8'192
-----------------------------------------------------
    Grand Total:             23'583   32'956   13'600


*******************************************************************************
*** ENTRY LIST
***

Entry                       Address    Size  Type      Object
-----                       -------    ----  ----      ------
.iar.init_table$$Base    0x800'cfdc           --   Gb  - Linker created -
.iar.init_table$$Limit   0x800'cffc           --   Gb  - Linker created -
?main                    0x800'd04d          Code  Gb  cmain.o [12]
ADC1_IRQHandler          0x800'd111          Code  Wk  startup_stm32l431xx.o [1]
ADC_ConversionStop       0x800'999f    0xb6  Code  Gb  stm32l4xx_hal_adc.o [5]
ADC_Disable              0x800'9af9    0x70  Code  Gb  stm32l4xx_hal_adc.o [5]
ADC_Enable               0x800'9a55    0x80  Code  Gb  stm32l4xx_hal_adc.o [5]
AHBPrescTable            0x800'd03c    0x10  Data  Gb  system_stm32l4xx.o [3]
APBPrescTable            0x800'd0c4     0x8  Data  Gb  system_stm32l4xx.o [3]
BAT_GPIO_Deinit          0x800'a80f    0x10  Code  Gb  bsp.o [7]
BAT_GPIO_Init            0x800'a7f7    0x18  Code  Gb  bsp.o [7]
Bat_GetMode              0x800'c815    0x6c  Code  Gb  battery.o [6]
Bat_GetVoltage           0x800'c78d    0x76  Code  Gb  battery.o [6]
Bat_ReadChrg             0x800'c881     0x6  Code  Gb  battery.o [6]
Bat_ReadStdby            0x800'c887     0x4  Code  Gb  battery.o [6]
BusFault_Handler         0x800'd003     0x2  Code  Gb  stm32l4xx_it.o [2]
CAN1_RX0_IRQHandler      0x800'd119          Code  Wk  startup_stm32l431xx.o [1]
CAN1_RX1_IRQHandler      0x800'd11d          Code  Wk  startup_stm32l431xx.o [1]
CAN1_SCE_IRQHandler      0x800'd121          Code  Wk  startup_stm32l431xx.o [1]
CAN1_TX_IRQHandler       0x800'd115          Code  Wk  startup_stm32l431xx.o [1]
COMP_IRQHandler          0x800'd18d          Code  Wk  startup_stm32l431xx.o [1]
CRS_IRQHandler           0x800'd1c5          Code  Wk  startup_stm32l431xx.o [1]
CSTACK$$Base            0x2000'1520           --   Gb  - Linker created -
CSTACK$$Limit           0x2000'3520           --   Gb  - Linker created -
DMA1_Channel1_IRQHandler
                         0x800'd0f5          Code  Wk  startup_stm32l431xx.o [1]
DMA1_Channel2_IRQHandler
                         0x800'd0f9          Code  Wk  startup_stm32l431xx.o [1]
DMA1_Channel3_IRQHandler
                         0x800'd0fd          Code  Wk  startup_stm32l431xx.o [1]
DMA1_Channel4_IRQHandler
                         0x800'd101          Code  Wk  startup_stm32l431xx.o [1]
DMA1_Channel5_IRQHandler
                         0x800'd105          Code  Wk  startup_stm32l431xx.o [1]
DMA1_Channel6_IRQHandler
                         0x800'd109          Code  Wk  startup_stm32l431xx.o [1]
DMA1_Channel7_IRQHandler
                         0x800'd10d          Code  Wk  startup_stm32l431xx.o [1]
DMA2_Channel1_IRQHandler
                         0x800'd179          Code  Wk  startup_stm32l431xx.o [1]
DMA2_Channel2_IRQHandler
                         0x800'd17d          Code  Wk  startup_stm32l431xx.o [1]
DMA2_Channel3_IRQHandler
                         0x800'd181          Code  Wk  startup_stm32l431xx.o [1]
DMA2_Channel4_IRQHandler
                         0x800'd185          Code  Wk  startup_stm32l431xx.o [1]
DMA2_Channel5_IRQHandler
                         0x800'd189          Code  Wk  startup_stm32l431xx.o [1]
DMA2_Channel6_IRQHandler
                         0x800'd199          Code  Wk  startup_stm32l431xx.o [1]
DMA2_Channel7_IRQHandler
                         0x800'd19d          Code  Wk  startup_stm32l431xx.o [1]
DebugMon_Handler         0x800'd009     0x2  Code  Gb  stm32l4xx_it.o [2]
EPD_Clear                0x800'ca4f    0x28  Code  Gb  epd.o [9]
EPD_Deinit               0x800'a75f    0x10  Code  Gb  bsp.o [7]
EPD_Display              0x800'ca7d    0x22  Code  Gb  epd.o [9]
EPD_DrawAtomicMass       0x800'ab35    0x38  Code  Gb  epd_gui.o [9]
EPD_DrawAtomicNameCN     0x800'ab21    0x14  Code  Gb  epd_gui.o [9]
EPD_DrawAtomicNameEN     0x800'ab0d     0xc  Code  Gb  epd_gui.o [9]
EPD_DrawAtomicNum        0x800'aac9    0x2c  Code  Gb  epd_gui.o [9]
EPD_DrawAtomicSymbol     0x800'aaff     0xe  Code  Gb  epd_gui.o [9]
EPD_DrawElectronShell    0x800'ab6d    0x38  Code  Gb  epd_gui.o [9]
EPD_DrawEmpty            0x800'aa51    0x1c  Code  Gb  epd_gui.o [9]
EPD_DrawFrame            0x800'a9c9    0x82  Code  Gb  epd_gui.o [9]
EPD_DrawLowVoltage       0x800'aa6d    0x3a  Code  Gb  epd_gui.o [9]
EPD_DrawPoint            0x800'ca77     0x6  Code  Gb  epd.o [9]
EPD_GPIO_Deinit          0x800'a6e7    0x46  Code  Gb  bsp.o [7]
EPD_GPIO_Init            0x800'a68b    0x42  Code  Gb  bsp.o [7]
EPD_GUIInit              0x800'c8ff    0xb8  Code  Gb  epd.o [9]
EPD_Init                 0x800'a751     0xe  Code  Gb  bsp.o [7]
EPD_Pow                  0x800'cbad    0x12  Code  Gb  epd.o [9]
EPD_ShowChar             0x800'ca9f    0xda  Code  Gb  epd.o [9]
EPD_ShowChinese          0x800'cc1d    0xb8  Code  Gb  epd.o [9]
EPD_ShowNum              0x800'cbbf    0x5e  Code  Gb  epd.o [9]
EPD_ShowString           0x800'cb7f    0x2e  Code  Gb  epd.o [9]
EPD_Update               0x800'c8e5    0x1a  Code  Gb  epd.o [9]
EPD_WR_Bus               0x800'c895    0x14  Code  Gb  epd.o [9]
EPD_WR_DATA8             0x800'c8cf     0x2  Code  Gb  epd.o [9]
EPD_WR_REG               0x800'c8a9    0x26  Code  Gb  epd.o [9]
EXTI0_IRQHandler         0x800'd0e1          Code  Wk  startup_stm32l431xx.o [1]
EXTI15_10_IRQHandler     0x800'd161          Code  Wk  startup_stm32l431xx.o [1]
EXTI1_IRQHandler         0x800'd0e5          Code  Wk  startup_stm32l431xx.o [1]
EXTI2_IRQHandler         0x800'd0e9          Code  Wk  startup_stm32l431xx.o [1]
EXTI3_IRQHandler         0x800'd0ed          Code  Wk  startup_stm32l431xx.o [1]
EXTI4_IRQHandler         0x800'd0f1          Code  Wk  startup_stm32l431xx.o [1]
EXTI9_5_IRQHandler       0x800'd125          Code  Wk  startup_stm32l431xx.o [1]
Epaper_READBUSY          0x800'c8d1    0x14  Code  Gb  epd.o [9]
Error_Handler            0x800'9dd3     0x4  Code  Gb  main.o [2]
FLASH_IRQHandler         0x800'd0d9          Code  Wk  startup_stm32l431xx.o [1]
FPU_IRQHandler           0x800'd1c1          Code  Wk  startup_stm32l431xx.o [1]
HAL_ADCEx_Calibration_Start
                         0x800'cdb9    0x8a  Code  Gb  stm32l4xx_hal_adc_ex.o [5]
HAL_ADC_ConfigChannel    0x800'9615   0x324  Code  Gb  stm32l4xx_hal_adc.o [5]
HAL_ADC_DeInit           0x800'9305   0x164  Code  Gb  stm32l4xx_hal_adc.o [5]
HAL_ADC_GetValue         0x800'960d     0x6  Code  Gb  stm32l4xx_hal_adc.o [5]
HAL_ADC_Init             0x800'917b   0x18a  Code  Gb  stm32l4xx_hal_adc.o [5]
HAL_ADC_MspDeInit        0x800'9c5b    0x14  Code  Gb  adc.o [2]
HAL_ADC_MspInit          0x800'9c13    0x48  Code  Gb  adc.o [2]
HAL_ADC_PollForConversion
                         0x800'94df    0xba  Code  Gb  stm32l4xx_hal_adc.o [5]
HAL_ADC_Start            0x800'946f    0x50  Code  Gb  stm32l4xx_hal_adc.o [5]
HAL_ADC_Stop             0x800'94bf    0x20  Code  Gb  stm32l4xx_hal_adc.o [5]
HAL_Delay                0x800'abe5    0x28  Code  Wk  stm32l4xx_hal.o [5]
HAL_GPIO_DeInit          0x800'bcfb    0xfe  Code  Gb  stm32l4xx_hal_gpio.o [5]
HAL_GPIO_Init            0x800'bb49   0x1b2  Code  Gb  stm32l4xx_hal_gpio.o [5]
HAL_GPIO_ReadPin         0x800'bdf9     0xc  Code  Gb  stm32l4xx_hal_gpio.o [5]
HAL_GPIO_WritePin        0x800'be05     0xa  Code  Gb  stm32l4xx_hal_gpio.o [5]
HAL_GetTick              0x800'9c81     0xc  Code  Wk  stm32l4xx_hal.o [5]
HAL_IncTick              0x800'd01d    0x10  Code  Wk  stm32l4xx_hal.o [5]
HAL_Init                 0x800'a1c9    0x1e  Code  Gb  stm32l4xx_hal.o [5]
HAL_InitTick             0x800'bad5    0x44  Code  Wk  stm32l4xx_hal.o [5]
HAL_MspInit              0x800'bb19    0x30  Code  Gb  stm32l4xx_hal_msp.o [2]
HAL_NVIC_EnableIRQ       0x800'ba81    0x16  Code  Gb  stm32l4xx_hal_cortex.o [5]
HAL_NVIC_SetPriority     0x800'ba45    0x3a  Code  Gb  stm32l4xx_hal_cortex.o [5]
HAL_NVIC_SetPriorityGrouping
                         0x800'ba2b    0x1a  Code  Gb  stm32l4xx_hal_cortex.o [5]
HAL_OPAMP_DeInit         0x800'c3d1    0x36  Code  Gb  stm32l4xx_hal_opamp.o [5]
HAL_OPAMP_Init           0x800'c2f5    0xcc  Code  Gb  stm32l4xx_hal_opamp.o [5]
HAL_OPAMP_MspDeInit      0x800'a597    0x1e  Code  Gb  opamp.o [2]
HAL_OPAMP_MspInit        0x800'a53f    0x58  Code  Gb  opamp.o [2]
HAL_OPAMP_Start          0x800'c407    0x2a  Code  Gb  stm32l4xx_hal_opamp.o [5]
HAL_OPAMP_Stop           0x800'c431    0x30  Code  Gb  stm32l4xx_hal_opamp.o [5]
HAL_PWREx_ControlVoltageScaling
                         0x800'b23d    0x62  Code  Gb  stm32l4xx_hal_pwr_ex.o [5]
HAL_PWREx_EnterSTOP2Mode
                         0x800'b2a9    0x24  Code  Gb  stm32l4xx_hal_pwr_ex.o [5]
HAL_PWREx_GetVoltageRange
                         0x800'b231     0xc  Code  Gb  stm32l4xx_hal_pwr_ex.o [5]
HAL_RCCEx_PeriphCLKConfig
                         0x800'9de5   0x250  Code  Gb  stm32l4xx_hal_rcc_ex.o [5]
HAL_RCC_ClockConfig      0x800'b771    0xfa  Code  Gb  stm32l4xx_hal_rcc.o [5]
HAL_RCC_GetPCLK1Freq     0x800'b933    0x10  Code  Gb  stm32l4xx_hal_rcc.o [5]
HAL_RCC_GetPCLK2Freq     0x800'b943     0xe  Code  Gb  stm32l4xx_hal_rcc.o [5]
HAL_RCC_GetSysClockFreq
                         0x800'b8a1    0x92  Code  Gb  stm32l4xx_hal_rcc.o [5]
HAL_RCC_OscConfig        0x800'b2dd   0x45c  Code  Gb  stm32l4xx_hal_rcc.o [5]
HAL_RTCEx_DeactivateWakeUpTimer
                         0x800'c6b3    0x58  Code  Gb  stm32l4xx_hal_rtc_ex.o [5]
HAL_RTCEx_SetWakeUpTimer_IT
                         0x800'c5ed    0x88  Code  Gb  stm32l4xx_hal_rtc_ex.o [5]
HAL_RTCEx_WakeUpTimerEventCallback
                         0x800'cdb7     0x2  Code  Wk  stm32l4xx_hal_rtc_ex.o [5]
HAL_RTCEx_WakeUpTimerIRQHandler
                         0x800'c725    0x30  Code  Gb  stm32l4xx_hal_rtc_ex.o [5]
HAL_RTC_Init             0x800'c481    0xa4  Code  Gb  stm32l4xx_hal_rtc.o [5]
HAL_RTC_MspInit          0x800'a5f1    0x4e  Code  Gb  rtc.o [2]
HAL_RTC_WaitForSynchro   0x800'c525    0x2e  Code  Gb  stm32l4xx_hal_rtc.o [5]
HAL_SPI_DeInit           0x800'bf01    0x2a  Code  Gb  stm32l4xx_hal_spi.o [5]
HAL_SPI_Init             0x800'be2d    0xd4  Code  Gb  stm32l4xx_hal_spi.o [5]
HAL_SPI_MspDeInit        0x800'a3f7    0x2c  Code  Gb  spi.o [2]
HAL_SPI_MspInit          0x800'a369    0x8e  Code  Gb  spi.o [2]
HAL_SPI_Transmit         0x800'bf2b   0x16c  Code  Gb  stm32l4xx_hal_spi.o [5]
HAL_SYSTICK_Config       0x800'ba97    0x22  Code  Gb  stm32l4xx_hal_cortex.o [5]
HAL_UART_DeInit          0x800'acbd    0x3e  Code  Gb  stm32l4xx_hal_uart.o [5]
HAL_UART_Init            0x800'ac35    0x34  Code  Gb  stm32l4xx_hal_uart.o [5]
HAL_UART_MspDeInit       0x800'a4e9    0x20  Code  Gb  usart.o [2]
HAL_UART_MspInit         0x800'a46b    0x7e  Code  Gb  usart.o [2]
HAL_UART_Transmit        0x800'ad07    0x9a  Code  Gb  stm32l4xx_hal_uart.o [5]
HardFault_Handler        0x800'cfff     0x2  Code  Gb  stm32l4xx_it.o [2]
Hzk1                     0x800'7330   0x160  Data  Gb  epd.o [9]
Hzk2                     0x800'7490    0x48  Data  Gb  epd.o [9]
Hzk4                     0x800'74d8   0x200  Data  Gb  epd.o [9]
Hzk_e                    0x800'3fb0  0x3380  Data  Gb  epd.o [9]
I2C1_ER_IRQHandler       0x800'd141          Code  Wk  startup_stm32l431xx.o [1]
I2C1_EV_IRQHandler       0x800'd13d          Code  Wk  startup_stm32l431xx.o [1]
I2C2_ER_IRQHandler       0x800'd149          Code  Wk  startup_stm32l431xx.o [1]
I2C2_EV_IRQHandler       0x800'd145          Code  Wk  startup_stm32l431xx.o [1]
I2C3_ER_IRQHandler       0x800'd1ad          Code  Wk  startup_stm32l431xx.o [1]
I2C3_EV_IRQHandler       0x800'd1a9          Code  Wk  startup_stm32l431xx.o [1]
KEY_GPIO_Init            0x800'a76f    0x16  Code  Gb  bsp.o [7]
KEY_Hold                 0x800'a7cd    0x2a  Code  Gb  bsp.o [7]
KEY_Read                 0x800'a7b9    0x14  Code  Gb  bsp.o [7]
LL_ADC_GetOffsetChannel
                         0x800'9129     0xe  Code  Lc  stm32l4xx_hal_adc.o [5]
LL_ADC_REG_IsTriggerSourceSWStart
                         0x800'9149     0xe  Code  Lc  stm32l4xx_hal_adc.o [5]
LL_ADC_SetChannelSamplingTime
                         0x800'9157    0x24  Code  Lc  stm32l4xx_hal_adc.o [5]
LL_ADC_SetOffsetState    0x800'9137    0x12  Code  Lc  stm32l4xx_hal_adc.o [5]
LPTIM1_IRQHandler        0x800'd191          Code  Wk  startup_stm32l431xx.o [1]
LPTIM2_IRQHandler        0x800'd195          Code  Wk  startup_stm32l431xx.o [1]
LPUART1_IRQHandler       0x800'd1a1          Code  Wk  startup_stm32l431xx.o [1]
MSIRangeTable            0x800'cf60    0x30  Data  Gb  system_stm32l4xx.o [3]
MX_ADC1_Init             0x800'9b9d    0x76  Code  Gb  adc.o [2]
MX_GPIO_Init             0x800'a1e9   0x10c  Code  Gb  gpio.o [2]
MX_OPAMP1_Init           0x800'a519    0x26  Code  Gb  opamp.o [2]
MX_RTC_Init              0x800'a5c5    0x2c  Code  Gb  rtc.o [2]
MX_SPI1_Init             0x800'a325    0x44  Code  Gb  spi.o [2]
MX_USART1_UART_Init      0x800'a439    0x32  Code  Gb  usart.o [2]
MemManage_Handler        0x800'd001     0x2  Code  Gb  stm32l4xx_it.o [2]
NMI_Handler              0x800'cffd     0x2  Code  Gb  stm32l4xx_it.o [2]
PVD_PVM_IRQHandler       0x800'd0d1          Code  Wk  startup_stm32l431xx.o [1]
PWR_DisableGPIOA         0x800'a831    0x2a  Code  Gb  PWR.o [4]
PWR_DisableGPIOB         0x800'a85b    0x2c  Code  Gb  PWR.o [4]
PWR_DisableGPIOC         0x800'a887    0x26  Code  Gb  PWR.o [4]
PWR_DisableGPIOH         0x800'a8cf    0x2c  Code  Gb  PWR.o [4]
PWR_EnterStop2Mode       0x800'a91f    0x52  Code  Gb  PWR.o [4]
PWR_LDO_GPIO_Init        0x800'a65d    0x2e  Code  Gb  bsp.o [7]
PWR_LDO_Off              0x800'a651     0x2  Code  Gb  bsp.o [7]
PWR_LDO_On               0x800'a64d     0x4  Code  Gb  bsp.o [7]
PWR_PowerEnough          0x800'a975    0x2a  Code  Gb  PWR.o [4]
Paint                   0x2000'14d4    0x24  Data  Gb  epd.o [9]
Paint_NewImage           0x800'c9bb    0x36  Code  Gb  epd.o [9]
Paint_SetPixel           0x800'c9f1    0x5e  Code  Gb  epd.o [9]
PendSV_Handler           0x800'd00b     0x2  Code  Gb  stm32l4xx_it.o [2]
QUADSPI_IRQHandler       0x800'd1a5          Code  Wk  startup_stm32l431xx.o [1]
RCCEx_PLLSAI1_Config     0x800'a03b    0xfa  Code  Lc  stm32l4xx_hal_rcc_ex.o [5]
RCC_IRQHandler           0x800'd0dd          Code  Wk  startup_stm32l431xx.o [1]
RCC_SetFlashLatencyFromMSIRange
                         0x800'b95b    0x74  Code  Lc  stm32l4xx_hal_rcc.o [5]
RNG_IRQHandler           0x800'd1bd          Code  Wk  startup_stm32l431xx.o [1]
RTC_Alarm_IRQHandler     0x800'd165          Code  Wk  startup_stm32l431xx.o [1]
RTC_EnterInitMode        0x800'c553    0x42  Code  Gb  stm32l4xx_hal_rtc.o [5]
RTC_ExitInitMode         0x800'c595    0x4c  Code  Gb  stm32l4xx_hal_rtc.o [5]
RTC_WKUP_IRQHandler      0x800'd011     0x6  Code  Gb  stm32l4xx_it.o [2]
Region$$Table$$Base      0x800'cfdc           --   Gb  - Linker created -
Region$$Table$$Limit     0x800'cffc           --   Gb  - Linker created -
Reset_Handler            0x800'd0b5          Code  Wk  startup_stm32l431xx.o [1]
SAI1_IRQHandler          0x800'd1b1          Code  Wk  startup_stm32l431xx.o [1]
SDMMC1_IRQHandler        0x800'd169          Code  Wk  startup_stm32l431xx.o [1]
SPI1_IRQHandler          0x800'd14d          Code  Wk  startup_stm32l431xx.o [1]
SPI2_IRQHandler          0x800'd151          Code  Wk  startup_stm32l431xx.o [1]
SPI3_IRQHandler          0x800'd16d          Code  Wk  startup_stm32l431xx.o [1]
SPI_EndRxTxTransaction   0x800'c2a7    0x2e  Code  Lc  stm32l4xx_hal_spi.o [5]
SPI_WaitFifoStateUntilTimeout
                         0x800'c1af    0xd4  Code  Lc  stm32l4xx_hal_spi.o [5]
SPI_WaitFlagStateUntilTimeout
                         0x800'c0f9    0xb6  Code  Lc  stm32l4xx_hal_spi.o [5]
SVC_Handler              0x800'd007     0x2  Code  Gb  stm32l4xx_it.o [2]
SWPMI1_IRQHandler        0x800'd1b5          Code  Wk  startup_stm32l431xx.o [1]
SysTick_Handler          0x800'd00d     0x4  Code  Gb  stm32l4xx_it.o [2]
SystemClock_Config       0x800'9d71    0x62  Code  Gb  main.o [2]
SystemCoreClock         0x2000'127c     0x4  Data  Gb  system_stm32l4xx.o [3]
SystemInit               0x800'd02d     0xc  Code  Gb  system_stm32l4xx.o [3]
TAMP_STAMP_IRQHandler    0x800'd0d5          Code  Wk  startup_stm32l431xx.o [1]
TIM1_BRK_TIM15_IRQHandler
                         0x800'd129          Code  Wk  startup_stm32l431xx.o [1]
TIM1_CC_IRQHandler       0x800'd135          Code  Wk  startup_stm32l431xx.o [1]
TIM1_TRG_COM_IRQHandler
                         0x800'd131          Code  Wk  startup_stm32l431xx.o [1]
TIM1_UP_TIM16_IRQHandler
                         0x800'd12d          Code  Wk  startup_stm32l431xx.o [1]
TIM2_IRQHandler          0x800'd139          Code  Wk  startup_stm32l431xx.o [1]
TIM6_DAC_IRQHandler      0x800'd171          Code  Wk  startup_stm32l431xx.o [1]
TIM7_IRQHandler          0x800'd175          Code  Wk  startup_stm32l431xx.o [1]
TSC_IRQHandler           0x800'd1b9          Code  Wk  startup_stm32l431xx.o [1]
UART_AdvFeatureConfig    0x800'afb5    0xc6  Code  Gb  stm32l4xx_hal_uart.o [5]
UART_CheckIdleState      0x800'b07b    0x8e  Code  Gb  stm32l4xx_hal_uart.o [5]
UART_EndRxTransfer       0x800'b1a1    0x22  Code  Lc  stm32l4xx_hal_uart.o [5]
UART_SetConfig           0x800'adcd   0x1e2  Code  Gb  stm32l4xx_hal_uart.o [5]
UART_WaitOnFlagUntilTimeout
                         0x800'b115    0x8c  Code  Gb  stm32l4xx_hal_uart.o [5]
USART1_IRQHandler        0x800'd155          Code  Wk  startup_stm32l431xx.o [1]
USART2_IRQHandler        0x800'd159          Code  Wk  startup_stm32l431xx.o [1]
USART3_IRQHandler        0x800'd15d          Code  Wk  startup_stm32l431xx.o [1]
UsageFault_Handler       0x800'd005     0x2  Code  Gb  stm32l4xx_it.o [2]
WWDG_IRQHandler          0x800'd0cd          Code  Wk  startup_stm32l431xx.o [1]
_LC                      0x800'76d9     0x6  Code  Lc  xprintffull_nomb.o [10]
_LitobFullNoMb           0x800'83a1   0x114  Code  Lc  xprintffull_nomb.o [10]
_Locale_lconv           0x2000'1280    0x38  Data  Lc  xlocale_c.o [10]
_PrintfFullNoMb          0x800'76df   0xc92  Code  Gb  xprintffull_nomb.o [10]
_Prout                   0x800'd09d    0x16  Code  Gb  xprout.o [10]
_PutcharsFullNoMb        0x800'850d    0x2e  Code  Lc  xprintffull_nomb.o [10]
_SProut                  0x800'8617     0xa  Code  Gb  xsprout.o [10]
__NVIC_SetPriority       0x800'ba11    0x1a  Code  Lc  stm32l4xx_hal_cortex.o [5]
__aeabi_cdcmple          0x800'8779          Code  Gb  DblCmpLe.o [11]
__aeabi_cdrcmple         0x800'87ad          Code  Gb  DblCmpGe.o [11]
__aeabi_d2f              0x800'ce4d          Code  Gb  DblToFlt.o [11]
__aeabi_d2iz             0x800'891d          Code  Gb  DblToS32.o [11]
__aeabi_d2uiz            0x800'8e11          Code  Gb  DblToU32.o [11]
__aeabi_ddiv             0x800'8bc9          Code  Gb  DblDiv.o [11]
__aeabi_dmul             0x800'8e51          Code  Gb  DblMul.o [11]
__aeabi_dsub             0x800'8ae5          Code  Gb  DblAddSub.o [11]
__aeabi_f2d              0x800'ccfd          Code  Gb  FltToDbl.o [11]
__aeabi_i2d              0x800'8955          Code  Gb  S32ToDbl.o [11]
__aeabi_ldiv0            0x800'9111          Code  Gb  I64DivZer.o [12]
__aeabi_memclr4          0x800'b229          Code  Gb  ABImemclr4.o [12]
__aeabi_memset           0x800'a161          Code  Gb  ABImemset.o [12]
__aeabi_ui2d             0x800'8e35          Code  Gb  U32ToDbl.o [11]
__cmain                  0x800'd04d          Code  Gb  cmain.o [12]
__exit                   0x800'9115    0x14  Code  Gb  exit.o [13]
__iar_Fail_s             0x800'8621    0x1c  Code  Gb  xfail_s.o [10]
__iar_Memchr             0x800'8699          Code  Gb  memchr.o [12]
__iar_Memset             0x800'a161          Code  Gb  ABImemset.o [12]
__iar_Memset4_word       0x800'cd85          Code  Gb  ABImemset48.o [12]
__iar_Memset8_word       0x800'cd85          Code  Gb  ABImemset48.o [12]
__iar_Memset_word        0x800'a169          Code  Gb  ABImemset.o [12]
__iar_Stdout            0x2000'12b8    0x48  Data  Gb  xfiles.o [10]
__iar_Strchr             0x800'8601          Code  Gb  strchr.o [12]
__iar_data_init3         0x800'cf91    0x28  Code  Gb  data_init.o [12]
__iar_frexp              0x800'8715          Code  Gb  frexp.o [11]
__iar_frexpl             0x800'8715          Code  Gb  frexp.o [11]
__iar_init_vfp           0x800'cfb9          Code  Gb  fpinit_M.o [11]
__iar_ldexp64            0x800'87e1          Code  Gb  ldexp.o [11]
__iar_lz77_init_single3
                         0x800'8583    0x7e  Code  Gb  lz77_init_single.o [12]
__iar_program_start      0x800'd081          Code  Gb  cstartup_M.o [12]
__iar_scalbln64          0x800'87e1          Code  Gb  ldexp.o [11]
__iar_scalbn64           0x800'87e1          Code  Gb  ldexp.o [11]
__iar_small_Memcpy       0x800'86f5          Code  Gb  ABImemcpy_small.o [12]
__iar_small_memcpy       0x800'86f1          Code  Gb  ABImemcpy_small.o [12]
__iar_small_memcpy4      0x800'86f1          Code  Gb  ABImemcpy_small.o [12]
__iar_small_memcpy8      0x800'86f1          Code  Gb  ABImemcpy_small.o [12]
__iar_small_uldivmod     0x800'9005          Code  Gb  I64DivMod_small.o [12]
__iar_softfp___iar_frexp64
                         0x800'8709          Code  Gb  frexp.o [11]
__iar_softfp_frexp       0x800'8709          Code  Gb  frexp.o [11]
__iar_softfp_frexpl      0x800'8709          Code  Gb  frexp.o [11]
__iar_zero_init3         0x800'cf29    0x38  Code  Gb  zero_init3.o [12]
__low_level_init         0x800'd06b     0x4  Code  Gb  low_level_init.o [10]
__vector_table           0x800'0000          Data  Gb  startup_stm32l431xx.o [1]
__write                  0x800'cef9    0x30  Code  Gb  write.o [2]
_call_main               0x800'd059          Code  Gb  cmain.o [12]
_exit                    0x800'd075          Code  Gb  cexit.o [12]
abort                    0x800'910b     0x6  Code  Gb  abort.o [10]
asc2_0806                0x800'018c   0x228  Data  Gb  epd.o [9]
asc2_1206                0x800'03b4   0x474  Data  Gb  epd.o [9]
asc2_1608                0x800'0828   0x5f0  Data  Gb  epd.o [9]
asc2_2412                0x800'0e18   0xd5c  Data  Gb  epd.o [9]
asc2_5036                0x800'1b74  0x243c  Data  Gb  epd.o [9]
elementInfo             0x2000'0000  0x1270  Data  Gb  element.o [8]
exit                     0x800'd06f     0x4  Code  Gb  exit.o [10]
hadc1                   0x2000'1388    0x64  Data  Gb  adc.o [2]
hopamp1                 0x2000'14a0    0x34  Data  Gb  opamp.o [2]
hrtc                    0x2000'14f8    0x24  Data  Gb  rtc.o [2]
hspi1                   0x2000'13ec    0x64  Data  Gb  spi.o [2]
huart1                  0x2000'1300    0x88  Data  Gb  usart.o [2]
ldexp                    0x800'87e1          Code  Gb  ldexp.o [11]
ldexpl                   0x800'87e1          Code  Gb  ldexp.o [11]
localeconv               0x800'8ffd     0x4  Code  Gb  xlocale_c.o [10]
main                     0x800'9ca1    0xc6  Code  Gb  main.o [2]
memchr                   0x800'8699          Code  Gb  memchr.o [12]
memset                   0x800'9c8d    0x14  Code  Gb  memset.o [12]
obuf                    0x2000'1450    0x50  Data  Lc  xfiles.o [10]
printf                   0x800'ac0d    0x28  Code  Gb  printf.o [10]
putchar                  0x800'ceb5    0x44  Code  Gb  putchar.o [10]
scalbln                  0x800'87e1          Code  Gb  ldexp.o [11]
scalblnl                 0x800'87e1          Code  Gb  ldexp.o [11]
scalbn                   0x800'87e1          Code  Gb  ldexp.o [11]
scalbnl                  0x800'87e1          Code  Gb  ldexp.o [11]
scale                    0x800'84b5    0x46  Code  Lc  xprintffull_nomb.o [10]
sec_hand                0x2000'151c     0x4  Data  Lc  xfail_s.o [10]
sprintf                  0x800'cd45    0x40  Code  Gb  sprintf.o [10]
strchr                   0x800'8601          Code  Gb  strchr.o [12]
strlen                   0x800'8661          Code  Gb  strlen.o [12]
uwTick                  0x2000'1274     0x4  Data  Gb  stm32l4xx_hal.o [5]
uwTickFreq              0x2000'1270     0x1  Data  Gb  stm32l4xx_hal.o [5]
uwTickPrio              0x2000'1278     0x4  Data  Gb  stm32l4xx_hal.o [5]


[1] = E:\eElements\2.Firmware\eElements\EWARM\eElements\Obj\Application\EWARM
[2] = E:\eElements\2.Firmware\eElements\EWARM\eElements\Obj\Application\User\Core
[3] = E:\eElements\2.Firmware\eElements\EWARM\eElements\Obj\Drivers\CMSIS
[4] = E:\eElements\2.Firmware\eElements\EWARM\eElements\Obj\Drivers\PWR
[5] = E:\eElements\2.Firmware\eElements\EWARM\eElements\Obj\Drivers\STM32L4xx_HAL_Driver
[6] = E:\eElements\2.Firmware\eElements\EWARM\eElements\Obj\Drivers\battery
[7] = E:\eElements\2.Firmware\eElements\EWARM\eElements\Obj\Drivers\bsp
[8] = E:\eElements\2.Firmware\eElements\EWARM\eElements\Obj\Drivers\element
[9] = E:\eElements\2.Firmware\eElements\EWARM\eElements\Obj\Drivers\epd
[10] = dl7M_tlf.a
[11] = m7M_tls.a
[12] = rt7M_tl.a
[13] = shb_l.a

  23'583 bytes of readonly  code memory
  32'956 bytes of readonly  data memory
  13'600 bytes of readwrite data memory

Errors: none
Warnings: none
