###############################################################################
#
# IAR ELF Linker V9.30.1.335/W64 for ARM                  19/Mar/2024  14:28:18
# Copyright 2007-2022 IAR Systems AB.
#
#    Output file  =
#        E:\eElements\2.Firmware\eElements\EWARM\eElements\Exe\eElements.out
#    Map file     =
#        E:\eElements\2.Firmware\eElements\EWARM\eElements\List\eElements.map
#    Command line =
#        -f
#        E:\eElements\2.Firmware\eElements\EWARM\eElements\Exe\eElements.out.rsp
#        (E:\eElements\2.Firmware\eElements\EWARM\eElements\Obj\Application\User\Core\adc.o
#        E:\eElements\2.Firmware\eElements\EWARM\eElements\Obj\Drivers\battery\battery.o
#        E:\eElements\2.Firmware\eElements\EWARM\eElements\Obj\Drivers\bsp\bsp.o
#        E:\eElements\2.Firmware\eElements\EWARM\eElements\Obj\Drivers\element\element.o
#        E:\eElements\2.Firmware\eElements\EWARM\eElements\Obj\Drivers\epd\epd.o
#        E:\eElements\2.Firmware\eElements\EWARM\eElements\Obj\Drivers\epd\epd_gui.o
#        E:\eElements\2.Firmware\eElements\EWARM\eElements\Obj\Application\User\Core\gpio.o
#        E:\eElements\2.Firmware\eElements\EWARM\eElements\Obj\Application\User\Core\main.o
#        E:\eElements\2.Firmware\eElements\EWARM\eElements\Obj\Application\User\Core\opamp.o
#        E:\eElements\2.Firmware\eElements\EWARM\eElements\Obj\Drivers\PWR\PWR.o
#        E:\eElements\2.Firmware\eElements\EWARM\eElements\Obj\Application\User\Core\rtc.o
#        E:\eElements\2.Firmware\eElements\EWARM\eElements\Obj\Application\User\Core\spi.o
#        E:\eElements\2.Firmware\eElements\EWARM\eElements\Obj\Application\EWARM\startup_stm32l431xx.o
#        E:\eElements\2.Firmware\eElements\EWARM\eElements\Obj\Drivers\STM32L4xx_HAL_Driver\stm32l4xx_hal.o
#        E:\eElements\2.Firmware\eElements\EWARM\eElements\Obj\Drivers\STM32L4xx_HAL_Driver\stm32l4xx_hal_adc.o
#        E:\eElements\2.Firmware\eElements\EWARM\eElements\Obj\Drivers\STM32L4xx_HAL_Driver\stm32l4xx_hal_adc_ex.o
#        E:\eElements\2.Firmware\eElements\EWARM\eElements\Obj\Drivers\STM32L4xx_HAL_Driver\stm32l4xx_hal_cortex.o
#        E:\eElements\2.Firmware\eElements\EWARM\eElements\Obj\Drivers\STM32L4xx_HAL_Driver\stm32l4xx_hal_dma.o
#        E:\eElements\2.Firmware\eElements\EWARM\eElements\Obj\Drivers\STM32L4xx_HAL_Driver\stm32l4xx_hal_dma_ex.o
#        E:\eElements\2.Firmware\eElements\EWARM\eElements\Obj\Drivers\STM32L4xx_HAL_Driver\stm32l4xx_hal_exti.o
#        E:\eElements\2.Firmware\eElements\EWARM\eElements\Obj\Drivers\STM32L4xx_HAL_Driver\stm32l4xx_hal_flash.o
#        E:\eElements\2.Firmware\eElements\EWARM\eElements\Obj\Drivers\STM32L4xx_HAL_Driver\stm32l4xx_hal_flash_ex.o
#        E:\eElements\2.Firmware\eElements\EWARM\eElements\Obj\Drivers\STM32L4xx_HAL_Driver\stm32l4xx_hal_flash_ramfunc.o
#        E:\eElements\2.Firmware\eElements\EWARM\eElements\Obj\Drivers\STM32L4xx_HAL_Driver\stm32l4xx_hal_gpio.o
#        E:\eElements\2.Firmware\eElements\EWARM\eElements\Obj\Drivers\STM32L4xx_HAL_Driver\stm32l4xx_hal_i2c.o
#        E:\eElements\2.Firmware\eElements\EWARM\eElements\Obj\Drivers\STM32L4xx_HAL_Driver\stm32l4xx_hal_i2c_ex.o
#        E:\eElements\2.Firmware\eElements\EWARM\eElements\Obj\Application\User\Core\stm32l4xx_hal_msp.o
#        E:\eElements\2.Firmware\eElements\EWARM\eElements\Obj\Drivers\STM32L4xx_HAL_Driver\stm32l4xx_hal_opamp.o
#        E:\eElements\2.Firmware\eElements\EWARM\eElements\Obj\Drivers\STM32L4xx_HAL_Driver\stm32l4xx_hal_opamp_ex.o
#        E:\eElements\2.Firmware\eElements\EWARM\eElements\Obj\Drivers\STM32L4xx_HAL_Driver\stm32l4xx_hal_pwr.o
#        E:\eElements\2.Firmware\eElements\EWARM\eElements\Obj\Drivers\STM32L4xx_HAL_Driver\stm32l4xx_hal_pwr_ex.o
#        E:\eElements\2.Firmware\eElements\EWARM\eElements\Obj\Drivers\STM32L4xx_HAL_Driver\stm32l4xx_hal_rcc.o
#        E:\eElements\2.Firmware\eElements\EWARM\eElements\Obj\Drivers\STM32L4xx_HAL_Driver\stm32l4xx_hal_rcc_ex.o
#        E:\eElements\2.Firmware\eElements\EWARM\eElements\Obj\Drivers\STM32L4xx_HAL_Driver\stm32l4xx_hal_rtc.o
#        E:\eElements\2.Firmware\eElements\EWARM\eElements\Obj\Drivers\STM32L4xx_HAL_Driver\stm32l4xx_hal_rtc_ex.o
#        E:\eElements\2.Firmware\eElements\EWARM\eElements\Obj\Drivers\STM32L4xx_HAL_Driver\stm32l4xx_hal_spi.o
#        E:\eElements\2.Firmware\eElements\EWARM\eElements\Obj\Drivers\STM32L4xx_HAL_Driver\stm32l4xx_hal_spi_ex.o
#        E:\eElements\2.Firmware\eElements\EWARM\eElements\Obj\Drivers\STM32L4xx_HAL_Driver\stm32l4xx_hal_tim.o
#        E:\eElements\2.Firmware\eElements\EWARM\eElements\Obj\Drivers\STM32L4xx_HAL_Driver\stm32l4xx_hal_tim_ex.o
#        E:\eElements\2.Firmware\eElements\EWARM\eElements\Obj\Drivers\STM32L4xx_HAL_Driver\stm32l4xx_hal_uart.o
#        E:\eElements\2.Firmware\eElements\EWARM\eElements\Obj\Drivers\STM32L4xx_HAL_Driver\stm32l4xx_hal_uart_ex.o
#        E:\eElements\2.Firmware\eElements\EWARM\eElements\Obj\Application\User\Core\stm32l4xx_it.o
#        E:\eElements\2.Firmware\eElements\EWARM\eElements\Obj\Drivers\CMSIS\system_stm32l4xx.o
#        E:\eElements\2.Firmware\eElements\EWARM\eElements\Obj\Application\User\Core\usart.o
#        E:\eElements\2.Firmware\eElements\EWARM\eElements\Obj\Application\User\Core\write.o
#        --no_out_extension -o
#        E:\eElements\2.Firmware\eElements\EWARM\eElements\Exe\eElements.out
#        --redirect _Printf=_PrintfFullNoMb --redirect _Scanf=_ScanfFullNoMb
#        --map
#        E:\eElements\2.Firmware\eElements\EWARM\eElements\List\eElements.map
#        --config E:\eElements\2.Firmware\eElements\EWARM/stm32l431xx_flash.icf
#        --semihosting --entry __iar_program_start --vfe --text_out locale
#        --cpu=Cortex-M4 --fpu=VFPv4_sp)
#
###############################################################################

*******************************************************************************
*** RUNTIME MODEL ATTRIBUTES
***

CppFlavor       = *
__CPP_Runtime   = 1
__SystemLibrary = DLib
__dlib_version  = 6


*******************************************************************************
*** HEAP SELECTION
***

The basic heap was selected because --advanced_heap
was not specified and the application did not appear to
be primarily optimized for speed.


*******************************************************************************
*** PLACEMENT SUMMARY
***

"A0":  place at address 0x800'0000 { ro section .intvec };
"P1":  place in [from 0x800'0000 to 0x803'ffff] { ro };
define block CSTACK with size = 8K, alignment = 8 { };
define block HEAP with size = 8K, alignment = 8 { };
"P2":  place in [from 0x2000'0000 to 0x2000'ffff] {
          rw, block CSTACK, block HEAP };
initialize by copy { rw };

  Section            Kind         Address    Size  Object
  -------            ----         -------    ----  ------
"A0":                                       0x18c
  .intvec            ro code   0x800'0000   0x18c  startup_stm32l431xx.o [1]
                             - 0x800'018c   0x18c

"P1":                                      0xb8db
  .rodata            const     0x800'018c  0x3e24  epd.o [9]
  .rodata            const     0x800'3fb0  0x1ea8  epd.o [9]
  .text              ro code   0x800'5e58   0xeaa  xprintffull_nomb.o [10]
  .text              ro code   0x800'6d02    0x7e  lz77_init_single.o [12]
  .text              ro code   0x800'6d80    0x16  strchr.o [12]
  .text              ro code   0x800'6d96     0xa  xsprout.o [10]
  .text              ro code   0x800'6da0    0x40  xfail_s.o [10]
  .text              ro code   0x800'6de0    0x36  strlen.o [12]
  .rodata            const     0x800'6e16     0x2  xlocale_c.o [10]
  .text              ro code   0x800'6e18    0x58  memchr.o [12]
  .text              ro code   0x800'6e70    0x18  ABImemcpy_small.o [12]
  .text              ro code   0x800'6e88    0x70  frexp.o [11]
  .text              ro code   0x800'6ef8    0x34  DblCmpLe.o [11]
  .text              ro code   0x800'6f2c    0x34  DblCmpGe.o [11]
  .text              ro code   0x800'6f60   0x13a  ldexp.o [11]
  .rodata            const     0x800'709a     0x1  xlocale_c.o [10]
  .text              ro code   0x800'709c    0x36  DblToS32.o [11]
  .text              ro code   0x800'70d4    0x22  S32ToDbl.o [11]
  .text              ro code   0x800'70f8   0x24e  DblAddSub.o [11]
  .text              ro code   0x800'7348   0x246  DblDiv.o [11]
  .text              ro code   0x800'7590    0x22  DblToU32.o [11]
  .text              ro code   0x800'75b4    0x1c  U32ToDbl.o [11]
  .text              ro code   0x800'75d0   0x1aa  DblMul.o [11]
  .text              ro code   0x800'777c     0x8  xlocale_c.o [10]
  .text              ro code   0x800'7784   0x106  I64DivMod_small.o [12]
  .text              ro code   0x800'788a     0x6  abort.o [10]
  .text              ro code   0x800'7890     0x2  I64DivZer.o [12]
  .text              ro code   0x800'7894    0x14  exit.o [13]
  .text              ro code   0x800'78a8   0xa74  stm32l4xx_hal_adc.o [5]
  .text              ro code   0x800'831c    0xe4  adc.o [2]
  .text              ro code   0x800'8400     0xc  stm32l4xx_hal.o [5]
  .text              ro code   0x800'840c    0x14  memset.o [12]
  .text              ro code   0x800'8420   0x168  main.o [2]
  .text              ro code   0x800'8588   0x37c  stm32l4xx_hal_rcc_ex.o [5]
  .text              ro code   0x800'8904    0x66  ABImemset.o [12]
  .text              ro code   0x800'896c    0x1e  stm32l4xx_hal.o [5]
  .text              ro code   0x800'898c   0x12a  gpio.o [2]
  .text              ro code   0x800'8ab8   0x114  spi.o [2]
  .text              ro code   0x800'8bcc    0xe0  usart.o [2]
  .text              ro code   0x800'8cac    0xac  opamp.o [2]
  .text              ro code   0x800'8d58    0x88  rtc.o [2]
  .text              ro code   0x800'8de0   0x1c4  bsp.o [7]
  .text              ro code   0x800'8fa4   0x1ac  epd_gui.o [9]
  .text              ro code   0x800'9150    0x28  stm32l4xx_hal.o [5]
  .text              ro code   0x800'9178   0x120  PWR.o [4]
  .text              ro code   0x800'9298    0x28  printf.o [10]
  .text              ro code   0x800'92c0   0x5f4  stm32l4xx_hal_uart.o [5]
  .text              ro code   0x800'98b4    0x7c  battery.o [6]
  .text              ro code   0x800'9930    0x48  FltToDbl.o [11]
  .text              ro code   0x800'9978     0x6  ABImemclr4.o [12]
  .text              ro code   0x800'9980    0xac  stm32l4xx_hal_pwr_ex.o [5]
  .text              ro code   0x800'9a2c   0x734  stm32l4xx_hal_rcc.o [5]
  .text              ro code   0x800'a160    0xc4  stm32l4xx_hal_cortex.o [5]
  .text              ro code   0x800'a224    0x44  stm32l4xx_hal.o [5]
  .text              ro code   0x800'a268    0x30  stm32l4xx_hal_msp.o [2]
  .text              ro code   0x800'a298   0x2e4  stm32l4xx_hal_gpio.o [5]
  .text              ro code   0x800'a57c   0x4c8  stm32l4xx_hal_spi.o [5]
  .text              ro code   0x800'aa44   0x18c  stm32l4xx_hal_opamp.o [5]
  .text              ro code   0x800'abd0   0x16c  stm32l4xx_hal_rtc.o [5]
  .text              ro code   0x800'ad3c   0x468  epd.o [9]
  .text              ro code   0x800'b1a4    0x40  sprintf.o [10]
  .text              ro code   0x800'b1e4   0x1a0  stm32l4xx_hal_rtc_ex.o [5]
  .text              ro code   0x800'b384    0x94  stm32l4xx_hal_adc_ex.o [5]
  .text              ro code   0x800'b418    0x68  DblToFlt.o [11]
  .text              ro code   0x800'b480    0x32  ABImemset48.o [12]
  .text              ro code   0x800'b4b2     0x2  stm32l4xx_hal_rtc_ex.o [5]
  .text              ro code   0x800'b4b4    0x44  putchar.o [10]
  .text              ro code   0x800'b4f8    0x30  write.o [2]
  .text              ro code   0x800'b528    0x38  zero_init3.o [12]
  .rodata            const     0x800'b560    0x30  system_stm32l4xx.o [3]
  .text              ro code   0x800'b590    0x28  data_init.o [12]
  .text              ro code   0x800'b5b8    0x22  fpinit_M.o [11]
  .iar.init_table    const     0x800'b5dc    0x20  - Linker created -
  .text              ro code   0x800'b5fc    0x20  stm32l4xx_it.o [2]
  .text              ro code   0x800'b61c    0x10  stm32l4xx_hal.o [5]
  .text              ro code   0x800'b62c    0x20  system_stm32l4xx.o [3]
  .text              ro code   0x800'b64c    0x1e  cmain.o [12]
  .text              ro code   0x800'b66a     0x4  low_level_init.o [10]
  .text              ro code   0x800'b66e     0x4  exit.o [10]
  .text              ro code   0x800'b674     0xa  cexit.o [12]
  .text              ro code   0x800'b680    0x1c  cstartup_M.o [12]
  .text              ro code   0x800'b69c    0x16  xprout.o [10]
  .text              ro code   0x800'b6b4    0x10  startup_stm32l431xx.o [1]
  .rodata            const     0x800'b6c4     0x8  system_stm32l4xx.o [3]
  .text              ro code   0x800'b6cc     0x4  startup_stm32l431xx.o [1]
  .text              ro code   0x800'b6d0     0x4  startup_stm32l431xx.o [1]
  .text              ro code   0x800'b6d4     0x4  startup_stm32l431xx.o [1]
  .text              ro code   0x800'b6d8     0x4  startup_stm32l431xx.o [1]
  .text              ro code   0x800'b6dc     0x4  startup_stm32l431xx.o [1]
  .text              ro code   0x800'b6e0     0x4  startup_stm32l431xx.o [1]
  .text              ro code   0x800'b6e4     0x4  startup_stm32l431xx.o [1]
  .text              ro code   0x800'b6e8     0x4  startup_stm32l431xx.o [1]
  .text              ro code   0x800'b6ec     0x4  startup_stm32l431xx.o [1]
  .text              ro code   0x800'b6f0     0x4  startup_stm32l431xx.o [1]
  .text              ro code   0x800'b6f4     0x4  startup_stm32l431xx.o [1]
  .text              ro code   0x800'b6f8     0x4  startup_stm32l431xx.o [1]
  .text              ro code   0x800'b6fc     0x4  startup_stm32l431xx.o [1]
  .text              ro code   0x800'b700     0x4  startup_stm32l431xx.o [1]
  .text              ro code   0x800'b704     0x4  startup_stm32l431xx.o [1]
  .text              ro code   0x800'b708     0x4  startup_stm32l431xx.o [1]
  .text              ro code   0x800'b70c     0x4  startup_stm32l431xx.o [1]
  .text              ro code   0x800'b710     0x4  startup_stm32l431xx.o [1]
  .text              ro code   0x800'b714     0x4  startup_stm32l431xx.o [1]
  .text              ro code   0x800'b718     0x4  startup_stm32l431xx.o [1]
  .text              ro code   0x800'b71c     0x4  startup_stm32l431xx.o [1]
  .text              ro code   0x800'b720     0x4  startup_stm32l431xx.o [1]
  .text              ro code   0x800'b724     0x4  startup_stm32l431xx.o [1]
  .text              ro code   0x800'b728     0x4  startup_stm32l431xx.o [1]
  .text              ro code   0x800'b72c     0x4  startup_stm32l431xx.o [1]
  .text              ro code   0x800'b730     0x4  startup_stm32l431xx.o [1]
  .text              ro code   0x800'b734     0x4  startup_stm32l431xx.o [1]
  .text              ro code   0x800'b738     0x4  startup_stm32l431xx.o [1]
  .text              ro code   0x800'b73c     0x4  startup_stm32l431xx.o [1]
  .text              ro code   0x800'b740     0x4  startup_stm32l431xx.o [1]
  .text              ro code   0x800'b744     0x4  startup_stm32l431xx.o [1]
  .text              ro code   0x800'b748     0x4  startup_stm32l431xx.o [1]
  .text              ro code   0x800'b74c     0x4  startup_stm32l431xx.o [1]
  .text              ro code   0x800'b750     0x4  startup_stm32l431xx.o [1]
  .text              ro code   0x800'b754     0x4  startup_stm32l431xx.o [1]
  .text              ro code   0x800'b758     0x4  startup_stm32l431xx.o [1]
  .text              ro code   0x800'b75c     0x4  startup_stm32l431xx.o [1]
  .text              ro code   0x800'b760     0x4  startup_stm32l431xx.o [1]
  .text              ro code   0x800'b764     0x4  startup_stm32l431xx.o [1]
  .text              ro code   0x800'b768     0x4  startup_stm32l431xx.o [1]
  .text              ro code   0x800'b76c     0x4  startup_stm32l431xx.o [1]
  .text              ro code   0x800'b770     0x4  startup_stm32l431xx.o [1]
  .text              ro code   0x800'b774     0x4  startup_stm32l431xx.o [1]
  .text              ro code   0x800'b778     0x4  startup_stm32l431xx.o [1]
  .text              ro code   0x800'b77c     0x4  startup_stm32l431xx.o [1]
  .text              ro code   0x800'b780     0x4  startup_stm32l431xx.o [1]
  .text              ro code   0x800'b784     0x4  startup_stm32l431xx.o [1]
  .text              ro code   0x800'b788     0x4  startup_stm32l431xx.o [1]
  .text              ro code   0x800'b78c     0x4  startup_stm32l431xx.o [1]
  .text              ro code   0x800'b790     0x4  startup_stm32l431xx.o [1]
  .text              ro code   0x800'b794     0x4  startup_stm32l431xx.o [1]
  .text              ro code   0x800'b798     0x4  startup_stm32l431xx.o [1]
  .text              ro code   0x800'b79c     0x4  startup_stm32l431xx.o [1]
  .text              ro code   0x800'b7a0     0x4  startup_stm32l431xx.o [1]
  .text              ro code   0x800'b7a4     0x4  startup_stm32l431xx.o [1]
  .text              ro code   0x800'b7a8     0x4  startup_stm32l431xx.o [1]
  .text              ro code   0x800'b7ac     0x4  startup_stm32l431xx.o [1]
  .text              ro code   0x800'b7b0     0x4  startup_stm32l431xx.o [1]
  .text              ro code   0x800'b7b4     0x4  startup_stm32l431xx.o [1]
  .text              ro code   0x800'b7b8     0x4  startup_stm32l431xx.o [1]
  .text              ro code   0x800'b7bc     0x4  startup_stm32l431xx.o [1]
  .text              ro code   0x800'b7c0     0x4  startup_stm32l431xx.o [1]
  .text              ro code   0x800'b7c4     0x4  startup_stm32l431xx.o [1]
  .rodata            const     0x800'b7c8     0x0  zero_init3.o [12]
  .rodata            const     0x800'b7c8     0x0  lz77_init_single.o [12]
  Initializer bytes  const     0x800'b7c8   0x29f  <for P2-1>
                             - 0x800'ba67  0xb8db

"P2", part 1 of 3:                          0xa90
  P2-1                        0x2000'0000   0xa90  <Init block>
    .data            inited   0x2000'0000   0xa00  element.o [8]
    .data            inited   0x2000'0a00     0xc  stm32l4xx_hal.o [5]
    .data            inited   0x2000'0a0c     0x4  system_stm32l4xx.o [3]
    .data            inited   0x2000'0a10    0x38  xlocale_c.o [10]
    .data            inited   0x2000'0a48    0x48  xfiles.o [10]
                            - 0x2000'0a90   0xa90

"P2", part 2 of 3:                          0x220
  .bss               zero     0x2000'0a90    0x88  usart.o [2]
  .bss               zero     0x2000'0b18    0x64  adc.o [2]
  .bss               zero     0x2000'0b7c    0x64  spi.o [2]
  .bss               zero     0x2000'0be0    0x50  xfiles.o [10]
  .bss               zero     0x2000'0c30    0x34  opamp.o [2]
  .bss               zero     0x2000'0c64    0x24  epd.o [9]
  .bss               zero     0x2000'0c88    0x24  rtc.o [2]
  .bss               zero     0x2000'0cac     0x4  xfail_s.o [10]
                            - 0x2000'0cb0   0x220

"P2", part 3 of 3:                         0x2000
  CSTACK                      0x2000'0cb0  0x2000  <Block>
    CSTACK           uninit   0x2000'0cb0  0x2000  <Block tail>
                            - 0x2000'2cb0  0x2000

Unused ranges:

         From           To      Size
         ----           --      ----
   0x800'ba67   0x803'ffff  0x3'4599
  0x2000'2cb0  0x2000'ffff    0xd350


*******************************************************************************
*** INIT TABLE
***

          Address      Size
          -------      ----
Zero (__iar_zero_init3)
    1 destination range, total size 0x220:
          0x2000'0a90  0x220

Copy/lz77 (__iar_lz77_init_single3)
    1 source range, total size 0x29f (24% of destination):
           0x800'b7c8  0x29f
    1 destination range, total size 0xa90:
          0x2000'0000  0xa90



*******************************************************************************
*** MODULE SUMMARY
***

    Module                  ro code  ro data  rw data
    ------                  -------  -------  -------
command line/config:
    -------------------------------------------------
    Total:

E:\eElements\2.Firmware\eElements\EWARM\eElements\Obj\Application\EWARM: [1]
    startup_stm32l431xx.o       664
    -------------------------------------------------
    Total:                      664

E:\eElements\2.Firmware\eElements\EWARM\eElements\Obj\Application\User\Core: [2]
    adc.o                       228               100
    gpio.o                      298
    main.o                      360
    opamp.o                     172                52
    rtc.o                       136                36
    spi.o                       276               100
    stm32l4xx_hal_msp.o          48
    stm32l4xx_it.o               32
    usart.o                     224               136
    write.o                      48
    -------------------------------------------------
    Total:                    1'822               424

E:\eElements\2.Firmware\eElements\EWARM\eElements\Obj\Drivers\CMSIS: [3]
    system_stm32l4xx.o           32       57        4
    -------------------------------------------------
    Total:                       32       57        4

E:\eElements\2.Firmware\eElements\EWARM\eElements\Obj\Drivers\PWR: [4]
    PWR.o                       288
    -------------------------------------------------
    Total:                      288

E:\eElements\2.Firmware\eElements\EWARM\eElements\Obj\Drivers\STM32L4xx_HAL_Driver: [5]
    stm32l4xx_hal.o             166        3       12
    stm32l4xx_hal_adc.o       2'676
    stm32l4xx_hal_adc_ex.o      148
    stm32l4xx_hal_cortex.o      196
    stm32l4xx_hal_gpio.o        740
    stm32l4xx_hal_opamp.o       396
    stm32l4xx_hal_pwr_ex.o      172
    stm32l4xx_hal_rcc.o       1'844
    stm32l4xx_hal_rcc_ex.o      892
    stm32l4xx_hal_rtc.o         364
    stm32l4xx_hal_rtc_ex.o      418
    stm32l4xx_hal_spi.o       1'224
    stm32l4xx_hal_uart.o      1'524
    -------------------------------------------------
    Total:                   10'760        3       12

E:\eElements\2.Firmware\eElements\EWARM\eElements\Obj\Drivers\battery: [6]
    battery.o                   124
    -------------------------------------------------
    Total:                      124

E:\eElements\2.Firmware\eElements\EWARM\eElements\Obj\Drivers\bsp: [7]
    bsp.o                       452
    -------------------------------------------------
    Total:                      452

E:\eElements\2.Firmware\eElements\EWARM\eElements\Obj\Drivers\element: [8]
    element.o                            635    2'560
    -------------------------------------------------
    Total:                               635    2'560

E:\eElements\2.Firmware\eElements\EWARM\eElements\Obj\Drivers\epd: [9]
    epd.o                     1'128   23'756       36
    epd_gui.o                   428
    -------------------------------------------------
    Total:                    1'556   23'756       36

dl7M_tlf.a: [10]
    abort.o                       6
    exit.o                        4
    low_level_init.o              4
    printf.o                     40
    putchar.o                    68
    sprintf.o                    64
    xfail_s.o                    64                 4
    xfiles.o                              18      152
    xlocale_c.o                   8       17       56
    xprintffull_nomb.o        3'754
    xprout.o                     22
    xsprout.o                    10
    -------------------------------------------------
    Total:                    4'044       35      212

m7M_tls.a: [11]
    DblAddSub.o                 590
    DblCmpGe.o                   52
    DblCmpLe.o                   52
    DblDiv.o                    582
    DblMul.o                    426
    DblToFlt.o                  104
    DblToS32.o                   54
    DblToU32.o                   34
    FltToDbl.o                   72
    S32ToDbl.o                   34
    U32ToDbl.o                   28
    fpinit_M.o                   34
    frexp.o                     112
    ldexp.o                     314
    -------------------------------------------------
    Total:                    2'488

rt7M_tl.a: [12]
    ABImemclr4.o                  6
    ABImemcpy_small.o            24
    ABImemset.o                 102
    ABImemset48.o                50
    I64DivMod_small.o           262
    I64DivZer.o                   2
    cexit.o                      10
    cmain.o                      30
    cstartup_M.o                 28
    data_init.o                  40
    lz77_init_single.o          126
    memchr.o                     88
    memset.o                     20
    strchr.o                     22
    strlen.o                     54
    zero_init3.o                 56
    -------------------------------------------------
    Total:                      920

shb_l.a: [13]
    exit.o                       20
    -------------------------------------------------
    Total:                       20

    Gaps                         29        2
    Linker created                        32    8'192
-----------------------------------------------------
    Grand Total:             23'199   24'520   11'440


*******************************************************************************
*** ENTRY LIST
***

Entry                       Address    Size  Type      Object
-----                       -------    ----  ----      ------
.iar.init_table$$Base    0x800'b5dc           --   Gb  - Linker created -
.iar.init_table$$Limit   0x800'b5fc           --   Gb  - Linker created -
?main                    0x800'b64d          Code  Gb  cmain.o [12]
ADC1_IRQHandler          0x800'b711          Code  Wk  startup_stm32l431xx.o [1]
ADC_ConversionStop       0x800'811f    0xb6  Code  Gb  stm32l4xx_hal_adc.o [5]
ADC_Disable              0x800'8279    0x70  Code  Gb  stm32l4xx_hal_adc.o [5]
ADC_Enable               0x800'81d5    0x80  Code  Gb  stm32l4xx_hal_adc.o [5]
AHBPrescTable            0x800'b63c    0x10  Data  Gb  system_stm32l4xx.o [3]
APBPrescTable            0x800'b6c4     0x8  Data  Gb  system_stm32l4xx.o [3]
Bat_GetVoltage           0x800'98b5    0x6c  Code  Gb  battery.o [6]
BusFault_Handler         0x800'b603     0x2  Code  Gb  stm32l4xx_it.o [2]
CAN1_RX0_IRQHandler      0x800'b719          Code  Wk  startup_stm32l431xx.o [1]
CAN1_RX1_IRQHandler      0x800'b71d          Code  Wk  startup_stm32l431xx.o [1]
CAN1_SCE_IRQHandler      0x800'b721          Code  Wk  startup_stm32l431xx.o [1]
CAN1_TX_IRQHandler       0x800'b715          Code  Wk  startup_stm32l431xx.o [1]
COMP_IRQHandler          0x800'b78d          Code  Wk  startup_stm32l431xx.o [1]
CRS_IRQHandler           0x800'b7c5          Code  Wk  startup_stm32l431xx.o [1]
CSTACK$$Base            0x2000'0cb0           --   Gb  - Linker created -
CSTACK$$Limit           0x2000'2cb0           --   Gb  - Linker created -
DMA1_Channel1_IRQHandler
                         0x800'b6f5          Code  Wk  startup_stm32l431xx.o [1]
DMA1_Channel2_IRQHandler
                         0x800'b6f9          Code  Wk  startup_stm32l431xx.o [1]
DMA1_Channel3_IRQHandler
                         0x800'b6fd          Code  Wk  startup_stm32l431xx.o [1]
DMA1_Channel4_IRQHandler
                         0x800'b701          Code  Wk  startup_stm32l431xx.o [1]
DMA1_Channel5_IRQHandler
                         0x800'b705          Code  Wk  startup_stm32l431xx.o [1]
DMA1_Channel6_IRQHandler
                         0x800'b709          Code  Wk  startup_stm32l431xx.o [1]
DMA1_Channel7_IRQHandler
                         0x800'b70d          Code  Wk  startup_stm32l431xx.o [1]
DMA2_Channel1_IRQHandler
                         0x800'b779          Code  Wk  startup_stm32l431xx.o [1]
DMA2_Channel2_IRQHandler
                         0x800'b77d          Code  Wk  startup_stm32l431xx.o [1]
DMA2_Channel3_IRQHandler
                         0x800'b781          Code  Wk  startup_stm32l431xx.o [1]
DMA2_Channel4_IRQHandler
                         0x800'b785          Code  Wk  startup_stm32l431xx.o [1]
DMA2_Channel5_IRQHandler
                         0x800'b789          Code  Wk  startup_stm32l431xx.o [1]
DMA2_Channel6_IRQHandler
                         0x800'b799          Code  Wk  startup_stm32l431xx.o [1]
DMA2_Channel7_IRQHandler
                         0x800'b79d          Code  Wk  startup_stm32l431xx.o [1]
DebugMon_Handler         0x800'b609     0x2  Code  Gb  stm32l4xx_it.o [2]
EPD_Clear                0x800'aef7    0x28  Code  Gb  epd.o [9]
EPD_Deinit               0x800'8f01    0x10  Code  Gb  bsp.o [7]
EPD_Display              0x800'af25    0x22  Code  Gb  epd.o [9]
EPD_DrawAtomicMass       0x800'90cf    0x38  Code  Gb  epd_gui.o [9]
EPD_DrawAtomicNameCN     0x800'90bb    0x14  Code  Gb  epd_gui.o [9]
EPD_DrawAtomicNameEN     0x800'90a7     0xc  Code  Gb  epd_gui.o [9]
EPD_DrawAtomicNum        0x800'9063    0x2c  Code  Gb  epd_gui.o [9]
EPD_DrawAtomicSymbol     0x800'9099     0xe  Code  Gb  epd_gui.o [9]
EPD_DrawElectronShell    0x800'9107    0x38  Code  Gb  epd_gui.o [9]
EPD_DrawEmpty            0x800'9025    0x32  Code  Gb  epd_gui.o [9]
EPD_DrawFrame            0x800'8fa5    0x7c  Code  Gb  epd_gui.o [9]
EPD_DrawPoint            0x800'af1f     0x6  Code  Gb  epd.o [9]
EPD_GPIO_Deinit          0x800'8e89    0x46  Code  Gb  bsp.o [7]
EPD_GPIO_Init            0x800'8e2d    0x42  Code  Gb  bsp.o [7]
EPD_GUIInit              0x800'ada7    0xb8  Code  Gb  epd.o [9]
EPD_Init                 0x800'8ef3     0xe  Code  Gb  bsp.o [7]
EPD_Pow                  0x800'b055    0x12  Code  Gb  epd.o [9]
EPD_ShowChar             0x800'af47    0xda  Code  Gb  epd.o [9]
EPD_ShowChinese          0x800'b0c5    0xb8  Code  Gb  epd.o [9]
EPD_ShowNum              0x800'b067    0x5e  Code  Gb  epd.o [9]
EPD_ShowString           0x800'b027    0x2e  Code  Gb  epd.o [9]
EPD_Update               0x800'ad8d    0x1a  Code  Gb  epd.o [9]
EPD_WR_Bus               0x800'ad3d    0x14  Code  Gb  epd.o [9]
EPD_WR_DATA8             0x800'ad77     0x2  Code  Gb  epd.o [9]
EPD_WR_REG               0x800'ad51    0x26  Code  Gb  epd.o [9]
EXTI0_IRQHandler         0x800'b6e1          Code  Wk  startup_stm32l431xx.o [1]
EXTI15_10_IRQHandler     0x800'b761          Code  Wk  startup_stm32l431xx.o [1]
EXTI1_IRQHandler         0x800'b6e5          Code  Wk  startup_stm32l431xx.o [1]
EXTI2_IRQHandler         0x800'b6e9          Code  Wk  startup_stm32l431xx.o [1]
EXTI3_IRQHandler         0x800'b6ed          Code  Wk  startup_stm32l431xx.o [1]
EXTI4_IRQHandler         0x800'b6f1          Code  Wk  startup_stm32l431xx.o [1]
EXTI9_5_IRQHandler       0x800'b725          Code  Wk  startup_stm32l431xx.o [1]
Epaper_READBUSY          0x800'ad79    0x14  Code  Gb  epd.o [9]
Error_Handler            0x800'8563     0x4  Code  Gb  main.o [2]
FLASH_IRQHandler         0x800'b6d9          Code  Wk  startup_stm32l431xx.o [1]
FPU_IRQHandler           0x800'b7c1          Code  Wk  startup_stm32l431xx.o [1]
HAL_ADCEx_Calibration_Start
                         0x800'b385    0x8a  Code  Gb  stm32l4xx_hal_adc_ex.o [5]
HAL_ADC_ConfigChannel    0x800'7d95   0x324  Code  Gb  stm32l4xx_hal_adc.o [5]
HAL_ADC_DeInit           0x800'7a85   0x164  Code  Gb  stm32l4xx_hal_adc.o [5]
HAL_ADC_GetValue         0x800'7d8d     0x6  Code  Gb  stm32l4xx_hal_adc.o [5]
HAL_ADC_Init             0x800'78fb   0x18a  Code  Gb  stm32l4xx_hal_adc.o [5]
HAL_ADC_MspDeInit        0x800'83db    0x14  Code  Gb  adc.o [2]
HAL_ADC_MspInit          0x800'8393    0x48  Code  Gb  adc.o [2]
HAL_ADC_PollForConversion
                         0x800'7c5f    0xba  Code  Gb  stm32l4xx_hal_adc.o [5]
HAL_ADC_Start            0x800'7bef    0x50  Code  Gb  stm32l4xx_hal_adc.o [5]
HAL_ADC_Stop             0x800'7c3f    0x20  Code  Gb  stm32l4xx_hal_adc.o [5]
HAL_Delay                0x800'9151    0x28  Code  Wk  stm32l4xx_hal.o [5]
HAL_GPIO_DeInit          0x800'a44b    0xfe  Code  Gb  stm32l4xx_hal_gpio.o [5]
HAL_GPIO_Init            0x800'a299   0x1b2  Code  Gb  stm32l4xx_hal_gpio.o [5]
HAL_GPIO_ReadPin         0x800'a549     0xc  Code  Gb  stm32l4xx_hal_gpio.o [5]
HAL_GPIO_WritePin        0x800'a555     0xa  Code  Gb  stm32l4xx_hal_gpio.o [5]
HAL_GetTick              0x800'8401     0xc  Code  Wk  stm32l4xx_hal.o [5]
HAL_IncTick              0x800'b61d    0x10  Code  Wk  stm32l4xx_hal.o [5]
HAL_Init                 0x800'896d    0x1e  Code  Gb  stm32l4xx_hal.o [5]
HAL_InitTick             0x800'a225    0x44  Code  Wk  stm32l4xx_hal.o [5]
HAL_MspInit              0x800'a269    0x30  Code  Gb  stm32l4xx_hal_msp.o [2]
HAL_NVIC_EnableIRQ       0x800'a1d1    0x16  Code  Gb  stm32l4xx_hal_cortex.o [5]
HAL_NVIC_SetPriority     0x800'a195    0x3a  Code  Gb  stm32l4xx_hal_cortex.o [5]
HAL_NVIC_SetPriorityGrouping
                         0x800'a17b    0x1a  Code  Gb  stm32l4xx_hal_cortex.o [5]
HAL_OPAMP_DeInit         0x800'ab21    0x36  Code  Gb  stm32l4xx_hal_opamp.o [5]
HAL_OPAMP_Init           0x800'aa45    0xcc  Code  Gb  stm32l4xx_hal_opamp.o [5]
HAL_OPAMP_MspDeInit      0x800'8d2b    0x1e  Code  Gb  opamp.o [2]
HAL_OPAMP_MspInit        0x800'8cd3    0x58  Code  Gb  opamp.o [2]
HAL_OPAMP_Start          0x800'ab57    0x2a  Code  Gb  stm32l4xx_hal_opamp.o [5]
HAL_OPAMP_Stop           0x800'ab81    0x30  Code  Gb  stm32l4xx_hal_opamp.o [5]
HAL_PWREx_ControlVoltageScaling
                         0x800'998d    0x62  Code  Gb  stm32l4xx_hal_pwr_ex.o [5]
HAL_PWREx_EnterSTOP2Mode
                         0x800'99f9    0x24  Code  Gb  stm32l4xx_hal_pwr_ex.o [5]
HAL_PWREx_GetVoltageRange
                         0x800'9981     0xc  Code  Gb  stm32l4xx_hal_pwr_ex.o [5]
HAL_RCCEx_PeriphCLKConfig
                         0x800'8589   0x250  Code  Gb  stm32l4xx_hal_rcc_ex.o [5]
HAL_RCC_ClockConfig      0x800'9ec1    0xfa  Code  Gb  stm32l4xx_hal_rcc.o [5]
HAL_RCC_GetPCLK1Freq     0x800'a083    0x10  Code  Gb  stm32l4xx_hal_rcc.o [5]
HAL_RCC_GetPCLK2Freq     0x800'a093     0xe  Code  Gb  stm32l4xx_hal_rcc.o [5]
HAL_RCC_GetSysClockFreq
                         0x800'9ff1    0x92  Code  Gb  stm32l4xx_hal_rcc.o [5]
HAL_RCC_OscConfig        0x800'9a2d   0x45c  Code  Gb  stm32l4xx_hal_rcc.o [5]
HAL_RTCEx_DeactivateWakeUpTimer
                         0x800'b2ab    0x58  Code  Gb  stm32l4xx_hal_rtc_ex.o [5]
HAL_RTCEx_SetWakeUpTimer_IT
                         0x800'b1e5    0x88  Code  Gb  stm32l4xx_hal_rtc_ex.o [5]
HAL_RTCEx_WakeUpTimerEventCallback
                         0x800'b4b3     0x2  Code  Wk  stm32l4xx_hal_rtc_ex.o [5]
HAL_RTCEx_WakeUpTimerIRQHandler
                         0x800'b31d    0x30  Code  Gb  stm32l4xx_hal_rtc_ex.o [5]
HAL_RTC_Init             0x800'abd1    0xa4  Code  Gb  stm32l4xx_hal_rtc.o [5]
HAL_RTC_MspInit          0x800'8d85    0x4e  Code  Gb  rtc.o [2]
HAL_RTC_WaitForSynchro   0x800'ac75    0x2e  Code  Gb  stm32l4xx_hal_rtc.o [5]
HAL_SPI_DeInit           0x800'a651    0x2a  Code  Gb  stm32l4xx_hal_spi.o [5]
HAL_SPI_Init             0x800'a57d    0xd4  Code  Gb  stm32l4xx_hal_spi.o [5]
HAL_SPI_MspDeInit        0x800'8b8b    0x2c  Code  Gb  spi.o [2]
HAL_SPI_MspInit          0x800'8afd    0x8e  Code  Gb  spi.o [2]
HAL_SPI_Transmit         0x800'a67b   0x16c  Code  Gb  stm32l4xx_hal_spi.o [5]
HAL_SYSTICK_Config       0x800'a1e7    0x22  Code  Gb  stm32l4xx_hal_cortex.o [5]
HAL_UART_DeInit          0x800'9349    0x3e  Code  Gb  stm32l4xx_hal_uart.o [5]
HAL_UART_Init            0x800'92c1    0x34  Code  Gb  stm32l4xx_hal_uart.o [5]
HAL_UART_MspDeInit       0x800'8c7d    0x20  Code  Gb  usart.o [2]
HAL_UART_MspInit         0x800'8bff    0x7e  Code  Gb  usart.o [2]
HAL_UART_Transmit        0x800'9393    0x9a  Code  Gb  stm32l4xx_hal_uart.o [5]
HardFault_Handler        0x800'b5ff     0x2  Code  Gb  stm32l4xx_it.o [2]
Hzk1                     0x800'5ab0   0x160  Data  Gb  epd.o [9]
Hzk2                     0x800'5c10    0x48  Data  Gb  epd.o [9]
Hzk4                     0x800'5c58   0x200  Data  Gb  epd.o [9]
Hzk_e                    0x800'3fb0  0x1b00  Data  Gb  epd.o [9]
I2C1_ER_IRQHandler       0x800'b741          Code  Wk  startup_stm32l431xx.o [1]
I2C1_EV_IRQHandler       0x800'b73d          Code  Wk  startup_stm32l431xx.o [1]
I2C2_ER_IRQHandler       0x800'b749          Code  Wk  startup_stm32l431xx.o [1]
I2C2_EV_IRQHandler       0x800'b745          Code  Wk  startup_stm32l431xx.o [1]
I2C3_ER_IRQHandler       0x800'b7ad          Code  Wk  startup_stm32l431xx.o [1]
I2C3_EV_IRQHandler       0x800'b7a9          Code  Wk  startup_stm32l431xx.o [1]
KEY_GPIO_Init            0x800'8f11    0x16  Code  Gb  bsp.o [7]
KEY_Hold                 0x800'8f79    0x2c  Code  Gb  bsp.o [7]
KEY_Read                 0x800'8f65    0x14  Code  Gb  bsp.o [7]
LED_GREEN_On             0x800'8de1     0x4  Code  Gb  bsp.o [7]
LL_ADC_GetOffsetChannel
                         0x800'78a9     0xe  Code  Lc  stm32l4xx_hal_adc.o [5]
LL_ADC_REG_IsTriggerSourceSWStart
                         0x800'78c9     0xe  Code  Lc  stm32l4xx_hal_adc.o [5]
LL_ADC_SetChannelSamplingTime
                         0x800'78d7    0x24  Code  Lc  stm32l4xx_hal_adc.o [5]
LL_ADC_SetOffsetState    0x800'78b7    0x12  Code  Lc  stm32l4xx_hal_adc.o [5]
LPTIM1_IRQHandler        0x800'b791          Code  Wk  startup_stm32l431xx.o [1]
LPTIM2_IRQHandler        0x800'b795          Code  Wk  startup_stm32l431xx.o [1]
LPUART1_IRQHandler       0x800'b7a1          Code  Wk  startup_stm32l431xx.o [1]
MSIRangeTable            0x800'b560    0x30  Data  Gb  system_stm32l4xx.o [3]
MX_ADC1_Init             0x800'831d    0x76  Code  Gb  adc.o [2]
MX_GPIO_Init             0x800'898d    0xfc  Code  Gb  gpio.o [2]
MX_OPAMP1_Init           0x800'8cad    0x26  Code  Gb  opamp.o [2]
MX_RTC_Init              0x800'8d59    0x2c  Code  Gb  rtc.o [2]
MX_SPI1_Init             0x800'8ab9    0x44  Code  Gb  spi.o [2]
MX_USART1_UART_Init      0x800'8bcd    0x32  Code  Gb  usart.o [2]
MemManage_Handler        0x800'b601     0x2  Code  Gb  stm32l4xx_it.o [2]
NMI_Handler              0x800'b5fd     0x2  Code  Gb  stm32l4xx_it.o [2]
PVD_PVM_IRQHandler       0x800'b6d1          Code  Wk  startup_stm32l431xx.o [1]
PWR_EnterStop2Mode       0x800'9215    0x54  Code  Gb  PWR.o [4]
PWR_GPIOCLK_Disable      0x800'91b7    0x1c  Code  Gb  PWR.o [4]
PWR_GPIOCLK_Enable       0x800'9179    0x3e  Code  Gb  PWR.o [4]
PWR_GPIO_ModeAnalog      0x800'91d3    0x40  Code  Gb  PWR.o [4]
PWR_LDO_GPIO_Init        0x800'8dff    0x2e  Code  Gb  bsp.o [7]
PWR_LDO_Off              0x800'8df3     0x2  Code  Gb  bsp.o [7]
PWR_LDO_On               0x800'8def     0x4  Code  Gb  bsp.o [7]
Paint                   0x2000'0c64    0x24  Data  Gb  epd.o [9]
Paint_NewImage           0x800'ae63    0x36  Code  Gb  epd.o [9]
Paint_SetPixel           0x800'ae99    0x5e  Code  Gb  epd.o [9]
PendSV_Handler           0x800'b60b     0x2  Code  Gb  stm32l4xx_it.o [2]
QUADSPI_IRQHandler       0x800'b7a5          Code  Wk  startup_stm32l431xx.o [1]
RCCEx_PLLSAI1_Config     0x800'87df    0xfa  Code  Lc  stm32l4xx_hal_rcc_ex.o [5]
RCC_IRQHandler           0x800'b6dd          Code  Wk  startup_stm32l431xx.o [1]
RCC_SetFlashLatencyFromMSIRange
                         0x800'a0ab    0x74  Code  Lc  stm32l4xx_hal_rcc.o [5]
RNG_IRQHandler           0x800'b7bd          Code  Wk  startup_stm32l431xx.o [1]
RTC_Alarm_IRQHandler     0x800'b765          Code  Wk  startup_stm32l431xx.o [1]
RTC_EnterInitMode        0x800'aca3    0x42  Code  Gb  stm32l4xx_hal_rtc.o [5]
RTC_ExitInitMode         0x800'ace5    0x4c  Code  Gb  stm32l4xx_hal_rtc.o [5]
RTC_WKUP_IRQHandler      0x800'b611     0x6  Code  Gb  stm32l4xx_it.o [2]
Region$$Table$$Base      0x800'b5dc           --   Gb  - Linker created -
Region$$Table$$Limit     0x800'b5fc           --   Gb  - Linker created -
Reset_Handler            0x800'b6b5          Code  Wk  startup_stm32l431xx.o [1]
SAI1_IRQHandler          0x800'b7b1          Code  Wk  startup_stm32l431xx.o [1]
SDMMC1_IRQHandler        0x800'b769          Code  Wk  startup_stm32l431xx.o [1]
SPI1_IRQHandler          0x800'b74d          Code  Wk  startup_stm32l431xx.o [1]
SPI2_IRQHandler          0x800'b751          Code  Wk  startup_stm32l431xx.o [1]
SPI3_IRQHandler          0x800'b76d          Code  Wk  startup_stm32l431xx.o [1]
SPI_EndRxTxTransaction   0x800'a9f7    0x2e  Code  Lc  stm32l4xx_hal_spi.o [5]
SPI_WaitFifoStateUntilTimeout
                         0x800'a8ff    0xd4  Code  Lc  stm32l4xx_hal_spi.o [5]
SPI_WaitFlagStateUntilTimeout
                         0x800'a849    0xb6  Code  Lc  stm32l4xx_hal_spi.o [5]
SVC_Handler              0x800'b607     0x2  Code  Gb  stm32l4xx_it.o [2]
SWPMI1_IRQHandler        0x800'b7b5          Code  Wk  startup_stm32l431xx.o [1]
SysTick_Handler          0x800'b60d     0x4  Code  Gb  stm32l4xx_it.o [2]
SystemClock_Config       0x800'84fd    0x66  Code  Gb  main.o [2]
SystemCoreClock         0x2000'0a0c     0x4  Data  Gb  system_stm32l4xx.o [3]
SystemInit               0x800'b62d     0xc  Code  Gb  system_stm32l4xx.o [3]
TAMP_STAMP_IRQHandler    0x800'b6d5          Code  Wk  startup_stm32l431xx.o [1]
TIM1_BRK_TIM15_IRQHandler
                         0x800'b729          Code  Wk  startup_stm32l431xx.o [1]
TIM1_CC_IRQHandler       0x800'b735          Code  Wk  startup_stm32l431xx.o [1]
TIM1_TRG_COM_IRQHandler
                         0x800'b731          Code  Wk  startup_stm32l431xx.o [1]
TIM1_UP_TIM16_IRQHandler
                         0x800'b72d          Code  Wk  startup_stm32l431xx.o [1]
TIM2_IRQHandler          0x800'b739          Code  Wk  startup_stm32l431xx.o [1]
TIM6_DAC_IRQHandler      0x800'b771          Code  Wk  startup_stm32l431xx.o [1]
TIM7_IRQHandler          0x800'b775          Code  Wk  startup_stm32l431xx.o [1]
TSC_IRQHandler           0x800'b7b9          Code  Wk  startup_stm32l431xx.o [1]
UART_AdvFeatureConfig    0x800'9641    0xc6  Code  Gb  stm32l4xx_hal_uart.o [5]
UART_CheckIdleState      0x800'9707    0x8e  Code  Gb  stm32l4xx_hal_uart.o [5]
UART_EndRxTransfer       0x800'982d    0x22  Code  Lc  stm32l4xx_hal_uart.o [5]
UART_SetConfig           0x800'9459   0x1e2  Code  Gb  stm32l4xx_hal_uart.o [5]
UART_WaitOnFlagUntilTimeout
                         0x800'97a1    0x8c  Code  Gb  stm32l4xx_hal_uart.o [5]
USART1_IRQHandler        0x800'b755          Code  Wk  startup_stm32l431xx.o [1]
USART2_IRQHandler        0x800'b759          Code  Wk  startup_stm32l431xx.o [1]
USART3_IRQHandler        0x800'b75d          Code  Wk  startup_stm32l431xx.o [1]
UsageFault_Handler       0x800'b605     0x2  Code  Gb  stm32l4xx_it.o [2]
WWDG_IRQHandler          0x800'b6cd          Code  Wk  startup_stm32l431xx.o [1]
_LC                      0x800'5e59     0x6  Code  Lc  xprintffull_nomb.o [10]
_LitobFullNoMb           0x800'6b21   0x114  Code  Lc  xprintffull_nomb.o [10]
_Locale_lconv           0x2000'0a10    0x38  Data  Lc  xlocale_c.o [10]
_PrintfFullNoMb          0x800'5e5f   0xc92  Code  Gb  xprintffull_nomb.o [10]
_Prout                   0x800'b69d    0x16  Code  Gb  xprout.o [10]
_PutcharsFullNoMb        0x800'6c8d    0x2e  Code  Lc  xprintffull_nomb.o [10]
_SProut                  0x800'6d97     0xa  Code  Gb  xsprout.o [10]
__NVIC_SetPriority       0x800'a161    0x1a  Code  Lc  stm32l4xx_hal_cortex.o [5]
__aeabi_cdcmple          0x800'6ef9          Code  Gb  DblCmpLe.o [11]
__aeabi_cdrcmple         0x800'6f2d          Code  Gb  DblCmpGe.o [11]
__aeabi_d2f              0x800'b419          Code  Gb  DblToFlt.o [11]
__aeabi_d2iz             0x800'709d          Code  Gb  DblToS32.o [11]
__aeabi_d2uiz            0x800'7591          Code  Gb  DblToU32.o [11]
__aeabi_ddiv             0x800'7349          Code  Gb  DblDiv.o [11]
__aeabi_dmul             0x800'75d1          Code  Gb  DblMul.o [11]
__aeabi_dsub             0x800'7265          Code  Gb  DblAddSub.o [11]
__aeabi_f2d              0x800'9931          Code  Gb  FltToDbl.o [11]
__aeabi_i2d              0x800'70d5          Code  Gb  S32ToDbl.o [11]
__aeabi_ldiv0            0x800'7891          Code  Gb  I64DivZer.o [12]
__aeabi_memclr4          0x800'9979          Code  Gb  ABImemclr4.o [12]
__aeabi_memset           0x800'8905          Code  Gb  ABImemset.o [12]
__aeabi_ui2d             0x800'75b5          Code  Gb  U32ToDbl.o [11]
__cmain                  0x800'b64d          Code  Gb  cmain.o [12]
__exit                   0x800'7895    0x14  Code  Gb  exit.o [13]
__iar_Fail_s             0x800'6da1    0x1c  Code  Gb  xfail_s.o [10]
__iar_Memchr             0x800'6e19          Code  Gb  memchr.o [12]
__iar_Memset             0x800'8905          Code  Gb  ABImemset.o [12]
__iar_Memset4_word       0x800'b481          Code  Gb  ABImemset48.o [12]
__iar_Memset8_word       0x800'b481          Code  Gb  ABImemset48.o [12]
__iar_Memset_word        0x800'890d          Code  Gb  ABImemset.o [12]
__iar_Stdout            0x2000'0a48    0x48  Data  Gb  xfiles.o [10]
__iar_Strchr             0x800'6d81          Code  Gb  strchr.o [12]
__iar_data_init3         0x800'b591    0x28  Code  Gb  data_init.o [12]
__iar_frexp              0x800'6e95          Code  Gb  frexp.o [11]
__iar_frexpl             0x800'6e95          Code  Gb  frexp.o [11]
__iar_init_vfp           0x800'b5b9          Code  Gb  fpinit_M.o [11]
__iar_ldexp64            0x800'6f61          Code  Gb  ldexp.o [11]
__iar_lz77_init_single3
                         0x800'6d03    0x7e  Code  Gb  lz77_init_single.o [12]
__iar_program_start      0x800'b681          Code  Gb  cstartup_M.o [12]
__iar_scalbln64          0x800'6f61          Code  Gb  ldexp.o [11]
__iar_scalbn64           0x800'6f61          Code  Gb  ldexp.o [11]
__iar_small_Memcpy       0x800'6e75          Code  Gb  ABImemcpy_small.o [12]
__iar_small_memcpy       0x800'6e71          Code  Gb  ABImemcpy_small.o [12]
__iar_small_memcpy4      0x800'6e71          Code  Gb  ABImemcpy_small.o [12]
__iar_small_memcpy8      0x800'6e71          Code  Gb  ABImemcpy_small.o [12]
__iar_small_uldivmod     0x800'7785          Code  Gb  I64DivMod_small.o [12]
__iar_softfp___iar_frexp64
                         0x800'6e89          Code  Gb  frexp.o [11]
__iar_softfp_frexp       0x800'6e89          Code  Gb  frexp.o [11]
__iar_softfp_frexpl      0x800'6e89          Code  Gb  frexp.o [11]
__iar_zero_init3         0x800'b529    0x38  Code  Gb  zero_init3.o [12]
__low_level_init         0x800'b66b     0x4  Code  Gb  low_level_init.o [10]
__vector_table           0x800'0000          Data  Gb  startup_stm32l431xx.o [1]
__write                  0x800'b4f9    0x30  Code  Gb  write.o [2]
_call_main               0x800'b659          Code  Gb  cmain.o [12]
_exit                    0x800'b675          Code  Gb  cexit.o [12]
abort                    0x800'788b     0x6  Code  Gb  abort.o [10]
asc2_0806                0x800'018c   0x228  Data  Gb  epd.o [9]
asc2_1206                0x800'03b4   0x474  Data  Gb  epd.o [9]
asc2_1608                0x800'0828   0x5f0  Data  Gb  epd.o [9]
asc2_2412                0x800'0e18   0xd5c  Data  Gb  epd.o [9]
asc2_5036                0x800'1b74  0x243c  Data  Gb  epd.o [9]
elementInfo             0x2000'0000   0xa00  Data  Gb  element.o [8]
exit                     0x800'b66f     0x4  Code  Gb  exit.o [10]
hadc1                   0x2000'0b18    0x64  Data  Gb  adc.o [2]
hopamp1                 0x2000'0c30    0x34  Data  Gb  opamp.o [2]
hrtc                    0x2000'0c88    0x24  Data  Gb  rtc.o [2]
hspi1                   0x2000'0b7c    0x64  Data  Gb  spi.o [2]
huart1                  0x2000'0a90    0x88  Data  Gb  usart.o [2]
ldexp                    0x800'6f61          Code  Gb  ldexp.o [11]
ldexpl                   0x800'6f61          Code  Gb  ldexp.o [11]
localeconv               0x800'777d     0x4  Code  Gb  xlocale_c.o [10]
main                     0x800'8421    0xd2  Code  Gb  main.o [2]
memchr                   0x800'6e19          Code  Gb  memchr.o [12]
memset                   0x800'840d    0x14  Code  Gb  memset.o [12]
obuf                    0x2000'0be0    0x50  Data  Lc  xfiles.o [10]
printf                   0x800'9299    0x28  Code  Gb  printf.o [10]
putchar                  0x800'b4b5    0x44  Code  Gb  putchar.o [10]
scalbln                  0x800'6f61          Code  Gb  ldexp.o [11]
scalblnl                 0x800'6f61          Code  Gb  ldexp.o [11]
scalbn                   0x800'6f61          Code  Gb  ldexp.o [11]
scalbnl                  0x800'6f61          Code  Gb  ldexp.o [11]
scale                    0x800'6c35    0x46  Code  Lc  xprintffull_nomb.o [10]
sec_hand                0x2000'0cac     0x4  Data  Lc  xfail_s.o [10]
sprintf                  0x800'b1a5    0x40  Code  Gb  sprintf.o [10]
strchr                   0x800'6d81          Code  Gb  strchr.o [12]
strlen                   0x800'6de1          Code  Gb  strlen.o [12]
uwTick                  0x2000'0a04     0x4  Data  Gb  stm32l4xx_hal.o [5]
uwTickFreq              0x2000'0a00     0x1  Data  Gb  stm32l4xx_hal.o [5]
uwTickPrio              0x2000'0a08     0x4  Data  Gb  stm32l4xx_hal.o [5]


[1] = E:\eElements\2.Firmware\eElements\EWARM\eElements\Obj\Application\EWARM
[2] = E:\eElements\2.Firmware\eElements\EWARM\eElements\Obj\Application\User\Core
[3] = E:\eElements\2.Firmware\eElements\EWARM\eElements\Obj\Drivers\CMSIS
[4] = E:\eElements\2.Firmware\eElements\EWARM\eElements\Obj\Drivers\PWR
[5] = E:\eElements\2.Firmware\eElements\EWARM\eElements\Obj\Drivers\STM32L4xx_HAL_Driver
[6] = E:\eElements\2.Firmware\eElements\EWARM\eElements\Obj\Drivers\battery
[7] = E:\eElements\2.Firmware\eElements\EWARM\eElements\Obj\Drivers\bsp
[8] = E:\eElements\2.Firmware\eElements\EWARM\eElements\Obj\Drivers\element
[9] = E:\eElements\2.Firmware\eElements\EWARM\eElements\Obj\Drivers\epd
[10] = dl7M_tlf.a
[11] = m7M_tls.a
[12] = rt7M_tl.a
[13] = shb_l.a

  23'199 bytes of readonly  code memory
  24'520 bytes of readonly  data memory
  11'440 bytes of readwrite data memory

Errors: none
Warnings: none
