###############################################################################
#
# IAR ELF Linker V9.30.1.335/W64 for ARM                  14/Mar/2024  20:03:01
# Copyright 2007-2022 IAR Systems AB.
#
#    Output file  =
#        E:\eElements\2.Firmware\eElements\EWARM\eElements\Exe\eElements.out
#    Map file     =
#        E:\eElements\2.Firmware\eElements\EWARM\eElements\List\eElements.map
#    Command line =
#        -f
#        E:\eElements\2.Firmware\eElements\EWARM\eElements\Exe\eElements.out.rsp
#        (E:\eElements\2.Firmware\eElements\EWARM\eElements\Obj\Application\User\Core\adc.o
#        E:\eElements\2.Firmware\eElements\EWARM\eElements\Obj\Drivers\battery\battery.o
#        E:\eElements\2.Firmware\eElements\EWARM\eElements\Obj\Drivers\bsp\bsp.o
#        E:\eElements\2.Firmware\eElements\EWARM\eElements\Obj\Drivers\element\element.o
#        E:\eElements\2.Firmware\eElements\EWARM\eElements\Obj\Drivers\epd\epd.o
#        E:\eElements\2.Firmware\eElements\EWARM\eElements\Obj\Drivers\epd\epd_gui.o
#        E:\eElements\2.Firmware\eElements\EWARM\eElements\Obj\Application\User\Core\gpio.o
#        E:\eElements\2.Firmware\eElements\EWARM\eElements\Obj\Application\User\Core\main.o
#        E:\eElements\2.Firmware\eElements\EWARM\eElements\Obj\Application\User\Core\opamp.o
#        E:\eElements\2.Firmware\eElements\EWARM\eElements\Obj\Drivers\PWR\PWR.o
#        E:\eElements\2.Firmware\eElements\EWARM\eElements\Obj\Application\User\Core\rtc.o
#        E:\eElements\2.Firmware\eElements\EWARM\eElements\Obj\Application\User\Core\spi.o
#        E:\eElements\2.Firmware\eElements\EWARM\eElements\Obj\Application\EWARM\startup_stm32l431xx.o
#        E:\eElements\2.Firmware\eElements\EWARM\eElements\Obj\Drivers\STM32L4xx_HAL_Driver\stm32l4xx_hal.o
#        E:\eElements\2.Firmware\eElements\EWARM\eElements\Obj\Drivers\STM32L4xx_HAL_Driver\stm32l4xx_hal_adc.o
#        E:\eElements\2.Firmware\eElements\EWARM\eElements\Obj\Drivers\STM32L4xx_HAL_Driver\stm32l4xx_hal_adc_ex.o
#        E:\eElements\2.Firmware\eElements\EWARM\eElements\Obj\Drivers\STM32L4xx_HAL_Driver\stm32l4xx_hal_cortex.o
#        E:\eElements\2.Firmware\eElements\EWARM\eElements\Obj\Drivers\STM32L4xx_HAL_Driver\stm32l4xx_hal_dma.o
#        E:\eElements\2.Firmware\eElements\EWARM\eElements\Obj\Drivers\STM32L4xx_HAL_Driver\stm32l4xx_hal_dma_ex.o
#        E:\eElements\2.Firmware\eElements\EWARM\eElements\Obj\Drivers\STM32L4xx_HAL_Driver\stm32l4xx_hal_exti.o
#        E:\eElements\2.Firmware\eElements\EWARM\eElements\Obj\Drivers\STM32L4xx_HAL_Driver\stm32l4xx_hal_flash.o
#        E:\eElements\2.Firmware\eElements\EWARM\eElements\Obj\Drivers\STM32L4xx_HAL_Driver\stm32l4xx_hal_flash_ex.o
#        E:\eElements\2.Firmware\eElements\EWARM\eElements\Obj\Drivers\STM32L4xx_HAL_Driver\stm32l4xx_hal_flash_ramfunc.o
#        E:\eElements\2.Firmware\eElements\EWARM\eElements\Obj\Drivers\STM32L4xx_HAL_Driver\stm32l4xx_hal_gpio.o
#        E:\eElements\2.Firmware\eElements\EWARM\eElements\Obj\Drivers\STM32L4xx_HAL_Driver\stm32l4xx_hal_i2c.o
#        E:\eElements\2.Firmware\eElements\EWARM\eElements\Obj\Drivers\STM32L4xx_HAL_Driver\stm32l4xx_hal_i2c_ex.o
#        E:\eElements\2.Firmware\eElements\EWARM\eElements\Obj\Application\User\Core\stm32l4xx_hal_msp.o
#        E:\eElements\2.Firmware\eElements\EWARM\eElements\Obj\Drivers\STM32L4xx_HAL_Driver\stm32l4xx_hal_opamp.o
#        E:\eElements\2.Firmware\eElements\EWARM\eElements\Obj\Drivers\STM32L4xx_HAL_Driver\stm32l4xx_hal_opamp_ex.o
#        E:\eElements\2.Firmware\eElements\EWARM\eElements\Obj\Drivers\STM32L4xx_HAL_Driver\stm32l4xx_hal_pwr.o
#        E:\eElements\2.Firmware\eElements\EWARM\eElements\Obj\Drivers\STM32L4xx_HAL_Driver\stm32l4xx_hal_pwr_ex.o
#        E:\eElements\2.Firmware\eElements\EWARM\eElements\Obj\Drivers\STM32L4xx_HAL_Driver\stm32l4xx_hal_rcc.o
#        E:\eElements\2.Firmware\eElements\EWARM\eElements\Obj\Drivers\STM32L4xx_HAL_Driver\stm32l4xx_hal_rcc_ex.o
#        E:\eElements\2.Firmware\eElements\EWARM\eElements\Obj\Drivers\STM32L4xx_HAL_Driver\stm32l4xx_hal_rtc.o
#        E:\eElements\2.Firmware\eElements\EWARM\eElements\Obj\Drivers\STM32L4xx_HAL_Driver\stm32l4xx_hal_rtc_ex.o
#        E:\eElements\2.Firmware\eElements\EWARM\eElements\Obj\Drivers\STM32L4xx_HAL_Driver\stm32l4xx_hal_spi.o
#        E:\eElements\2.Firmware\eElements\EWARM\eElements\Obj\Drivers\STM32L4xx_HAL_Driver\stm32l4xx_hal_spi_ex.o
#        E:\eElements\2.Firmware\eElements\EWARM\eElements\Obj\Drivers\STM32L4xx_HAL_Driver\stm32l4xx_hal_tim.o
#        E:\eElements\2.Firmware\eElements\EWARM\eElements\Obj\Drivers\STM32L4xx_HAL_Driver\stm32l4xx_hal_tim_ex.o
#        E:\eElements\2.Firmware\eElements\EWARM\eElements\Obj\Drivers\STM32L4xx_HAL_Driver\stm32l4xx_hal_uart.o
#        E:\eElements\2.Firmware\eElements\EWARM\eElements\Obj\Drivers\STM32L4xx_HAL_Driver\stm32l4xx_hal_uart_ex.o
#        E:\eElements\2.Firmware\eElements\EWARM\eElements\Obj\Application\User\Core\stm32l4xx_it.o
#        E:\eElements\2.Firmware\eElements\EWARM\eElements\Obj\Drivers\CMSIS\system_stm32l4xx.o
#        E:\eElements\2.Firmware\eElements\EWARM\eElements\Obj\Application\User\Core\usart.o
#        E:\eElements\2.Firmware\eElements\EWARM\eElements\Obj\Application\User\Core\write.o
#        --no_out_extension -o
#        E:\eElements\2.Firmware\eElements\EWARM\eElements\Exe\eElements.out
#        --redirect _Printf=_PrintfFullNoMb --redirect _Scanf=_ScanfFullNoMb
#        --map
#        E:\eElements\2.Firmware\eElements\EWARM\eElements\List\eElements.map
#        --config E:\eElements\2.Firmware\eElements\EWARM/stm32l431xx_flash.icf
#        --semihosting --entry __iar_program_start --vfe --text_out locale
#        --cpu=Cortex-M4 --fpu=VFPv4_sp)
#
###############################################################################

*******************************************************************************
*** RUNTIME MODEL ATTRIBUTES
***

CppFlavor       = *
__CPP_Runtime   = 1
__SystemLibrary = DLib
__dlib_version  = 6


*******************************************************************************
*** HEAP SELECTION
***

The basic heap was selected because --advanced_heap
was not specified and the application did not appear to
be primarily optimized for speed.


*******************************************************************************
*** PLACEMENT SUMMARY
***

"A0":  place at address 0x800'0000 { ro section .intvec };
"P1":  place in [from 0x800'0000 to 0x803'ffff] { ro };
define block CSTACK with size = 8K, alignment = 8 { };
define block HEAP with size = 8K, alignment = 8 { };
"P2":  place in [from 0x2000'0000 to 0x2000'ffff] {
          rw, block CSTACK, block HEAP };
initialize by copy { rw };

  Section            Kind         Address    Size  Object
  -------            ----         -------    ----  ------
"A0":                                       0x18c
  .intvec            ro code   0x800'0000   0x18c  startup_stm32l431xx.o [1]
                             - 0x800'018c   0x18c

"P1":                                      0x720e
  .rodata            const     0x800'018c  0x19e8  epd.o [9]
  .text              ro code   0x800'1b74   0xeaa  xprintffull_nomb.o [10]
  .text              ro code   0x800'2a1e    0x3a  packbits_init_single.o [12]
  .text              ro code   0x800'2a58    0x16  strchr.o [12]
  .text              ro code   0x800'2a6e     0xa  xsprout.o [10]
  .text              ro code   0x800'2a78    0x40  xfail_s.o [10]
  .text              ro code   0x800'2ab8    0x36  strlen.o [12]
  .rodata            const     0x800'2aee     0x2  xlocale_c.o [10]
  .text              ro code   0x800'2af0    0x58  memchr.o [12]
  .text              ro code   0x800'2b48    0x18  ABImemcpy_small.o [12]
  .text              ro code   0x800'2b60    0x70  frexp.o [11]
  .text              ro code   0x800'2bd0    0x34  DblCmpLe.o [11]
  .text              ro code   0x800'2c04    0x34  DblCmpGe.o [11]
  .text              ro code   0x800'2c38   0x13a  ldexp.o [11]
  .rodata            const     0x800'2d72     0x1  xlocale_c.o [10]
  .text              ro code   0x800'2d74    0x36  DblToS32.o [11]
  .text              ro code   0x800'2dac    0x22  S32ToDbl.o [11]
  .text              ro code   0x800'2dd0   0x24e  DblAddSub.o [11]
  .text              ro code   0x800'3020   0x246  DblDiv.o [11]
  .text              ro code   0x800'3268    0x22  DblToU32.o [11]
  .text              ro code   0x800'328c    0x1c  U32ToDbl.o [11]
  .text              ro code   0x800'32a8   0x1aa  DblMul.o [11]
  .text              ro code   0x800'3454     0x8  xlocale_c.o [10]
  .text              ro code   0x800'345c   0x106  I64DivMod_small.o [12]
  .text              ro code   0x800'3562     0x6  abort.o [10]
  .text              ro code   0x800'3568     0x2  I64DivZer.o [12]
  .text              ro code   0x800'356c    0x14  exit.o [13]
  .text              ro code   0x800'3580   0xa74  stm32l4xx_hal_adc.o [5]
  .text              ro code   0x800'3ff4    0xe4  adc.o [2]
  .text              ro code   0x800'40d8     0xc  stm32l4xx_hal.o [5]
  .text              ro code   0x800'40e4    0x14  memset.o [12]
  .text              ro code   0x800'40f8   0x144  main.o [2]
  .text              ro code   0x800'423c   0x37c  stm32l4xx_hal_rcc_ex.o [5]
  .text              ro code   0x800'45b8    0x66  ABImemset.o [12]
  .text              ro code   0x800'4620    0x1e  stm32l4xx_hal.o [5]
  .text              ro code   0x800'4640   0x116  gpio.o [2]
  .text              ro code   0x800'4758   0x114  spi.o [2]
  .text              ro code   0x800'486c    0xe0  usart.o [2]
  .text              ro code   0x800'494c    0xac  opamp.o [2]
  .text              ro code   0x800'49f8    0x88  rtc.o [2]
  .text              ro code   0x800'4a80    0xf0  epd_gui.o [9]
  .text              ro code   0x800'4b70    0x28  stm32l4xx_hal.o [5]
  .text              ro code   0x800'4b98   0x120  PWR.o [4]
  .text              ro code   0x800'4cb8    0x28  printf.o [10]
  .text              ro code   0x800'4ce0   0x5f4  stm32l4xx_hal_uart.o [5]
  .text              ro code   0x800'52d4   0x108  bsp.o [7]
  .text              ro code   0x800'53dc    0x7c  battery.o [6]
  .text              ro code   0x800'5458    0x48  FltToDbl.o [11]
  .text              ro code   0x800'54a0     0x6  ABImemclr4.o [12]
  .text              ro code   0x800'54a8    0xac  stm32l4xx_hal_pwr_ex.o [5]
  .text              ro code   0x800'5554   0x734  stm32l4xx_hal_rcc.o [5]
  .text              ro code   0x800'5c88    0xc4  stm32l4xx_hal_cortex.o [5]
  .text              ro code   0x800'5d4c    0x44  stm32l4xx_hal.o [5]
  .text              ro code   0x800'5d90    0x30  stm32l4xx_hal_msp.o [2]
  .text              ro code   0x800'5dc0   0x2e4  stm32l4xx_hal_gpio.o [5]
  .text              ro code   0x800'60a4   0x4c8  stm32l4xx_hal_spi.o [5]
  .text              ro code   0x800'656c   0x18c  stm32l4xx_hal_opamp.o [5]
  .text              ro code   0x800'66f8   0x16c  stm32l4xx_hal_rtc.o [5]
  .text              ro code   0x800'6864   0x38c  epd.o [9]
  .text              ro code   0x800'6bf0    0x40  sprintf.o [10]
  .text              ro code   0x800'6c30   0x1a0  stm32l4xx_hal_rtc_ex.o [5]
  .text              ro code   0x800'6dd0    0x94  stm32l4xx_hal_adc_ex.o [5]
  .text              ro code   0x800'6e64    0x68  DblToFlt.o [11]
  .text              ro code   0x800'6ecc    0x32  ABImemset48.o [12]
  .text              ro code   0x800'6efe     0x2  stm32l4xx_hal_rtc_ex.o [5]
  .text              ro code   0x800'6f00    0x44  putchar.o [10]
  .text              ro code   0x800'6f44    0x30  write.o [2]
  .text              ro code   0x800'6f74    0x38  zero_init3.o [12]
  .rodata            const     0x800'6fac    0x30  system_stm32l4xx.o [3]
  .text              ro code   0x800'6fdc    0x28  data_init.o [12]
  .text              ro code   0x800'7004    0x22  fpinit_M.o [11]
  .iar.init_table    const     0x800'7028    0x20  - Linker created -
  .text              ro code   0x800'7048    0x20  stm32l4xx_it.o [2]
  .text              ro code   0x800'7068    0x10  stm32l4xx_hal.o [5]
  .text              ro code   0x800'7078    0x20  system_stm32l4xx.o [3]
  .text              ro code   0x800'7098    0x1e  cmain.o [12]
  .text              ro code   0x800'70b6     0x4  low_level_init.o [10]
  .text              ro code   0x800'70ba     0x4  exit.o [10]
  .text              ro code   0x800'70c0     0xa  cexit.o [12]
  .text              ro code   0x800'70cc    0x1c  cstartup_M.o [12]
  .text              ro code   0x800'70e8    0x16  xprout.o [10]
  .text              ro code   0x800'7100    0x10  startup_stm32l431xx.o [1]
  .rodata            const     0x800'7110     0x8  system_stm32l4xx.o [3]
  .text              ro code   0x800'7118     0x4  startup_stm32l431xx.o [1]
  .text              ro code   0x800'711c     0x4  startup_stm32l431xx.o [1]
  .text              ro code   0x800'7120     0x4  startup_stm32l431xx.o [1]
  .text              ro code   0x800'7124     0x4  startup_stm32l431xx.o [1]
  .text              ro code   0x800'7128     0x4  startup_stm32l431xx.o [1]
  .text              ro code   0x800'712c     0x4  startup_stm32l431xx.o [1]
  .text              ro code   0x800'7130     0x4  startup_stm32l431xx.o [1]
  .text              ro code   0x800'7134     0x4  startup_stm32l431xx.o [1]
  .text              ro code   0x800'7138     0x4  startup_stm32l431xx.o [1]
  .text              ro code   0x800'713c     0x4  startup_stm32l431xx.o [1]
  .text              ro code   0x800'7140     0x4  startup_stm32l431xx.o [1]
  .text              ro code   0x800'7144     0x4  startup_stm32l431xx.o [1]
  .text              ro code   0x800'7148     0x4  startup_stm32l431xx.o [1]
  .text              ro code   0x800'714c     0x4  startup_stm32l431xx.o [1]
  .text              ro code   0x800'7150     0x4  startup_stm32l431xx.o [1]
  .text              ro code   0x800'7154     0x4  startup_stm32l431xx.o [1]
  .text              ro code   0x800'7158     0x4  startup_stm32l431xx.o [1]
  .text              ro code   0x800'715c     0x4  startup_stm32l431xx.o [1]
  .text              ro code   0x800'7160     0x4  startup_stm32l431xx.o [1]
  .text              ro code   0x800'7164     0x4  startup_stm32l431xx.o [1]
  .text              ro code   0x800'7168     0x4  startup_stm32l431xx.o [1]
  .text              ro code   0x800'716c     0x4  startup_stm32l431xx.o [1]
  .text              ro code   0x800'7170     0x4  startup_stm32l431xx.o [1]
  .text              ro code   0x800'7174     0x4  startup_stm32l431xx.o [1]
  .text              ro code   0x800'7178     0x4  startup_stm32l431xx.o [1]
  .text              ro code   0x800'717c     0x4  startup_stm32l431xx.o [1]
  .text              ro code   0x800'7180     0x4  startup_stm32l431xx.o [1]
  .text              ro code   0x800'7184     0x4  startup_stm32l431xx.o [1]
  .text              ro code   0x800'7188     0x4  startup_stm32l431xx.o [1]
  .text              ro code   0x800'718c     0x4  startup_stm32l431xx.o [1]
  .text              ro code   0x800'7190     0x4  startup_stm32l431xx.o [1]
  .text              ro code   0x800'7194     0x4  startup_stm32l431xx.o [1]
  .text              ro code   0x800'7198     0x4  startup_stm32l431xx.o [1]
  .text              ro code   0x800'719c     0x4  startup_stm32l431xx.o [1]
  .text              ro code   0x800'71a0     0x4  startup_stm32l431xx.o [1]
  .text              ro code   0x800'71a4     0x4  startup_stm32l431xx.o [1]
  .text              ro code   0x800'71a8     0x4  startup_stm32l431xx.o [1]
  .text              ro code   0x800'71ac     0x4  startup_stm32l431xx.o [1]
  .text              ro code   0x800'71b0     0x4  startup_stm32l431xx.o [1]
  .text              ro code   0x800'71b4     0x4  startup_stm32l431xx.o [1]
  .text              ro code   0x800'71b8     0x4  startup_stm32l431xx.o [1]
  .text              ro code   0x800'71bc     0x4  startup_stm32l431xx.o [1]
  .text              ro code   0x800'71c0     0x4  startup_stm32l431xx.o [1]
  .text              ro code   0x800'71c4     0x4  startup_stm32l431xx.o [1]
  .text              ro code   0x800'71c8     0x4  startup_stm32l431xx.o [1]
  .text              ro code   0x800'71cc     0x4  startup_stm32l431xx.o [1]
  .text              ro code   0x800'71d0     0x4  startup_stm32l431xx.o [1]
  .text              ro code   0x800'71d4     0x4  startup_stm32l431xx.o [1]
  .text              ro code   0x800'71d8     0x4  startup_stm32l431xx.o [1]
  .text              ro code   0x800'71dc     0x4  startup_stm32l431xx.o [1]
  .text              ro code   0x800'71e0     0x4  startup_stm32l431xx.o [1]
  .text              ro code   0x800'71e4     0x4  startup_stm32l431xx.o [1]
  .text              ro code   0x800'71e8     0x4  startup_stm32l431xx.o [1]
  .text              ro code   0x800'71ec     0x4  startup_stm32l431xx.o [1]
  .text              ro code   0x800'71f0     0x4  startup_stm32l431xx.o [1]
  .text              ro code   0x800'71f4     0x4  startup_stm32l431xx.o [1]
  .text              ro code   0x800'71f8     0x4  startup_stm32l431xx.o [1]
  .text              ro code   0x800'71fc     0x4  startup_stm32l431xx.o [1]
  .text              ro code   0x800'7200     0x4  startup_stm32l431xx.o [1]
  .text              ro code   0x800'7204     0x4  startup_stm32l431xx.o [1]
  .text              ro code   0x800'7208     0x4  startup_stm32l431xx.o [1]
  .text              ro code   0x800'720c     0x4  startup_stm32l431xx.o [1]
  .text              ro code   0x800'7210     0x4  startup_stm32l431xx.o [1]
  .rodata            const     0x800'7214     0x0  zero_init3.o [12]
  .rodata            const     0x800'7214     0x0  packbits_init_single.o [12]
  Initializer bytes  const     0x800'7214   0x186  <for P2-1>
                             - 0x800'739a  0x720e

"P2", part 1 of 3:                          0x288
  P2-1                        0x2000'0000   0x288  <Init block>
    .data            inited   0x2000'0000   0x1f8  element.o [8]
    .data            inited   0x2000'01f8     0xc  stm32l4xx_hal.o [5]
    .data            inited   0x2000'0204     0x4  system_stm32l4xx.o [3]
    .data            inited   0x2000'0208    0x38  xlocale_c.o [10]
    .data            inited   0x2000'0240    0x48  xfiles.o [10]
                            - 0x2000'0288   0x288

"P2", part 2 of 3:                          0x220
  .bss               zero     0x2000'0288    0x88  usart.o [2]
  .bss               zero     0x2000'0310    0x64  adc.o [2]
  .bss               zero     0x2000'0374    0x64  spi.o [2]
  .bss               zero     0x2000'03d8    0x50  xfiles.o [10]
  .bss               zero     0x2000'0428    0x34  opamp.o [2]
  .bss               zero     0x2000'045c    0x24  epd.o [9]
  .bss               zero     0x2000'0480    0x24  rtc.o [2]
  .bss               zero     0x2000'04a4     0x4  xfail_s.o [10]
                            - 0x2000'04a8   0x220

"P2", part 3 of 3:                         0x2000
  CSTACK                      0x2000'04a8  0x2000  <Block>
    CSTACK           uninit   0x2000'04a8  0x2000  <Block tail>
                            - 0x2000'24a8  0x2000

Unused ranges:

         From           To      Size
         ----           --      ----
   0x800'739a   0x803'ffff  0x3'8c66
  0x2000'24a8  0x2000'ffff    0xdb58


*******************************************************************************
*** INIT TABLE
***

          Address      Size
          -------      ----
Zero (__iar_zero_init3)
    1 destination range, total size 0x220:
          0x2000'0288  0x220

Copy/packbits (__iar_packbits_init_single3)
    1 source range, total size 0x186 (60% of destination):
           0x800'7214  0x186
    1 destination range, total size 0x288:
          0x2000'0000  0x288



*******************************************************************************
*** MODULE SUMMARY
***

    Module                  ro code  ro data  rw data
    ------                  -------  -------  -------
command line/config:
    -------------------------------------------------
    Total:

E:\eElements\2.Firmware\eElements\EWARM\eElements\Obj\Application\EWARM: [1]
    startup_stm32l431xx.o       664
    -------------------------------------------------
    Total:                      664

E:\eElements\2.Firmware\eElements\EWARM\eElements\Obj\Application\User\Core: [2]
    adc.o                       228               100
    gpio.o                      278
    main.o                      324
    opamp.o                     172                52
    rtc.o                       136                36
    spi.o                       276               100
    stm32l4xx_hal_msp.o          48
    stm32l4xx_it.o               32
    usart.o                     224               136
    write.o                      48
    -------------------------------------------------
    Total:                    1'766               424

E:\eElements\2.Firmware\eElements\EWARM\eElements\Obj\Drivers\CMSIS: [3]
    system_stm32l4xx.o           32       58        4
    -------------------------------------------------
    Total:                       32       58        4

E:\eElements\2.Firmware\eElements\EWARM\eElements\Obj\Drivers\PWR: [4]
    PWR.o                       288
    -------------------------------------------------
    Total:                      288

E:\eElements\2.Firmware\eElements\EWARM\eElements\Obj\Drivers\STM32L4xx_HAL_Driver: [5]
    stm32l4xx_hal.o             166        7       12
    stm32l4xx_hal_adc.o       2'676
    stm32l4xx_hal_adc_ex.o      148
    stm32l4xx_hal_cortex.o      196
    stm32l4xx_hal_gpio.o        740
    stm32l4xx_hal_opamp.o       396
    stm32l4xx_hal_pwr_ex.o      172
    stm32l4xx_hal_rcc.o       1'844
    stm32l4xx_hal_rcc_ex.o      892
    stm32l4xx_hal_rtc.o         364
    stm32l4xx_hal_rtc_ex.o      418
    stm32l4xx_hal_spi.o       1'224
    stm32l4xx_hal_uart.o      1'524
    -------------------------------------------------
    Total:                   10'760        7       12

E:\eElements\2.Firmware\eElements\EWARM\eElements\Obj\Drivers\battery: [6]
    battery.o                   124
    -------------------------------------------------
    Total:                      124

E:\eElements\2.Firmware\eElements\EWARM\eElements\Obj\Drivers\bsp: [7]
    bsp.o                       264
    -------------------------------------------------
    Total:                      264

E:\eElements\2.Firmware\eElements\EWARM\eElements\Obj\Drivers\element: [8]
    element.o                            303      504
    -------------------------------------------------
    Total:                               303      504

E:\eElements\2.Firmware\eElements\EWARM\eElements\Obj\Drivers\epd: [9]
    epd.o                       908    6'632       36
    epd_gui.o                   240
    -------------------------------------------------
    Total:                    1'148    6'632       36

dl7M_tlf.a: [10]
    abort.o                       6
    exit.o                        4
    low_level_init.o              4
    printf.o                     40
    putchar.o                    68
    sprintf.o                    64
    xfail_s.o                    64                 4
    xfiles.o                              44      152
    xlocale_c.o                   8       37       56
    xprintffull_nomb.o        3'754
    xprout.o                     22
    xsprout.o                    10
    -------------------------------------------------
    Total:                    4'044       81      212

m7M_tls.a: [11]
    DblAddSub.o                 590
    DblCmpGe.o                   52
    DblCmpLe.o                   52
    DblDiv.o                    582
    DblMul.o                    426
    DblToFlt.o                  104
    DblToS32.o                   54
    DblToU32.o                   34
    FltToDbl.o                   72
    S32ToDbl.o                   34
    U32ToDbl.o                   28
    fpinit_M.o                   34
    frexp.o                     112
    ldexp.o                     314
    -------------------------------------------------
    Total:                    2'488

rt7M_tl.a: [12]
    ABImemclr4.o                  6
    ABImemcpy_small.o            24
    ABImemset.o                 102
    ABImemset48.o                50
    I64DivMod_small.o           262
    I64DivZer.o                   2
    cexit.o                      10
    cmain.o                      30
    cstartup_M.o                 28
    data_init.o                  40
    memchr.o                     88
    memset.o                     20
    packbits_init_single.o       58
    strchr.o                     22
    strlen.o                     54
    zero_init3.o                 56
    -------------------------------------------------
    Total:                      852

shb_l.a: [13]
    exit.o                       20
    -------------------------------------------------
    Total:                       20

    Gaps                         29        2
    Linker created                        32    8'192
-----------------------------------------------------
    Grand Total:             22'479    7'115    9'384


*******************************************************************************
*** ENTRY LIST
***

Entry                       Address   Size  Type      Object
-----                       -------   ----  ----      ------
.iar.init_table$$Base    0x800'7028          --   Gb  - Linker created -
.iar.init_table$$Limit   0x800'7048          --   Gb  - Linker created -
?main                    0x800'7099         Code  Gb  cmain.o [12]
ADC1_IRQHandler          0x800'715d         Code  Wk  startup_stm32l431xx.o [1]
ADC_ConversionStop       0x800'3df7   0xb6  Code  Gb  stm32l4xx_hal_adc.o [5]
ADC_Disable              0x800'3f51   0x70  Code  Gb  stm32l4xx_hal_adc.o [5]
ADC_Enable               0x800'3ead   0x80  Code  Gb  stm32l4xx_hal_adc.o [5]
AHBPrescTable            0x800'7088   0x10  Data  Gb  system_stm32l4xx.o [3]
APBPrescTable            0x800'7110    0x8  Data  Gb  system_stm32l4xx.o [3]
Bat_GetVoltage           0x800'53dd   0x6c  Code  Gb  battery.o [6]
BusFault_Handler         0x800'704f    0x2  Code  Gb  stm32l4xx_it.o [2]
CAN1_RX0_IRQHandler      0x800'7165         Code  Wk  startup_stm32l431xx.o [1]
CAN1_RX1_IRQHandler      0x800'7169         Code  Wk  startup_stm32l431xx.o [1]
CAN1_SCE_IRQHandler      0x800'716d         Code  Wk  startup_stm32l431xx.o [1]
CAN1_TX_IRQHandler       0x800'7161         Code  Wk  startup_stm32l431xx.o [1]
COMP_IRQHandler          0x800'71d9         Code  Wk  startup_stm32l431xx.o [1]
CRS_IRQHandler           0x800'7211         Code  Wk  startup_stm32l431xx.o [1]
CSTACK$$Base            0x2000'04a8          --   Gb  - Linker created -
CSTACK$$Limit           0x2000'24a8          --   Gb  - Linker created -
DMA1_Channel1_IRQHandler
                         0x800'7141         Code  Wk  startup_stm32l431xx.o [1]
DMA1_Channel2_IRQHandler
                         0x800'7145         Code  Wk  startup_stm32l431xx.o [1]
DMA1_Channel3_IRQHandler
                         0x800'7149         Code  Wk  startup_stm32l431xx.o [1]
DMA1_Channel4_IRQHandler
                         0x800'714d         Code  Wk  startup_stm32l431xx.o [1]
DMA1_Channel5_IRQHandler
                         0x800'7151         Code  Wk  startup_stm32l431xx.o [1]
DMA1_Channel6_IRQHandler
                         0x800'7155         Code  Wk  startup_stm32l431xx.o [1]
DMA1_Channel7_IRQHandler
                         0x800'7159         Code  Wk  startup_stm32l431xx.o [1]
DMA2_Channel1_IRQHandler
                         0x800'71c5         Code  Wk  startup_stm32l431xx.o [1]
DMA2_Channel2_IRQHandler
                         0x800'71c9         Code  Wk  startup_stm32l431xx.o [1]
DMA2_Channel3_IRQHandler
                         0x800'71cd         Code  Wk  startup_stm32l431xx.o [1]
DMA2_Channel4_IRQHandler
                         0x800'71d1         Code  Wk  startup_stm32l431xx.o [1]
DMA2_Channel5_IRQHandler
                         0x800'71d5         Code  Wk  startup_stm32l431xx.o [1]
DMA2_Channel6_IRQHandler
                         0x800'71e5         Code  Wk  startup_stm32l431xx.o [1]
DMA2_Channel7_IRQHandler
                         0x800'71e9         Code  Wk  startup_stm32l431xx.o [1]
DebugMon_Handler         0x800'7055    0x2  Code  Gb  stm32l4xx_it.o [2]
EPD_Clear                0x800'6a17   0x28  Code  Gb  epd.o [9]
EPD_Deinit               0x800'53bf   0x10  Code  Gb  bsp.o [7]
EPD_Display              0x800'6a45   0x22  Code  Gb  epd.o [9]
EPD_DrawEmpty            0x800'4b29   0x32  Code  Gb  epd_gui.o [9]
EPD_DrawFrame            0x800'4a81   0xa2  Code  Gb  epd_gui.o [9]
EPD_DrawPoint            0x800'6a3f    0x6  Code  Gb  epd.o [9]
EPD_GPIO_Deinit          0x800'535b   0x3a  Code  Gb  bsp.o [7]
EPD_GPIO_Init            0x800'52ff   0x42  Code  Gb  bsp.o [7]
EPD_GUIInit              0x800'68c9   0xa6  Code  Gb  epd.o [9]
EPD_Init                 0x800'53b1    0xe  Code  Gb  bsp.o [7]
EPD_Pow                  0x800'6b65   0x12  Code  Gb  epd.o [9]
EPD_ShowChar             0x800'6a67   0xca  Code  Gb  epd.o [9]
EPD_ShowNum              0x800'6b77   0x5e  Code  Gb  epd.o [9]
EPD_ShowString           0x800'6b37   0x2e  Code  Gb  epd.o [9]
EPD_Update               0x800'68b3   0x16  Code  Gb  epd.o [9]
EPD_WR_Bus               0x800'6865   0x14  Code  Gb  epd.o [9]
EPD_WR_DATA8             0x800'689f    0x2  Code  Gb  epd.o [9]
EPD_WR_REG               0x800'6879   0x26  Code  Gb  epd.o [9]
EXTI0_IRQHandler         0x800'712d         Code  Wk  startup_stm32l431xx.o [1]
EXTI15_10_IRQHandler     0x800'71ad         Code  Wk  startup_stm32l431xx.o [1]
EXTI1_IRQHandler         0x800'7131         Code  Wk  startup_stm32l431xx.o [1]
EXTI2_IRQHandler         0x800'7135         Code  Wk  startup_stm32l431xx.o [1]
EXTI3_IRQHandler         0x800'7139         Code  Wk  startup_stm32l431xx.o [1]
EXTI4_IRQHandler         0x800'713d         Code  Wk  startup_stm32l431xx.o [1]
EXTI9_5_IRQHandler       0x800'7171         Code  Wk  startup_stm32l431xx.o [1]
Epaper_READBUSY          0x800'68a1   0x12  Code  Gb  epd.o [9]
Error_Handler            0x800'4217    0x4  Code  Gb  main.o [2]
FLASH_IRQHandler         0x800'7125         Code  Wk  startup_stm32l431xx.o [1]
FPU_IRQHandler           0x800'720d         Code  Wk  startup_stm32l431xx.o [1]
HAL_ADCEx_Calibration_Start
                         0x800'6dd1   0x8a  Code  Gb  stm32l4xx_hal_adc_ex.o [5]
HAL_ADC_ConfigChannel    0x800'3a6d  0x324  Code  Gb  stm32l4xx_hal_adc.o [5]
HAL_ADC_DeInit           0x800'375d  0x164  Code  Gb  stm32l4xx_hal_adc.o [5]
HAL_ADC_GetValue         0x800'3a65    0x6  Code  Gb  stm32l4xx_hal_adc.o [5]
HAL_ADC_Init             0x800'35d3  0x18a  Code  Gb  stm32l4xx_hal_adc.o [5]
HAL_ADC_MspDeInit        0x800'40b3   0x14  Code  Gb  adc.o [2]
HAL_ADC_MspInit          0x800'406b   0x48  Code  Gb  adc.o [2]
HAL_ADC_PollForConversion
                         0x800'3937   0xba  Code  Gb  stm32l4xx_hal_adc.o [5]
HAL_ADC_Start            0x800'38c7   0x50  Code  Gb  stm32l4xx_hal_adc.o [5]
HAL_ADC_Stop             0x800'3917   0x20  Code  Gb  stm32l4xx_hal_adc.o [5]
HAL_Delay                0x800'4b71   0x28  Code  Wk  stm32l4xx_hal.o [5]
HAL_GPIO_DeInit          0x800'5f73   0xfe  Code  Gb  stm32l4xx_hal_gpio.o [5]
HAL_GPIO_Init            0x800'5dc1  0x1b2  Code  Gb  stm32l4xx_hal_gpio.o [5]
HAL_GPIO_ReadPin         0x800'6071    0xc  Code  Gb  stm32l4xx_hal_gpio.o [5]
HAL_GPIO_WritePin        0x800'607d    0xa  Code  Gb  stm32l4xx_hal_gpio.o [5]
HAL_GetTick              0x800'40d9    0xc  Code  Wk  stm32l4xx_hal.o [5]
HAL_IncTick              0x800'7069   0x10  Code  Wk  stm32l4xx_hal.o [5]
HAL_Init                 0x800'4621   0x1e  Code  Gb  stm32l4xx_hal.o [5]
HAL_InitTick             0x800'5d4d   0x44  Code  Wk  stm32l4xx_hal.o [5]
HAL_MspInit              0x800'5d91   0x30  Code  Gb  stm32l4xx_hal_msp.o [2]
HAL_NVIC_EnableIRQ       0x800'5cf9   0x16  Code  Gb  stm32l4xx_hal_cortex.o [5]
HAL_NVIC_SetPriority     0x800'5cbd   0x3a  Code  Gb  stm32l4xx_hal_cortex.o [5]
HAL_NVIC_SetPriorityGrouping
                         0x800'5ca3   0x1a  Code  Gb  stm32l4xx_hal_cortex.o [5]
HAL_OPAMP_DeInit         0x800'6649   0x36  Code  Gb  stm32l4xx_hal_opamp.o [5]
HAL_OPAMP_Init           0x800'656d   0xcc  Code  Gb  stm32l4xx_hal_opamp.o [5]
HAL_OPAMP_MspDeInit      0x800'49cb   0x1e  Code  Gb  opamp.o [2]
HAL_OPAMP_MspInit        0x800'4973   0x58  Code  Gb  opamp.o [2]
HAL_OPAMP_Start          0x800'667f   0x2a  Code  Gb  stm32l4xx_hal_opamp.o [5]
HAL_OPAMP_Stop           0x800'66a9   0x30  Code  Gb  stm32l4xx_hal_opamp.o [5]
HAL_PWREx_ControlVoltageScaling
                         0x800'54b5   0x62  Code  Gb  stm32l4xx_hal_pwr_ex.o [5]
HAL_PWREx_EnterSTOP2Mode
                         0x800'5521   0x24  Code  Gb  stm32l4xx_hal_pwr_ex.o [5]
HAL_PWREx_GetVoltageRange
                         0x800'54a9    0xc  Code  Gb  stm32l4xx_hal_pwr_ex.o [5]
HAL_RCCEx_PeriphCLKConfig
                         0x800'423d  0x250  Code  Gb  stm32l4xx_hal_rcc_ex.o [5]
HAL_RCC_ClockConfig      0x800'59e9   0xfa  Code  Gb  stm32l4xx_hal_rcc.o [5]
HAL_RCC_GetPCLK1Freq     0x800'5bab   0x10  Code  Gb  stm32l4xx_hal_rcc.o [5]
HAL_RCC_GetPCLK2Freq     0x800'5bbb    0xe  Code  Gb  stm32l4xx_hal_rcc.o [5]
HAL_RCC_GetSysClockFreq
                         0x800'5b19   0x92  Code  Gb  stm32l4xx_hal_rcc.o [5]
HAL_RCC_OscConfig        0x800'5555  0x45c  Code  Gb  stm32l4xx_hal_rcc.o [5]
HAL_RTCEx_DeactivateWakeUpTimer
                         0x800'6cf7   0x58  Code  Gb  stm32l4xx_hal_rtc_ex.o [5]
HAL_RTCEx_SetWakeUpTimer_IT
                         0x800'6c31   0x88  Code  Gb  stm32l4xx_hal_rtc_ex.o [5]
HAL_RTCEx_WakeUpTimerEventCallback
                         0x800'6eff    0x2  Code  Wk  stm32l4xx_hal_rtc_ex.o [5]
HAL_RTCEx_WakeUpTimerIRQHandler
                         0x800'6d69   0x30  Code  Gb  stm32l4xx_hal_rtc_ex.o [5]
HAL_RTC_Init             0x800'66f9   0xa4  Code  Gb  stm32l4xx_hal_rtc.o [5]
HAL_RTC_MspInit          0x800'4a25   0x4e  Code  Gb  rtc.o [2]
HAL_RTC_WaitForSynchro   0x800'679d   0x2e  Code  Gb  stm32l4xx_hal_rtc.o [5]
HAL_SPI_DeInit           0x800'6179   0x2a  Code  Gb  stm32l4xx_hal_spi.o [5]
HAL_SPI_Init             0x800'60a5   0xd4  Code  Gb  stm32l4xx_hal_spi.o [5]
HAL_SPI_MspDeInit        0x800'482b   0x2c  Code  Gb  spi.o [2]
HAL_SPI_MspInit          0x800'479d   0x8e  Code  Gb  spi.o [2]
HAL_SPI_Transmit         0x800'61a3  0x16c  Code  Gb  stm32l4xx_hal_spi.o [5]
HAL_SYSTICK_Config       0x800'5d0f   0x22  Code  Gb  stm32l4xx_hal_cortex.o [5]
HAL_UART_DeInit          0x800'4d69   0x3e  Code  Gb  stm32l4xx_hal_uart.o [5]
HAL_UART_Init            0x800'4ce1   0x34  Code  Gb  stm32l4xx_hal_uart.o [5]
HAL_UART_MspDeInit       0x800'491d   0x20  Code  Gb  usart.o [2]
HAL_UART_MspInit         0x800'489f   0x7e  Code  Gb  usart.o [2]
HAL_UART_Transmit        0x800'4db3   0x9a  Code  Gb  stm32l4xx_hal_uart.o [5]
HardFault_Handler        0x800'704b    0x2  Code  Gb  stm32l4xx_it.o [2]
I2C1_ER_IRQHandler       0x800'718d         Code  Wk  startup_stm32l431xx.o [1]
I2C1_EV_IRQHandler       0x800'7189         Code  Wk  startup_stm32l431xx.o [1]
I2C2_ER_IRQHandler       0x800'7195         Code  Wk  startup_stm32l431xx.o [1]
I2C2_EV_IRQHandler       0x800'7191         Code  Wk  startup_stm32l431xx.o [1]
I2C3_ER_IRQHandler       0x800'71f9         Code  Wk  startup_stm32l431xx.o [1]
I2C3_EV_IRQHandler       0x800'71f5         Code  Wk  startup_stm32l431xx.o [1]
LED_GREEN_On             0x800'52d5    0x4  Code  Gb  bsp.o [7]
LL_ADC_GetOffsetChannel
                         0x800'3581    0xe  Code  Lc  stm32l4xx_hal_adc.o [5]
LL_ADC_REG_IsTriggerSourceSWStart
                         0x800'35a1    0xe  Code  Lc  stm32l4xx_hal_adc.o [5]
LL_ADC_SetChannelSamplingTime
                         0x800'35af   0x24  Code  Lc  stm32l4xx_hal_adc.o [5]
LL_ADC_SetOffsetState    0x800'358f   0x12  Code  Lc  stm32l4xx_hal_adc.o [5]
LPTIM1_IRQHandler        0x800'71dd         Code  Wk  startup_stm32l431xx.o [1]
LPTIM2_IRQHandler        0x800'71e1         Code  Wk  startup_stm32l431xx.o [1]
LPUART1_IRQHandler       0x800'71ed         Code  Wk  startup_stm32l431xx.o [1]
MSIRangeTable            0x800'6fac   0x30  Data  Gb  system_stm32l4xx.o [3]
MX_ADC1_Init             0x800'3ff5   0x76  Code  Gb  adc.o [2]
MX_GPIO_Init             0x800'4641   0xe8  Code  Gb  gpio.o [2]
MX_OPAMP1_Init           0x800'494d   0x26  Code  Gb  opamp.o [2]
MX_RTC_Init              0x800'49f9   0x2c  Code  Gb  rtc.o [2]
MX_SPI1_Init             0x800'4759   0x44  Code  Gb  spi.o [2]
MX_USART1_UART_Init      0x800'486d   0x32  Code  Gb  usart.o [2]
MemManage_Handler        0x800'704d    0x2  Code  Gb  stm32l4xx_it.o [2]
NMI_Handler              0x800'7049    0x2  Code  Gb  stm32l4xx_it.o [2]
PVD_PVM_IRQHandler       0x800'711d         Code  Wk  startup_stm32l431xx.o [1]
PWR_EnterStop2Mode       0x800'4c35   0x54  Code  Gb  PWR.o [4]
PWR_GPIOCLK_Disable      0x800'4bd7   0x1c  Code  Gb  PWR.o [4]
PWR_GPIOCLK_Enable       0x800'4b99   0x3e  Code  Gb  PWR.o [4]
PWR_GPIO_ModeAnalog      0x800'4bf3   0x40  Code  Gb  PWR.o [4]
Paint                   0x2000'045c   0x24  Data  Gb  epd.o [9]
Paint_NewImage           0x800'6983   0x36  Code  Gb  epd.o [9]
Paint_SetPixel           0x800'69b9   0x5e  Code  Gb  epd.o [9]
PendSV_Handler           0x800'7057    0x2  Code  Gb  stm32l4xx_it.o [2]
QUADSPI_IRQHandler       0x800'71f1         Code  Wk  startup_stm32l431xx.o [1]
RCCEx_PLLSAI1_Config     0x800'4493   0xfa  Code  Lc  stm32l4xx_hal_rcc_ex.o [5]
RCC_IRQHandler           0x800'7129         Code  Wk  startup_stm32l431xx.o [1]
RCC_SetFlashLatencyFromMSIRange
                         0x800'5bd3   0x74  Code  Lc  stm32l4xx_hal_rcc.o [5]
RNG_IRQHandler           0x800'7209         Code  Wk  startup_stm32l431xx.o [1]
RTC_Alarm_IRQHandler     0x800'71b1         Code  Wk  startup_stm32l431xx.o [1]
RTC_EnterInitMode        0x800'67cb   0x42  Code  Gb  stm32l4xx_hal_rtc.o [5]
RTC_ExitInitMode         0x800'680d   0x4c  Code  Gb  stm32l4xx_hal_rtc.o [5]
RTC_WKUP_IRQHandler      0x800'705d    0x6  Code  Gb  stm32l4xx_it.o [2]
Region$$Table$$Base      0x800'7028          --   Gb  - Linker created -
Region$$Table$$Limit     0x800'7048          --   Gb  - Linker created -
Reset_Handler            0x800'7101         Code  Wk  startup_stm32l431xx.o [1]
SAI1_IRQHandler          0x800'71fd         Code  Wk  startup_stm32l431xx.o [1]
SDMMC1_IRQHandler        0x800'71b5         Code  Wk  startup_stm32l431xx.o [1]
SPI1_IRQHandler          0x800'7199         Code  Wk  startup_stm32l431xx.o [1]
SPI2_IRQHandler          0x800'719d         Code  Wk  startup_stm32l431xx.o [1]
SPI3_IRQHandler          0x800'71b9         Code  Wk  startup_stm32l431xx.o [1]
SPI_EndRxTxTransaction   0x800'651f   0x2e  Code  Lc  stm32l4xx_hal_spi.o [5]
SPI_WaitFifoStateUntilTimeout
                         0x800'6427   0xd4  Code  Lc  stm32l4xx_hal_spi.o [5]
SPI_WaitFlagStateUntilTimeout
                         0x800'6371   0xb6  Code  Lc  stm32l4xx_hal_spi.o [5]
SVC_Handler              0x800'7053    0x2  Code  Gb  stm32l4xx_it.o [2]
SWPMI1_IRQHandler        0x800'7201         Code  Wk  startup_stm32l431xx.o [1]
SysTick_Handler          0x800'7059    0x4  Code  Gb  stm32l4xx_it.o [2]
SystemClock_Config       0x800'41b1   0x66  Code  Gb  main.o [2]
SystemCoreClock         0x2000'0204    0x4  Data  Gb  system_stm32l4xx.o [3]
SystemInit               0x800'7079    0xc  Code  Gb  system_stm32l4xx.o [3]
TAMP_STAMP_IRQHandler    0x800'7121         Code  Wk  startup_stm32l431xx.o [1]
TIM1_BRK_TIM15_IRQHandler
                         0x800'7175         Code  Wk  startup_stm32l431xx.o [1]
TIM1_CC_IRQHandler       0x800'7181         Code  Wk  startup_stm32l431xx.o [1]
TIM1_TRG_COM_IRQHandler
                         0x800'717d         Code  Wk  startup_stm32l431xx.o [1]
TIM1_UP_TIM16_IRQHandler
                         0x800'7179         Code  Wk  startup_stm32l431xx.o [1]
TIM2_IRQHandler          0x800'7185         Code  Wk  startup_stm32l431xx.o [1]
TIM6_DAC_IRQHandler      0x800'71bd         Code  Wk  startup_stm32l431xx.o [1]
TIM7_IRQHandler          0x800'71c1         Code  Wk  startup_stm32l431xx.o [1]
TSC_IRQHandler           0x800'7205         Code  Wk  startup_stm32l431xx.o [1]
UART_AdvFeatureConfig    0x800'5061   0xc6  Code  Gb  stm32l4xx_hal_uart.o [5]
UART_CheckIdleState      0x800'5127   0x8e  Code  Gb  stm32l4xx_hal_uart.o [5]
UART_EndRxTransfer       0x800'524d   0x22  Code  Lc  stm32l4xx_hal_uart.o [5]
UART_SetConfig           0x800'4e79  0x1e2  Code  Gb  stm32l4xx_hal_uart.o [5]
UART_WaitOnFlagUntilTimeout
                         0x800'51c1   0x8c  Code  Gb  stm32l4xx_hal_uart.o [5]
USART1_IRQHandler        0x800'71a1         Code  Wk  startup_stm32l431xx.o [1]
USART2_IRQHandler        0x800'71a5         Code  Wk  startup_stm32l431xx.o [1]
USART3_IRQHandler        0x800'71a9         Code  Wk  startup_stm32l431xx.o [1]
UsageFault_Handler       0x800'7051    0x2  Code  Gb  stm32l4xx_it.o [2]
WWDG_IRQHandler          0x800'7119         Code  Wk  startup_stm32l431xx.o [1]
_LC                      0x800'1b75    0x6  Code  Lc  xprintffull_nomb.o [10]
_LitobFullNoMb           0x800'283d  0x114  Code  Lc  xprintffull_nomb.o [10]
_Locale_lconv           0x2000'0208   0x38  Data  Lc  xlocale_c.o [10]
_PrintfFullNoMb          0x800'1b7b  0xc92  Code  Gb  xprintffull_nomb.o [10]
_Prout                   0x800'70e9   0x16  Code  Gb  xprout.o [10]
_PutcharsFullNoMb        0x800'29a9   0x2e  Code  Lc  xprintffull_nomb.o [10]
_SProut                  0x800'2a6f    0xa  Code  Gb  xsprout.o [10]
__NVIC_SetPriority       0x800'5c89   0x1a  Code  Lc  stm32l4xx_hal_cortex.o [5]
__aeabi_cdcmple          0x800'2bd1         Code  Gb  DblCmpLe.o [11]
__aeabi_cdrcmple         0x800'2c05         Code  Gb  DblCmpGe.o [11]
__aeabi_d2f              0x800'6e65         Code  Gb  DblToFlt.o [11]
__aeabi_d2iz             0x800'2d75         Code  Gb  DblToS32.o [11]
__aeabi_d2uiz            0x800'3269         Code  Gb  DblToU32.o [11]
__aeabi_ddiv             0x800'3021         Code  Gb  DblDiv.o [11]
__aeabi_dmul             0x800'32a9         Code  Gb  DblMul.o [11]
__aeabi_dsub             0x800'2f3d         Code  Gb  DblAddSub.o [11]
__aeabi_f2d              0x800'5459         Code  Gb  FltToDbl.o [11]
__aeabi_i2d              0x800'2dad         Code  Gb  S32ToDbl.o [11]
__aeabi_ldiv0            0x800'3569         Code  Gb  I64DivZer.o [12]
__aeabi_memclr4          0x800'54a1         Code  Gb  ABImemclr4.o [12]
__aeabi_memset           0x800'45b9         Code  Gb  ABImemset.o [12]
__aeabi_ui2d             0x800'328d         Code  Gb  U32ToDbl.o [11]
__cmain                  0x800'7099         Code  Gb  cmain.o [12]
__exit                   0x800'356d   0x14  Code  Gb  exit.o [13]
__iar_Fail_s             0x800'2a79   0x1c  Code  Gb  xfail_s.o [10]
__iar_Memchr             0x800'2af1         Code  Gb  memchr.o [12]
__iar_Memset             0x800'45b9         Code  Gb  ABImemset.o [12]
__iar_Memset4_word       0x800'6ecd         Code  Gb  ABImemset48.o [12]
__iar_Memset8_word       0x800'6ecd         Code  Gb  ABImemset48.o [12]
__iar_Memset_word        0x800'45c1         Code  Gb  ABImemset.o [12]
__iar_Stdout            0x2000'0240   0x48  Data  Gb  xfiles.o [10]
__iar_Strchr             0x800'2a59         Code  Gb  strchr.o [12]
__iar_data_init3         0x800'6fdd   0x28  Code  Gb  data_init.o [12]
__iar_frexp              0x800'2b6d         Code  Gb  frexp.o [11]
__iar_frexpl             0x800'2b6d         Code  Gb  frexp.o [11]
__iar_init_vfp           0x800'7005         Code  Gb  fpinit_M.o [11]
__iar_ldexp64            0x800'2c39         Code  Gb  ldexp.o [11]
__iar_packbits_init_single3
                         0x800'2a1f   0x3a  Code  Gb  packbits_init_single.o [12]
__iar_program_start      0x800'70cd         Code  Gb  cstartup_M.o [12]
__iar_scalbln64          0x800'2c39         Code  Gb  ldexp.o [11]
__iar_scalbn64           0x800'2c39         Code  Gb  ldexp.o [11]
__iar_small_Memcpy       0x800'2b4d         Code  Gb  ABImemcpy_small.o [12]
__iar_small_memcpy       0x800'2b49         Code  Gb  ABImemcpy_small.o [12]
__iar_small_memcpy4      0x800'2b49         Code  Gb  ABImemcpy_small.o [12]
__iar_small_memcpy8      0x800'2b49         Code  Gb  ABImemcpy_small.o [12]
__iar_small_uldivmod     0x800'345d         Code  Gb  I64DivMod_small.o [12]
__iar_softfp___iar_frexp64
                         0x800'2b61         Code  Gb  frexp.o [11]
__iar_softfp_frexp       0x800'2b61         Code  Gb  frexp.o [11]
__iar_softfp_frexpl      0x800'2b61         Code  Gb  frexp.o [11]
__iar_zero_init3         0x800'6f75   0x38  Code  Gb  zero_init3.o [12]
__low_level_init         0x800'70b7    0x4  Code  Gb  low_level_init.o [10]
__vector_table           0x800'0000         Data  Gb  startup_stm32l431xx.o [1]
__write                  0x800'6f45   0x30  Code  Gb  write.o [2]
_call_main               0x800'70a5         Code  Gb  cmain.o [12]
_exit                    0x800'70c1         Code  Gb  cexit.o [12]
abort                    0x800'3563    0x6  Code  Gb  abort.o [10]
asc2_0806                0x800'018c  0x228  Data  Gb  epd.o [9]
asc2_1206                0x800'03b4  0x474  Data  Gb  epd.o [9]
asc2_1608                0x800'0828  0x5f0  Data  Gb  epd.o [9]
asc2_2412                0x800'0e18  0xd5c  Data  Gb  epd.o [9]
elementInfo             0x2000'0000  0x1f8  Data  Gb  element.o [8]
exit                     0x800'70bb    0x4  Code  Gb  exit.o [10]
hadc1                   0x2000'0310   0x64  Data  Gb  adc.o [2]
hopamp1                 0x2000'0428   0x34  Data  Gb  opamp.o [2]
hrtc                    0x2000'0480   0x24  Data  Gb  rtc.o [2]
hspi1                   0x2000'0374   0x64  Data  Gb  spi.o [2]
huart1                  0x2000'0288   0x88  Data  Gb  usart.o [2]
ldexp                    0x800'2c39         Code  Gb  ldexp.o [11]
ldexpl                   0x800'2c39         Code  Gb  ldexp.o [11]
localeconv               0x800'3455    0x4  Code  Gb  xlocale_c.o [10]
main                     0x800'40f9   0xae  Code  Gb  main.o [2]
memchr                   0x800'2af1         Code  Gb  memchr.o [12]
memset                   0x800'40e5   0x14  Code  Gb  memset.o [12]
obuf                    0x2000'03d8   0x50  Data  Lc  xfiles.o [10]
printf                   0x800'4cb9   0x28  Code  Gb  printf.o [10]
putchar                  0x800'6f01   0x44  Code  Gb  putchar.o [10]
scalbln                  0x800'2c39         Code  Gb  ldexp.o [11]
scalblnl                 0x800'2c39         Code  Gb  ldexp.o [11]
scalbn                   0x800'2c39         Code  Gb  ldexp.o [11]
scalbnl                  0x800'2c39         Code  Gb  ldexp.o [11]
scale                    0x800'2951   0x46  Code  Lc  xprintffull_nomb.o [10]
sec_hand                0x2000'04a4    0x4  Data  Lc  xfail_s.o [10]
sprintf                  0x800'6bf1   0x40  Code  Gb  sprintf.o [10]
strchr                   0x800'2a59         Code  Gb  strchr.o [12]
strlen                   0x800'2ab9         Code  Gb  strlen.o [12]
uwTick                  0x2000'01fc    0x4  Data  Gb  stm32l4xx_hal.o [5]
uwTickFreq              0x2000'01f8    0x1  Data  Gb  stm32l4xx_hal.o [5]
uwTickPrio              0x2000'0200    0x4  Data  Gb  stm32l4xx_hal.o [5]


[1] = E:\eElements\2.Firmware\eElements\EWARM\eElements\Obj\Application\EWARM
[2] = E:\eElements\2.Firmware\eElements\EWARM\eElements\Obj\Application\User\Core
[3] = E:\eElements\2.Firmware\eElements\EWARM\eElements\Obj\Drivers\CMSIS
[4] = E:\eElements\2.Firmware\eElements\EWARM\eElements\Obj\Drivers\PWR
[5] = E:\eElements\2.Firmware\eElements\EWARM\eElements\Obj\Drivers\STM32L4xx_HAL_Driver
[6] = E:\eElements\2.Firmware\eElements\EWARM\eElements\Obj\Drivers\battery
[7] = E:\eElements\2.Firmware\eElements\EWARM\eElements\Obj\Drivers\bsp
[8] = E:\eElements\2.Firmware\eElements\EWARM\eElements\Obj\Drivers\element
[9] = E:\eElements\2.Firmware\eElements\EWARM\eElements\Obj\Drivers\epd
[10] = dl7M_tlf.a
[11] = m7M_tls.a
[12] = rt7M_tl.a
[13] = shb_l.a

  22'479 bytes of readonly  code memory
   7'115 bytes of readonly  data memory
   9'384 bytes of readwrite data memory

Errors: none
Warnings: none
