###############################################################################
#
# IAR ELF Linker V9.30.1.335/W64 for ARM                  02/Apr/2024  12:01:17
# Copyright 2007-2022 IAR Systems AB.
#
#    Output file  =
#        E:\eElements\2.Firmware\eElements\EWARM\eElements\Exe\eElements.out
#    Map file     =
#        E:\eElements\2.Firmware\eElements\EWARM\eElements\List\eElements.map
#    Command line =
#        -f
#        E:\eElements\2.Firmware\eElements\EWARM\eElements\Exe\eElements.out.rsp
#        (E:\eElements\2.Firmware\eElements\EWARM\eElements\Obj\Application\User\Core\adc.o
#        E:\eElements\2.Firmware\eElements\EWARM\eElements\Obj\Drivers\AT\AT.o
#        E:\eElements\2.Firmware\eElements\EWARM\eElements\Obj\Drivers\battery\battery.o
#        E:\eElements\2.Firmware\eElements\EWARM\eElements\Obj\Drivers\bsp\bsp.o
#        E:\eElements\2.Firmware\eElements\EWARM\eElements\Obj\Drivers\element\element.o
#        E:\eElements\2.Firmware\eElements\EWARM\eElements\Obj\Drivers\epd\epd.o
#        E:\eElements\2.Firmware\eElements\EWARM\eElements\Obj\Drivers\epd\epd_gui.o
#        E:\eElements\2.Firmware\eElements\EWARM\eElements\Obj\Application\User\Core\gpio.o
#        E:\eElements\2.Firmware\eElements\EWARM\eElements\Obj\Application\User\Core\main.o
#        E:\eElements\2.Firmware\eElements\EWARM\eElements\Obj\Application\User\Core\opamp.o
#        E:\eElements\2.Firmware\eElements\EWARM\eElements\Obj\Drivers\parameter\parameter.o
#        E:\eElements\2.Firmware\eElements\EWARM\eElements\Obj\Drivers\PWR\PWR.o
#        E:\eElements\2.Firmware\eElements\EWARM\eElements\Obj\Application\User\Core\rtc.o
#        E:\eElements\2.Firmware\eElements\EWARM\eElements\Obj\Application\User\Core\spi.o
#        E:\eElements\2.Firmware\eElements\EWARM\eElements\Obj\Application\EWARM\startup_stm32l431xx.o
#        E:\eElements\2.Firmware\eElements\EWARM\eElements\Obj\Drivers\STM32L4xx_HAL_Driver\stm32l4xx_hal.o
#        E:\eElements\2.Firmware\eElements\EWARM\eElements\Obj\Drivers\STM32L4xx_HAL_Driver\stm32l4xx_hal_adc.o
#        E:\eElements\2.Firmware\eElements\EWARM\eElements\Obj\Drivers\STM32L4xx_HAL_Driver\stm32l4xx_hal_adc_ex.o
#        E:\eElements\2.Firmware\eElements\EWARM\eElements\Obj\Drivers\STM32L4xx_HAL_Driver\stm32l4xx_hal_cortex.o
#        E:\eElements\2.Firmware\eElements\EWARM\eElements\Obj\Drivers\STM32L4xx_HAL_Driver\stm32l4xx_hal_dma.o
#        E:\eElements\2.Firmware\eElements\EWARM\eElements\Obj\Drivers\STM32L4xx_HAL_Driver\stm32l4xx_hal_dma_ex.o
#        E:\eElements\2.Firmware\eElements\EWARM\eElements\Obj\Drivers\STM32L4xx_HAL_Driver\stm32l4xx_hal_exti.o
#        E:\eElements\2.Firmware\eElements\EWARM\eElements\Obj\Drivers\STM32L4xx_HAL_Driver\stm32l4xx_hal_flash.o
#        E:\eElements\2.Firmware\eElements\EWARM\eElements\Obj\Drivers\STM32L4xx_HAL_Driver\stm32l4xx_hal_flash_ex.o
#        E:\eElements\2.Firmware\eElements\EWARM\eElements\Obj\Drivers\STM32L4xx_HAL_Driver\stm32l4xx_hal_flash_ramfunc.o
#        E:\eElements\2.Firmware\eElements\EWARM\eElements\Obj\Drivers\STM32L4xx_HAL_Driver\stm32l4xx_hal_gpio.o
#        E:\eElements\2.Firmware\eElements\EWARM\eElements\Obj\Drivers\STM32L4xx_HAL_Driver\stm32l4xx_hal_i2c.o
#        E:\eElements\2.Firmware\eElements\EWARM\eElements\Obj\Drivers\STM32L4xx_HAL_Driver\stm32l4xx_hal_i2c_ex.o
#        E:\eElements\2.Firmware\eElements\EWARM\eElements\Obj\Application\User\Core\stm32l4xx_hal_msp.o
#        E:\eElements\2.Firmware\eElements\EWARM\eElements\Obj\Drivers\STM32L4xx_HAL_Driver\stm32l4xx_hal_opamp.o
#        E:\eElements\2.Firmware\eElements\EWARM\eElements\Obj\Drivers\STM32L4xx_HAL_Driver\stm32l4xx_hal_opamp_ex.o
#        E:\eElements\2.Firmware\eElements\EWARM\eElements\Obj\Drivers\STM32L4xx_HAL_Driver\stm32l4xx_hal_pwr.o
#        E:\eElements\2.Firmware\eElements\EWARM\eElements\Obj\Drivers\STM32L4xx_HAL_Driver\stm32l4xx_hal_pwr_ex.o
#        E:\eElements\2.Firmware\eElements\EWARM\eElements\Obj\Drivers\STM32L4xx_HAL_Driver\stm32l4xx_hal_rcc.o
#        E:\eElements\2.Firmware\eElements\EWARM\eElements\Obj\Drivers\STM32L4xx_HAL_Driver\stm32l4xx_hal_rcc_ex.o
#        E:\eElements\2.Firmware\eElements\EWARM\eElements\Obj\Drivers\STM32L4xx_HAL_Driver\stm32l4xx_hal_rtc.o
#        E:\eElements\2.Firmware\eElements\EWARM\eElements\Obj\Drivers\STM32L4xx_HAL_Driver\stm32l4xx_hal_rtc_ex.o
#        E:\eElements\2.Firmware\eElements\EWARM\eElements\Obj\Drivers\STM32L4xx_HAL_Driver\stm32l4xx_hal_spi.o
#        E:\eElements\2.Firmware\eElements\EWARM\eElements\Obj\Drivers\STM32L4xx_HAL_Driver\stm32l4xx_hal_spi_ex.o
#        E:\eElements\2.Firmware\eElements\EWARM\eElements\Obj\Drivers\STM32L4xx_HAL_Driver\stm32l4xx_hal_tim.o
#        E:\eElements\2.Firmware\eElements\EWARM\eElements\Obj\Drivers\STM32L4xx_HAL_Driver\stm32l4xx_hal_tim_ex.o
#        E:\eElements\2.Firmware\eElements\EWARM\eElements\Obj\Drivers\STM32L4xx_HAL_Driver\stm32l4xx_hal_uart.o
#        E:\eElements\2.Firmware\eElements\EWARM\eElements\Obj\Drivers\STM32L4xx_HAL_Driver\stm32l4xx_hal_uart_ex.o
#        E:\eElements\2.Firmware\eElements\EWARM\eElements\Obj\Application\User\Core\stm32l4xx_it.o
#        E:\eElements\2.Firmware\eElements\EWARM\eElements\Obj\Drivers\CMSIS\system_stm32l4xx.o
#        E:\eElements\2.Firmware\eElements\EWARM\eElements\Obj\Application\User\Core\usart.o
#        E:\eElements\2.Firmware\eElements\EWARM\eElements\Obj\Application\User\Core\write.o
#        --no_out_extension -o
#        E:\eElements\2.Firmware\eElements\EWARM\eElements\Exe\eElements.out
#        --redirect _Printf=_PrintfFullNoMb --redirect _Scanf=_ScanfFullNoMb
#        --map
#        E:\eElements\2.Firmware\eElements\EWARM\eElements\List\eElements.map
#        --config E:\eElements\2.Firmware\eElements\EWARM/stm32l431xx_flash.icf
#        --semihosting --entry __iar_program_start --vfe --text_out locale
#        --cpu=Cortex-M4 --fpu=VFPv4_sp)
#
###############################################################################

*******************************************************************************
*** RUNTIME MODEL ATTRIBUTES
***

CppFlavor       = *
__CPP_Runtime   = 1
__SystemLibrary = DLib
__dlib_version  = 6


*******************************************************************************
*** HEAP SELECTION
***

The basic heap was selected because --advanced_heap
was not specified and the application did not appear to
be primarily optimized for speed.


*******************************************************************************
*** PLACEMENT SUMMARY
***

"A0":  place at address 0x800'0000 { ro section .intvec };
"P1":  place in [from 0x800'0000 to 0x803'ffff] { ro };
define block CSTACK with size = 8K, alignment = 8 { };
define block HEAP with size = 8K, alignment = 8 { };
"P2":  place in [from 0x2000'0000 to 0x2000'ffff] {
          rw, block CSTACK, block HEAP };
initialize by copy { rw };

  Section            Kind         Address    Size  Object
  -------            ----         -------    ----  ------
"A0":                                       0x18c
  .intvec            ro code   0x800'0000   0x18c  startup_stm32l431xx.o [1]
                             - 0x800'018c   0x18c

"P1":                                      0xdff4
  .rodata            const     0x800'018c  0x3e24  epd.o [10]
  .rodata            const     0x800'3fb0  0x3728  epd.o [10]
  .text              ro code   0x800'76d8   0xeaa  xprintffull_nomb.o [12]
  .text              ro code   0x800'8582    0x7e  lz77_init_single.o [14]
  .text              ro code   0x800'8600    0x16  strchr.o [14]
  .text              ro code   0x800'8616     0xa  xsprout.o [12]
  .text              ro code   0x800'8620    0x40  xfail_s.o [12]
  .text              ro code   0x800'8660    0x14  strlen_small.o [14]
  .text              ro code   0x800'8674    0x58  memchr.o [14]
  .text              ro code   0x800'86cc    0x18  ABImemcpy_small.o [14]
  .text              ro code   0x800'86e4    0x70  frexp.o [13]
  .text              ro code   0x800'8754    0x34  DblCmpLe.o [13]
  .text              ro code   0x800'8788    0x34  DblCmpGe.o [13]
  .text              ro code   0x800'87bc   0x13a  ldexp.o [13]
  .rodata            const     0x800'88f6     0x2  xlocale_c.o [12]
  .text              ro code   0x800'88f8    0x36  DblToS32.o [13]
  .rodata            const     0x800'892e     0x1  xlocale_c.o [12]
  .text              ro code   0x800'8930    0x22  S32ToDbl.o [13]
  .text              ro code   0x800'8954   0x24e  DblAddSub.o [13]
  .text              ro code   0x800'8ba4   0x246  DblDiv.o [13]
  .text              ro code   0x800'8dec    0x22  DblToU32.o [13]
  .text              ro code   0x800'8e10    0x1c  U32ToDbl.o [13]
  .text              ro code   0x800'8e2c   0x1aa  DblMul.o [13]
  .text              ro code   0x800'8fd8     0x8  xlocale_c.o [12]
  .text              ro code   0x800'8fe0   0x106  I64DivMod_small.o [14]
  .text              ro code   0x800'90e6     0x6  abort.o [12]
  .text              ro code   0x800'90ec     0x2  I64DivZer.o [14]
  .text              ro code   0x800'90f0    0x14  exit.o [15]
  .text              ro code   0x800'9104   0xa74  stm32l4xx_hal_adc.o [6]
  .text              ro code   0x800'9b78    0xe4  adc.o [2]
  .text              ro code   0x800'9c5c     0xc  stm32l4xx_hal.o [6]
  .text              ro code   0x800'9c68    0x14  memset.o [14]
  .text              ro code   0x800'9c7c   0x12e  main.o [2]
  .text              ro code   0x800'9dac   0x37c  stm32l4xx_hal_rcc_ex.o [6]
  .text              ro code   0x800'a128    0x66  ABImemset.o [14]
  .text              ro code   0x800'a190    0x1e  stm32l4xx_hal.o [6]
  .text              ro code   0x800'a1b0   0x15e  gpio.o [2]
  .text              ro code   0x800'a310   0x114  spi.o [2]
  .text              ro code   0x800'a424    0xe0  usart.o [2]
  .text              ro code   0x800'a504    0xac  opamp.o [2]
  .text              ro code   0x800'a5b0    0x88  rtc.o [2]
  .text              ro code   0x800'a638   0x240  bsp.o [8]
  .text              ro code   0x800'a878    0xd8  parameter.o [11]
  .text              ro code   0x800'a950   0x1f4  PWR.o [5]
  .text              ro code   0x800'ab44   0x1b4  epd_gui.o [10]
  .text              ro code   0x800'acf8     0x6  ABImemclr4.o [14]
  .text              ro code   0x800'ad00    0xac  stm32l4xx_hal_pwr_ex.o [6]
  .text              ro code   0x800'adac   0x734  stm32l4xx_hal_rcc.o [6]
  .text              ro code   0x800'b4e0    0xe8  stm32l4xx_hal_cortex.o [6]
  .text              ro code   0x800'b5c8    0x44  stm32l4xx_hal.o [6]
  .text              ro code   0x800'b60c    0x30  stm32l4xx_hal_msp.o [2]
  .text              ro code   0x800'b63c   0x2fc  stm32l4xx_hal_gpio.o [6]
  .text              ro code   0x800'b938   0x4c8  stm32l4xx_hal_spi.o [6]
  .text              ro code   0x800'be00   0x5f4  stm32l4xx_hal_uart.o [6]
  .text              ro code   0x800'c3f4   0x18c  stm32l4xx_hal_opamp.o [6]
  .text              ro code   0x800'c580   0x16c  stm32l4xx_hal_rtc.o [6]
  .text              ro code   0x800'c6ec    0x28  stm32l4xx_hal.o [6]
  .text              ro code   0x800'c714    0x2c  stm32l4xx_hal_pwr.o [6]
  .text              ro code   0x800'c740    0x3a  ABImemset48.o [14]
  .text              ro code   0x800'c77c   0x168  stm32l4xx_hal_flash.o [6]
  .text              ro code   0x800'c8e4   0x170  stm32l4xx_hal_flash_ex.o [6]
  .text              ro code   0x800'ca54   0x1a0  stm32l4xx_hal_rtc_ex.o [6]
  .text              ro code   0x800'cbf4    0x10  stm32l4xx_hal.o [6]
  .text              ro code   0x800'cc04    0x10  stm32l4xx_hal.o [6]
  .text              ro code   0x800'cc14    0x28  printf.o [12]
  .text              ro code   0x800'cc3c   0x106  battery.o [7]
  .text              ro code   0x800'cd44   0x468  epd.o [10]
  .text              ro code   0x800'd1ac    0x48  FltToDbl.o [13]
  .text              ro code   0x800'd1f4    0x40  sprintf.o [12]
  .text              ro code   0x800'd234     0x2  stm32l4xx_hal_gpio.o [6]
  .text              ro code   0x800'd236     0x2  stm32l4xx_hal_rtc_ex.o [6]
  .text              ro code   0x800'd238    0x94  stm32l4xx_hal_adc_ex.o [6]
  .text              ro code   0x800'd2cc    0x68  DblToFlt.o [13]
  .text              ro code   0x800'd334    0x44  putchar.o [12]
  .text              ro code   0x800'd378    0x30  write.o [2]
  .text              ro code   0x800'd3a8    0x38  zero_init3.o [14]
  .rodata            const     0x800'd3e0    0x30  system_stm32l4xx.o [4]
  .text              ro code   0x800'd410    0x28  data_init.o [14]
  .text              ro code   0x800'd438    0x26  stm32l4xx_it.o [2]
  .text              ro code   0x800'd460    0x10  stm32l4xx_hal.o [6]
  .text              ro code   0x800'd470    0x22  fpinit_M.o [13]
  .iar.init_table    const     0x800'd494    0x20  - Linker created -
  .text              ro code   0x800'd4b4    0x20  system_stm32l4xx.o [4]
  .text              ro code   0x800'd4d4    0x1e  cmain.o [14]
  .text              ro code   0x800'd4f2     0x4  low_level_init.o [12]
  .text              ro code   0x800'd4f6     0x4  exit.o [12]
  .text              ro code   0x800'd4fc     0xa  cexit.o [14]
  .text              ro code   0x800'd508    0x1c  cstartup_M.o [14]
  .text              ro code   0x800'd524    0x16  xprout.o [12]
  .text              ro code   0x800'd53c    0x10  startup_stm32l431xx.o [1]
  .rodata            const     0x800'd54c     0x8  system_stm32l4xx.o [4]
  .text              ro code   0x800'd554     0x4  startup_stm32l431xx.o [1]
  .text              ro code   0x800'd558     0x4  startup_stm32l431xx.o [1]
  .text              ro code   0x800'd55c     0x4  startup_stm32l431xx.o [1]
  .text              ro code   0x800'd560     0x4  startup_stm32l431xx.o [1]
  .text              ro code   0x800'd564     0x4  startup_stm32l431xx.o [1]
  .text              ro code   0x800'd568     0x4  startup_stm32l431xx.o [1]
  .text              ro code   0x800'd56c     0x4  startup_stm32l431xx.o [1]
  .text              ro code   0x800'd570     0x4  startup_stm32l431xx.o [1]
  .text              ro code   0x800'd574     0x4  startup_stm32l431xx.o [1]
  .text              ro code   0x800'd578     0x4  startup_stm32l431xx.o [1]
  .text              ro code   0x800'd57c     0x4  startup_stm32l431xx.o [1]
  .text              ro code   0x800'd580     0x4  startup_stm32l431xx.o [1]
  .text              ro code   0x800'd584     0x4  startup_stm32l431xx.o [1]
  .text              ro code   0x800'd588     0x4  startup_stm32l431xx.o [1]
  .text              ro code   0x800'd58c     0x4  startup_stm32l431xx.o [1]
  .text              ro code   0x800'd590     0x4  startup_stm32l431xx.o [1]
  .text              ro code   0x800'd594     0x4  startup_stm32l431xx.o [1]
  .text              ro code   0x800'd598     0x4  startup_stm32l431xx.o [1]
  .text              ro code   0x800'd59c     0x4  startup_stm32l431xx.o [1]
  .text              ro code   0x800'd5a0     0x4  startup_stm32l431xx.o [1]
  .text              ro code   0x800'd5a4     0x4  startup_stm32l431xx.o [1]
  .text              ro code   0x800'd5a8     0x4  startup_stm32l431xx.o [1]
  .text              ro code   0x800'd5ac     0x4  startup_stm32l431xx.o [1]
  .text              ro code   0x800'd5b0     0x4  startup_stm32l431xx.o [1]
  .text              ro code   0x800'd5b4     0x4  startup_stm32l431xx.o [1]
  .text              ro code   0x800'd5b8     0x4  startup_stm32l431xx.o [1]
  .text              ro code   0x800'd5bc     0x4  startup_stm32l431xx.o [1]
  .text              ro code   0x800'd5c0     0x4  startup_stm32l431xx.o [1]
  .text              ro code   0x800'd5c4     0x4  startup_stm32l431xx.o [1]
  .text              ro code   0x800'd5c8     0x4  startup_stm32l431xx.o [1]
  .text              ro code   0x800'd5cc     0x4  startup_stm32l431xx.o [1]
  .text              ro code   0x800'd5d0     0x4  startup_stm32l431xx.o [1]
  .text              ro code   0x800'd5d4     0x4  startup_stm32l431xx.o [1]
  .text              ro code   0x800'd5d8     0x4  startup_stm32l431xx.o [1]
  .text              ro code   0x800'd5dc     0x4  startup_stm32l431xx.o [1]
  .text              ro code   0x800'd5e0     0x4  startup_stm32l431xx.o [1]
  .text              ro code   0x800'd5e4     0x4  startup_stm32l431xx.o [1]
  .text              ro code   0x800'd5e8     0x4  startup_stm32l431xx.o [1]
  .text              ro code   0x800'd5ec     0x4  startup_stm32l431xx.o [1]
  .text              ro code   0x800'd5f0     0x4  startup_stm32l431xx.o [1]
  .text              ro code   0x800'd5f4     0x4  startup_stm32l431xx.o [1]
  .text              ro code   0x800'd5f8     0x4  startup_stm32l431xx.o [1]
  .text              ro code   0x800'd5fc     0x4  startup_stm32l431xx.o [1]
  .text              ro code   0x800'd600     0x4  startup_stm32l431xx.o [1]
  .text              ro code   0x800'd604     0x4  startup_stm32l431xx.o [1]
  .text              ro code   0x800'd608     0x4  startup_stm32l431xx.o [1]
  .text              ro code   0x800'd60c     0x4  startup_stm32l431xx.o [1]
  .text              ro code   0x800'd610     0x4  startup_stm32l431xx.o [1]
  .text              ro code   0x800'd614     0x4  startup_stm32l431xx.o [1]
  .text              ro code   0x800'd618     0x4  startup_stm32l431xx.o [1]
  .text              ro code   0x800'd61c     0x4  startup_stm32l431xx.o [1]
  .text              ro code   0x800'd620     0x4  startup_stm32l431xx.o [1]
  .text              ro code   0x800'd624     0x4  startup_stm32l431xx.o [1]
  .text              ro code   0x800'd628     0x4  startup_stm32l431xx.o [1]
  .text              ro code   0x800'd62c     0x4  startup_stm32l431xx.o [1]
  .text              ro code   0x800'd630     0x4  startup_stm32l431xx.o [1]
  .text              ro code   0x800'd634     0x4  startup_stm32l431xx.o [1]
  .text              ro code   0x800'd638     0x4  startup_stm32l431xx.o [1]
  .text              ro code   0x800'd63c     0x4  startup_stm32l431xx.o [1]
  .text              ro code   0x800'd640     0x4  startup_stm32l431xx.o [1]
  .text              ro code   0x800'd644     0x4  startup_stm32l431xx.o [1]
  .text              ro code   0x800'd648     0x4  startup_stm32l431xx.o [1]
  .rodata            const     0x800'd64c     0x0  zero_init3.o [14]
  .rodata            const     0x800'd64c     0x0  lz77_init_single.o [14]
  Initializer bytes  const     0x800'd64c   0xb34  <for P2-1>
                             - 0x800'e180  0xdff4

"P2", part 1 of 3:                         0x1340
  P2-1                        0x2000'0000  0x1340  <Init block>
    .data            inited   0x2000'0000    0x20  parameter.o [11]
    .data            inited   0x2000'0020  0x1270  element.o [9]
    .data            inited   0x2000'1290     0xc  stm32l4xx_hal.o [6]
    .data            inited   0x2000'129c    0x20  stm32l4xx_hal_flash.o [6]
    .data            inited   0x2000'12bc     0x4  system_stm32l4xx.o [4]
    .data            inited   0x2000'12c0    0x38  xlocale_c.o [12]
    .data            inited   0x2000'12f8    0x48  xfiles.o [12]
                            - 0x2000'1340  0x1340

"P2", part 2 of 3:                          0x258
  .bss               zero     0x2000'1340    0x88  usart.o [2]
  .bss               zero     0x2000'13c8    0x64  adc.o [2]
  .bss               zero     0x2000'142c    0x64  spi.o [2]
  .bss               zero     0x2000'1490    0x50  xfiles.o [12]
  .bss               zero     0x2000'14e0    0x34  opamp.o [2]
  .bss               zero     0x2000'1514    0x24  epd.o [10]
  .bss               zero     0x2000'1538    0x28  main.o [2]
  .bss               zero     0x2000'1560    0x24  rtc.o [2]
  .bss               zero     0x2000'1584    0x10  parameter.o [11]
  .bss               zero     0x2000'1594     0x4  xfail_s.o [12]
                            - 0x2000'1598   0x258

"P2", part 3 of 3:                         0x2000
  CSTACK                      0x2000'1598  0x2000  <Block>
    CSTACK           uninit   0x2000'1598  0x2000  <Block tail>
                            - 0x2000'3598  0x2000

Unused ranges:

         From           To      Size
         ----           --      ----
   0x800'e180   0x803'ffff  0x3'1e80
  0x2000'3598  0x2000'ffff    0xca68


*******************************************************************************
*** INIT TABLE
***

          Address      Size
          -------      ----
Zero (__iar_zero_init3)
    1 destination range, total size 0x258:
          0x2000'1340   0x258

Copy/lz77 (__iar_lz77_init_single3)
    1 source range, total size 0xb34 (58% of destination):
           0x800'd64c   0xb34
    1 destination range, total size 0x1340:
          0x2000'0000  0x1340



*******************************************************************************
*** MODULE SUMMARY
***

    Module                    ro code  ro data  rw data
    ------                    -------  -------  -------
command line/config:
    ---------------------------------------------------
    Total:

E:\eElements\2.Firmware\eElements\EWARM\eElements\Obj\Application\EWARM: [1]
    startup_stm32l431xx.o         660
    ---------------------------------------------------
    Total:                        660

E:\eElements\2.Firmware\eElements\EWARM\eElements\Obj\Application\User\Core: [2]
    adc.o                         228               100
    gpio.o                        350
    main.o                        302                40
    opamp.o                       172                52
    rtc.o                         136                36
    spi.o                         276               100
    stm32l4xx_hal_msp.o            48
    stm32l4xx_it.o                 38
    usart.o                       224               136
    write.o                        48
    ---------------------------------------------------
    Total:                      1'822               464

E:\eElements\2.Firmware\eElements\EWARM\eElements\Obj\Drivers\AT: [3]
    ---------------------------------------------------
    Total:

E:\eElements\2.Firmware\eElements\EWARM\eElements\Obj\Drivers\CMSIS: [4]
    system_stm32l4xx.o             32       58        4
    ---------------------------------------------------
    Total:                         32       58        4

E:\eElements\2.Firmware\eElements\EWARM\eElements\Obj\Drivers\PWR: [5]
    PWR.o                         500
    ---------------------------------------------------
    Total:                        500

E:\eElements\2.Firmware\eElements\EWARM\eElements\Obj\Drivers\STM32L4xx_HAL_Driver: [6]
    stm32l4xx_hal.o               198        7       12
    stm32l4xx_hal_adc.o         2'676
    stm32l4xx_hal_adc_ex.o        148
    stm32l4xx_hal_cortex.o        232
    stm32l4xx_hal_flash.o         360       19       32
    stm32l4xx_hal_flash_ex.o      368
    stm32l4xx_hal_gpio.o          766
    stm32l4xx_hal_opamp.o         396
    stm32l4xx_hal_pwr.o            44
    stm32l4xx_hal_pwr_ex.o        172
    stm32l4xx_hal_rcc.o         1'844
    stm32l4xx_hal_rcc_ex.o        892
    stm32l4xx_hal_rtc.o           364
    stm32l4xx_hal_rtc_ex.o        418
    stm32l4xx_hal_spi.o         1'224
    stm32l4xx_hal_uart.o        1'524
    ---------------------------------------------------
    Total:                     11'626       26       44

E:\eElements\2.Firmware\eElements\EWARM\eElements\Obj\Drivers\battery: [7]
    battery.o                     262
    ---------------------------------------------------
    Total:                        262

E:\eElements\2.Firmware\eElements\EWARM\eElements\Obj\Drivers\bsp: [8]
    bsp.o                         576
    ---------------------------------------------------
    Total:                        576

E:\eElements\2.Firmware\eElements\EWARM\eElements\Obj\Drivers\element: [9]
    element.o                            2'747    4'720
    ---------------------------------------------------
    Total:                               2'747    4'720

E:\eElements\2.Firmware\eElements\EWARM\eElements\Obj\Drivers\epd: [10]
    epd.o                       1'128   30'028       36
    epd_gui.o                     436
    ---------------------------------------------------
    Total:                      1'564   30'028       36

E:\eElements\2.Firmware\eElements\EWARM\eElements\Obj\Drivers\parameter: [11]
    parameter.o                   216       18       48
    ---------------------------------------------------
    Total:                        216       18       48

dl7M_tlf.a: [12]
    abort.o                         6
    exit.o                          4
    low_level_init.o                4
    printf.o                       40
    putchar.o                      68
    sprintf.o                      64
    xfail_s.o                      64                 4
    xfiles.o                                41      152
    xlocale_c.o                     8       36       56
    xprintffull_nomb.o          3'754
    xprout.o                       22
    xsprout.o                      10
    ---------------------------------------------------
    Total:                      4'044       77      212

m7M_tls.a: [13]
    DblAddSub.o                   590
    DblCmpGe.o                     52
    DblCmpLe.o                     52
    DblDiv.o                      582
    DblMul.o                      426
    DblToFlt.o                    104
    DblToS32.o                     54
    DblToU32.o                     34
    FltToDbl.o                     72
    S32ToDbl.o                     34
    U32ToDbl.o                     28
    fpinit_M.o                     34
    frexp.o                       112
    ldexp.o                       314
    ---------------------------------------------------
    Total:                      2'488

rt7M_tl.a: [14]
    ABImemclr4.o                    6
    ABImemcpy_small.o              24
    ABImemset.o                   102
    ABImemset48.o                  58
    I64DivMod_small.o             262
    I64DivZer.o                     2
    cexit.o                        10
    cmain.o                        30
    cstartup_M.o                   28
    data_init.o                    40
    lz77_init_single.o            126
    memchr.o                       88
    memset.o                       20
    strchr.o                       22
    strlen_small.o                 20
    zero_init3.o                   56
    ---------------------------------------------------
    Total:                        894

shb_l.a: [15]
    exit.o                         20
    ---------------------------------------------------
    Total:                         20

    Gaps                           35        2
    Linker created                          33    8'192
-------------------------------------------------------
    Grand Total:               24'739   32'989   13'720


*******************************************************************************
*** ENTRY LIST
***

Entry                       Address    Size  Type      Object
-----                       -------    ----  ----      ------
.iar.init_table$$Base    0x800'd494           --   Gb  - Linker created -
.iar.init_table$$Limit   0x800'd4b4           --   Gb  - Linker created -
?main                    0x800'd4d5          Code  Gb  cmain.o [14]
ADC1_IRQHandler          0x800'd595          Code  Wk  startup_stm32l431xx.o [1]
ADC_ConversionStop       0x800'997b    0xb6  Code  Gb  stm32l4xx_hal_adc.o [6]
ADC_Disable              0x800'9ad5    0x70  Code  Gb  stm32l4xx_hal_adc.o [6]
ADC_Enable               0x800'9a31    0x80  Code  Gb  stm32l4xx_hal_adc.o [6]
AHBPrescTable            0x800'd4c4    0x10  Data  Gb  system_stm32l4xx.o [4]
APBPrescTable            0x800'd54c     0x8  Data  Gb  system_stm32l4xx.o [4]
BAT_GPIO_Deinit          0x800'a857    0x10  Code  Gb  bsp.o [8]
BAT_GPIO_Init            0x800'a83f    0x18  Code  Gb  bsp.o [8]
Bat_GetMode              0x800'ccc5    0x6c  Code  Gb  battery.o [7]
Bat_GetVoltage           0x800'cc3d    0x76  Code  Gb  battery.o [7]
Bat_ReadChrg             0x800'cd31     0x6  Code  Gb  battery.o [7]
Bat_ReadStdby            0x800'cd37     0x4  Code  Gb  battery.o [7]
BusFault_Handler         0x800'd43f     0x2  Code  Gb  stm32l4xx_it.o [2]
CAN1_RX0_IRQHandler      0x800'd59d          Code  Wk  startup_stm32l431xx.o [1]
CAN1_RX1_IRQHandler      0x800'd5a1          Code  Wk  startup_stm32l431xx.o [1]
CAN1_SCE_IRQHandler      0x800'd5a5          Code  Wk  startup_stm32l431xx.o [1]
CAN1_TX_IRQHandler       0x800'd599          Code  Wk  startup_stm32l431xx.o [1]
COMP_IRQHandler          0x800'd611          Code  Wk  startup_stm32l431xx.o [1]
CRS_IRQHandler           0x800'd649          Code  Wk  startup_stm32l431xx.o [1]
CSTACK$$Base            0x2000'1598           --   Gb  - Linker created -
CSTACK$$Limit           0x2000'3598           --   Gb  - Linker created -
DMA1_Channel1_IRQHandler
                         0x800'd579          Code  Wk  startup_stm32l431xx.o [1]
DMA1_Channel2_IRQHandler
                         0x800'd57d          Code  Wk  startup_stm32l431xx.o [1]
DMA1_Channel3_IRQHandler
                         0x800'd581          Code  Wk  startup_stm32l431xx.o [1]
DMA1_Channel4_IRQHandler
                         0x800'd585          Code  Wk  startup_stm32l431xx.o [1]
DMA1_Channel5_IRQHandler
                         0x800'd589          Code  Wk  startup_stm32l431xx.o [1]
DMA1_Channel6_IRQHandler
                         0x800'd58d          Code  Wk  startup_stm32l431xx.o [1]
DMA1_Channel7_IRQHandler
                         0x800'd591          Code  Wk  startup_stm32l431xx.o [1]
DMA2_Channel1_IRQHandler
                         0x800'd5fd          Code  Wk  startup_stm32l431xx.o [1]
DMA2_Channel2_IRQHandler
                         0x800'd601          Code  Wk  startup_stm32l431xx.o [1]
DMA2_Channel3_IRQHandler
                         0x800'd605          Code  Wk  startup_stm32l431xx.o [1]
DMA2_Channel4_IRQHandler
                         0x800'd609          Code  Wk  startup_stm32l431xx.o [1]
DMA2_Channel5_IRQHandler
                         0x800'd60d          Code  Wk  startup_stm32l431xx.o [1]
DMA2_Channel6_IRQHandler
                         0x800'd61d          Code  Wk  startup_stm32l431xx.o [1]
DMA2_Channel7_IRQHandler
                         0x800'd621          Code  Wk  startup_stm32l431xx.o [1]
DebugMon_Handler         0x800'd445     0x2  Code  Gb  stm32l4xx_it.o [2]
EPD_Clear                0x800'ceff    0x28  Code  Gb  epd.o [10]
EPD_Deinit               0x800'a759    0x10  Code  Gb  bsp.o [8]
EPD_Display              0x800'cf2d    0x22  Code  Gb  epd.o [10]
EPD_DrawAtomicMass       0x800'ac77    0x38  Code  Gb  epd_gui.o [10]
EPD_DrawAtomicNameCN     0x800'ac63    0x14  Code  Gb  epd_gui.o [10]
EPD_DrawAtomicNameEN     0x800'ac4f     0xc  Code  Gb  epd_gui.o [10]
EPD_DrawAtomicNum        0x800'ac0b    0x2c  Code  Gb  epd_gui.o [10]
EPD_DrawAtomicSymbol     0x800'ac41     0xe  Code  Gb  epd_gui.o [10]
EPD_DrawElectronShell    0x800'acaf    0x38  Code  Gb  epd_gui.o [10]
EPD_DrawEmpty            0x800'abcd    0x1c  Code  Gb  epd_gui.o [10]
EPD_DrawFrame            0x800'ab45    0x82  Code  Gb  epd_gui.o [10]
EPD_DrawPoint            0x800'cf27     0x6  Code  Gb  epd.o [10]
EPD_GPIO_Deinit          0x800'a6e1    0x46  Code  Gb  bsp.o [8]
EPD_GPIO_Init            0x800'a685    0x42  Code  Gb  bsp.o [8]
EPD_GUIInit              0x800'cdaf    0xb8  Code  Gb  epd.o [10]
EPD_Init                 0x800'a74b     0xe  Code  Gb  bsp.o [8]
EPD_Pow                  0x800'd05d    0x12  Code  Gb  epd.o [10]
EPD_ShowChar             0x800'cf4f    0xda  Code  Gb  epd.o [10]
EPD_ShowChinese          0x800'd0cd    0xb8  Code  Gb  epd.o [10]
EPD_ShowNum              0x800'd06f    0x5e  Code  Gb  epd.o [10]
EPD_ShowString           0x800'd02f    0x2e  Code  Gb  epd.o [10]
EPD_Update               0x800'cd95    0x1a  Code  Gb  epd.o [10]
EPD_WR_Bus               0x800'cd45    0x14  Code  Gb  epd.o [10]
EPD_WR_DATA8             0x800'cd7f     0x2  Code  Gb  epd.o [10]
EPD_WR_REG               0x800'cd59    0x26  Code  Gb  epd.o [10]
EXTI0_IRQHandler         0x800'd569          Code  Wk  startup_stm32l431xx.o [1]
EXTI15_10_IRQHandler     0x800'd5e5          Code  Wk  startup_stm32l431xx.o [1]
EXTI1_IRQHandler         0x800'd56d          Code  Wk  startup_stm32l431xx.o [1]
EXTI2_IRQHandler         0x800'd459     0x6  Code  Gb  stm32l4xx_it.o [2]
EXTI3_IRQHandler         0x800'd571          Code  Wk  startup_stm32l431xx.o [1]
EXTI4_IRQHandler         0x800'd575          Code  Wk  startup_stm32l431xx.o [1]
EXTI9_5_IRQHandler       0x800'd5a9          Code  Wk  startup_stm32l431xx.o [1]
Epaper_READBUSY          0x800'cd81    0x14  Code  Gb  epd.o [10]
Error_Handler            0x800'9da7     0x4  Code  Gb  main.o [2]
FLASH_FlushCaches        0x800'c9ed    0x56  Code  Gb  stm32l4xx_hal_flash_ex.o [6]
FLASH_IRQHandler         0x800'd561          Code  Wk  startup_stm32l431xx.o [1]
FLASH_MassErase          0x800'c9b1    0x18  Code  Lc  stm32l4xx_hal_flash_ex.o [6]
FLASH_PageErase          0x800'c9c9    0x24  Code  Gb  stm32l4xx_hal_flash_ex.o [6]
FLASH_Program_DoubleWord
                         0x800'c885    0x18  Code  Lc  stm32l4xx_hal_flash.o [6]
FLASH_Program_Fast       0x800'c89d    0x26  Code  Lc  stm32l4xx_hal_flash.o [6]
FLASH_WaitForLastOperation
                         0x800'c83b    0x4a  Code  Gb  stm32l4xx_hal_flash.o [6]
FPU_IRQHandler           0x800'd645          Code  Wk  startup_stm32l431xx.o [1]
HAL_ADCEx_Calibration_Start
                         0x800'd239    0x8a  Code  Gb  stm32l4xx_hal_adc_ex.o [6]
HAL_ADC_ConfigChannel    0x800'95f1   0x324  Code  Gb  stm32l4xx_hal_adc.o [6]
HAL_ADC_DeInit           0x800'92e1   0x164  Code  Gb  stm32l4xx_hal_adc.o [6]
HAL_ADC_GetValue         0x800'95e9     0x6  Code  Gb  stm32l4xx_hal_adc.o [6]
HAL_ADC_Init             0x800'9157   0x18a  Code  Gb  stm32l4xx_hal_adc.o [6]
HAL_ADC_MspDeInit        0x800'9c37    0x14  Code  Gb  adc.o [2]
HAL_ADC_MspInit          0x800'9bef    0x48  Code  Gb  adc.o [2]
HAL_ADC_PollForConversion
                         0x800'94bb    0xba  Code  Gb  stm32l4xx_hal_adc.o [6]
HAL_ADC_Start            0x800'944b    0x50  Code  Gb  stm32l4xx_hal_adc.o [6]
HAL_ADC_Stop             0x800'949b    0x20  Code  Gb  stm32l4xx_hal_adc.o [6]
HAL_Delay                0x800'c6ed    0x28  Code  Wk  stm32l4xx_hal.o [6]
HAL_FLASHEx_Erase        0x800'c8e5    0xcc  Code  Gb  stm32l4xx_hal_flash_ex.o [6]
HAL_FLASH_Lock           0x800'c82b     0xa  Code  Gb  stm32l4xx_hal_flash.o [6]
HAL_FLASH_Program        0x800'c77d    0x8e  Code  Gb  stm32l4xx_hal_flash.o [6]
HAL_FLASH_Unlock         0x800'c80b    0x20  Code  Gb  stm32l4xx_hal_flash.o [6]
HAL_GPIO_DeInit          0x800'b7ef    0xfe  Code  Gb  stm32l4xx_hal_gpio.o [6]
HAL_GPIO_EXTI_Callback   0x800'd235     0x2  Code  Wk  stm32l4xx_hal_gpio.o [6]
HAL_GPIO_EXTI_IRQHandler
                         0x800'b903    0x12  Code  Gb  stm32l4xx_hal_gpio.o [6]
HAL_GPIO_Init            0x800'b63d   0x1b2  Code  Gb  stm32l4xx_hal_gpio.o [6]
HAL_GPIO_ReadPin         0x800'b8ed     0xc  Code  Gb  stm32l4xx_hal_gpio.o [6]
HAL_GPIO_WritePin        0x800'b8f9     0xa  Code  Gb  stm32l4xx_hal_gpio.o [6]
HAL_GetTick              0x800'9c5d     0xc  Code  Wk  stm32l4xx_hal.o [6]
HAL_IncTick              0x800'd461    0x10  Code  Wk  stm32l4xx_hal.o [6]
HAL_Init                 0x800'a191    0x1e  Code  Gb  stm32l4xx_hal.o [6]
HAL_InitTick             0x800'b5c9    0x44  Code  Wk  stm32l4xx_hal.o [6]
HAL_MspInit              0x800'b60d    0x30  Code  Gb  stm32l4xx_hal_msp.o [2]
HAL_NVIC_DisableIRQ      0x800'b567    0x1e  Code  Gb  stm32l4xx_hal_cortex.o [6]
HAL_NVIC_EnableIRQ       0x800'b551    0x16  Code  Gb  stm32l4xx_hal_cortex.o [6]
HAL_NVIC_SetPriority     0x800'b515    0x3a  Code  Gb  stm32l4xx_hal_cortex.o [6]
HAL_NVIC_SetPriorityGrouping
                         0x800'b4fb    0x1a  Code  Gb  stm32l4xx_hal_cortex.o [6]
HAL_OPAMP_DeInit         0x800'c4d1    0x36  Code  Gb  stm32l4xx_hal_opamp.o [6]
HAL_OPAMP_Init           0x800'c3f5    0xcc  Code  Gb  stm32l4xx_hal_opamp.o [6]
HAL_OPAMP_MspDeInit      0x800'a583    0x1e  Code  Gb  opamp.o [2]
HAL_OPAMP_MspInit        0x800'a52b    0x58  Code  Gb  opamp.o [2]
HAL_OPAMP_Start          0x800'c507    0x2a  Code  Gb  stm32l4xx_hal_opamp.o [6]
HAL_OPAMP_Stop           0x800'c531    0x30  Code  Gb  stm32l4xx_hal_opamp.o [6]
HAL_PWREx_ControlVoltageScaling
                         0x800'ad0d    0x62  Code  Gb  stm32l4xx_hal_pwr_ex.o [6]
HAL_PWREx_EnterSTOP2Mode
                         0x800'ad79    0x24  Code  Gb  stm32l4xx_hal_pwr_ex.o [6]
HAL_PWREx_GetVoltageRange
                         0x800'ad01     0xc  Code  Gb  stm32l4xx_hal_pwr_ex.o [6]
HAL_PWR_DisableWakeUpPin
                         0x800'c72d    0x10  Code  Gb  stm32l4xx_hal_pwr.o [6]
HAL_PWR_EnableWakeUpPin
                         0x800'c715    0x18  Code  Gb  stm32l4xx_hal_pwr.o [6]
HAL_RCCEx_PeriphCLKConfig
                         0x800'9dad   0x250  Code  Gb  stm32l4xx_hal_rcc_ex.o [6]
HAL_RCC_ClockConfig      0x800'b241    0xfa  Code  Gb  stm32l4xx_hal_rcc.o [6]
HAL_RCC_GetPCLK1Freq     0x800'b403    0x10  Code  Gb  stm32l4xx_hal_rcc.o [6]
HAL_RCC_GetPCLK2Freq     0x800'b413     0xe  Code  Gb  stm32l4xx_hal_rcc.o [6]
HAL_RCC_GetSysClockFreq
                         0x800'b371    0x92  Code  Gb  stm32l4xx_hal_rcc.o [6]
HAL_RCC_OscConfig        0x800'adad   0x45c  Code  Gb  stm32l4xx_hal_rcc.o [6]
HAL_RTCEx_DeactivateWakeUpTimer
                         0x800'cb1b    0x58  Code  Gb  stm32l4xx_hal_rtc_ex.o [6]
HAL_RTCEx_SetWakeUpTimer_IT
                         0x800'ca55    0x88  Code  Gb  stm32l4xx_hal_rtc_ex.o [6]
HAL_RTCEx_WakeUpTimerEventCallback
                         0x800'd237     0x2  Code  Wk  stm32l4xx_hal_rtc_ex.o [6]
HAL_RTCEx_WakeUpTimerIRQHandler
                         0x800'cb8d    0x30  Code  Gb  stm32l4xx_hal_rtc_ex.o [6]
HAL_RTC_Init             0x800'c581    0xa4  Code  Gb  stm32l4xx_hal_rtc.o [6]
HAL_RTC_MspInit          0x800'a5dd    0x4e  Code  Gb  rtc.o [2]
HAL_RTC_WaitForSynchro   0x800'c625    0x2e  Code  Gb  stm32l4xx_hal_rtc.o [6]
HAL_ResumeTick           0x800'cc05    0x10  Code  Wk  stm32l4xx_hal.o [6]
HAL_SPI_DeInit           0x800'ba0d    0x2a  Code  Gb  stm32l4xx_hal_spi.o [6]
HAL_SPI_Init             0x800'b939    0xd4  Code  Gb  stm32l4xx_hal_spi.o [6]
HAL_SPI_MspDeInit        0x800'a3e3    0x2c  Code  Gb  spi.o [2]
HAL_SPI_MspInit          0x800'a355    0x8e  Code  Gb  spi.o [2]
HAL_SPI_Transmit         0x800'ba37   0x16c  Code  Gb  stm32l4xx_hal_spi.o [6]
HAL_SYSTICK_Config       0x800'b585    0x22  Code  Gb  stm32l4xx_hal_cortex.o [6]
HAL_SuspendTick          0x800'cbf5    0x10  Code  Wk  stm32l4xx_hal.o [6]
HAL_UART_DeInit          0x800'be89    0x3e  Code  Gb  stm32l4xx_hal_uart.o [6]
HAL_UART_Init            0x800'be01    0x34  Code  Gb  stm32l4xx_hal_uart.o [6]
HAL_UART_MspDeInit       0x800'a4d5    0x20  Code  Gb  usart.o [2]
HAL_UART_MspInit         0x800'a457    0x7e  Code  Gb  usart.o [2]
HAL_UART_Transmit        0x800'bed3    0x9a  Code  Gb  stm32l4xx_hal_uart.o [6]
HardFault_Handler        0x800'd43b     0x2  Code  Gb  stm32l4xx_it.o [2]
Hzk1                     0x800'7330   0x160  Data  Gb  epd.o [10]
Hzk2                     0x800'7490    0x48  Data  Gb  epd.o [10]
Hzk4                     0x800'74d8   0x200  Data  Gb  epd.o [10]
Hzk_e                    0x800'3fb0  0x3380  Data  Gb  epd.o [10]
I2C1_ER_IRQHandler       0x800'd5c5          Code  Wk  startup_stm32l431xx.o [1]
I2C1_EV_IRQHandler       0x800'd5c1          Code  Wk  startup_stm32l431xx.o [1]
I2C2_ER_IRQHandler       0x800'd5cd          Code  Wk  startup_stm32l431xx.o [1]
I2C2_EV_IRQHandler       0x800'd5c9          Code  Wk  startup_stm32l431xx.o [1]
I2C3_ER_IRQHandler       0x800'd631          Code  Wk  startup_stm32l431xx.o [1]
I2C3_EV_IRQHandler       0x800'd62d          Code  Wk  startup_stm32l431xx.o [1]
KEY_GPIO_Init            0x800'a769    0x16  Code  Gb  bsp.o [8]
KEY_Hold                 0x800'a7ab    0x2a  Code  Gb  bsp.o [8]
KEY_Read                 0x800'a797    0x14  Code  Gb  bsp.o [8]
KEY_WKUP                0x2000'1538     0x1  Data  Gb  main.o [2]
LED_GREEN_GPIO_Deinit    0x800'a639     0xe  Code  Gb  bsp.o [8]
LL_ADC_GetOffsetChannel
                         0x800'9105     0xe  Code  Lc  stm32l4xx_hal_adc.o [6]
LL_ADC_REG_IsTriggerSourceSWStart
                         0x800'9125     0xe  Code  Lc  stm32l4xx_hal_adc.o [6]
LL_ADC_SetChannelSamplingTime
                         0x800'9133    0x24  Code  Lc  stm32l4xx_hal_adc.o [6]
LL_ADC_SetOffsetState    0x800'9113    0x12  Code  Lc  stm32l4xx_hal_adc.o [6]
LPTIM1_IRQHandler        0x800'd615          Code  Wk  startup_stm32l431xx.o [1]
LPTIM2_IRQHandler        0x800'd619          Code  Wk  startup_stm32l431xx.o [1]
LPUART1_IRQHandler       0x800'd625          Code  Wk  startup_stm32l431xx.o [1]
LoadParameters           0x800'a879    0x54  Code  Gb  parameter.o [11]
MSIRangeTable            0x800'd3e0    0x30  Data  Gb  system_stm32l4xx.o [4]
MX_ADC1_Init             0x800'9b79    0x76  Code  Gb  adc.o [2]
MX_GPIO_Init             0x800'a1b1   0x128  Code  Gb  gpio.o [2]
MX_OPAMP1_Init           0x800'a505    0x26  Code  Gb  opamp.o [2]
MX_RTC_Init              0x800'a5b1    0x2c  Code  Gb  rtc.o [2]
MX_SPI1_Init             0x800'a311    0x44  Code  Gb  spi.o [2]
MX_USART1_UART_Init      0x800'a425    0x32  Code  Gb  usart.o [2]
MemManage_Handler        0x800'd43d     0x2  Code  Gb  stm32l4xx_it.o [2]
NMI_Handler              0x800'd439     0x2  Code  Gb  stm32l4xx_it.o [2]
PVD_PVM_IRQHandler       0x800'd559          Code  Wk  startup_stm32l431xx.o [1]
PWR_DisableGPIOA         0x800'a951    0x2a  Code  Gb  PWR.o [5]
PWR_DisableGPIOB         0x800'a97b    0x2c  Code  Gb  PWR.o [5]
PWR_DisableGPIOC         0x800'a9a7    0x26  Code  Gb  PWR.o [5]
PWR_DisableGPIOH         0x800'a9ed    0x2c  Code  Gb  PWR.o [5]
PWR_EnterStop2Mode       0x800'aa3b    0x76  Code  Gb  PWR.o [5]
PWR_ExitStop2Mode        0x800'aab5    0x2c  Code  Gb  PWR.o [5]
PWR_LDO_GPIO_Init        0x800'a657    0x2e  Code  Gb  bsp.o [8]
PWR_LDO_Off              0x800'a64b     0x2  Code  Gb  bsp.o [8]
PWR_LDO_On               0x800'a647     0x4  Code  Gb  bsp.o [8]
PWR_PowerEnough          0x800'aae1    0x2a  Code  Gb  PWR.o [5]
Paint                   0x2000'1514    0x24  Data  Gb  epd.o [10]
Paint_NewImage           0x800'ce6b    0x36  Code  Gb  epd.o [10]
Paint_SetPixel           0x800'cea1    0x5e  Code  Gb  epd.o [10]
PendSV_Handler           0x800'd447     0x2  Code  Gb  stm32l4xx_it.o [2]
QUADSPI_IRQHandler       0x800'd629          Code  Wk  startup_stm32l431xx.o [1]
RCCEx_PLLSAI1_Config     0x800'a003    0xfa  Code  Lc  stm32l4xx_hal_rcc_ex.o [6]
RCC_IRQHandler           0x800'd565          Code  Wk  startup_stm32l431xx.o [1]
RCC_SetFlashLatencyFromMSIRange
                         0x800'b42b    0x74  Code  Lc  stm32l4xx_hal_rcc.o [6]
RNG_IRQHandler           0x800'd641          Code  Wk  startup_stm32l431xx.o [1]
RTC_Alarm_IRQHandler     0x800'd5e9          Code  Wk  startup_stm32l431xx.o [1]
RTC_EnterInitMode        0x800'c653    0x42  Code  Gb  stm32l4xx_hal_rtc.o [6]
RTC_ExitInitMode         0x800'c695    0x4c  Code  Gb  stm32l4xx_hal_rtc.o [6]
RTC_WKUP_IRQHandler      0x800'd44d     0x6  Code  Gb  stm32l4xx_it.o [2]
Region$$Table$$Base      0x800'd494           --   Gb  - Linker created -
Region$$Table$$Limit     0x800'd4b4           --   Gb  - Linker created -
Reset_Handler            0x800'd53d          Code  Wk  startup_stm32l431xx.o [1]
SAI1_IRQHandler          0x800'd635          Code  Wk  startup_stm32l431xx.o [1]
SDMMC1_IRQHandler        0x800'd5ed          Code  Wk  startup_stm32l431xx.o [1]
SPI1_IRQHandler          0x800'd5d1          Code  Wk  startup_stm32l431xx.o [1]
SPI2_IRQHandler          0x800'd5d5          Code  Wk  startup_stm32l431xx.o [1]
SPI3_IRQHandler          0x800'd5f1          Code  Wk  startup_stm32l431xx.o [1]
SPI_EndRxTxTransaction   0x800'bdb3    0x2e  Code  Lc  stm32l4xx_hal_spi.o [6]
SPI_WaitFifoStateUntilTimeout
                         0x800'bcbb    0xd4  Code  Lc  stm32l4xx_hal_spi.o [6]
SPI_WaitFlagStateUntilTimeout
                         0x800'bc05    0xb6  Code  Lc  stm32l4xx_hal_spi.o [6]
SVC_Handler              0x800'd443     0x2  Code  Gb  stm32l4xx_it.o [2]
SWPMI1_IRQHandler        0x800'd639          Code  Wk  startup_stm32l431xx.o [1]
SaveParameters           0x800'a8d7    0x6e  Code  Gb  parameter.o [11]
SaveParameters::EraseInitStruct
                        0x2000'1584    0x10  Data  Lc  parameter.o [11]
SysTick_Handler          0x800'd449     0x4  Code  Gb  stm32l4xx_it.o [2]
SystemClock_Config       0x800'9d45    0x62  Code  Gb  main.o [2]
SystemCoreClock         0x2000'12bc     0x4  Data  Gb  system_stm32l4xx.o [4]
SystemInit               0x800'd4b5     0xc  Code  Gb  system_stm32l4xx.o [4]
TAMP_STAMP_IRQHandler    0x800'd55d          Code  Wk  startup_stm32l431xx.o [1]
TIM1_BRK_TIM15_IRQHandler
                         0x800'd5ad          Code  Wk  startup_stm32l431xx.o [1]
TIM1_CC_IRQHandler       0x800'd5b9          Code  Wk  startup_stm32l431xx.o [1]
TIM1_TRG_COM_IRQHandler
                         0x800'd5b5          Code  Wk  startup_stm32l431xx.o [1]
TIM1_UP_TIM16_IRQHandler
                         0x800'd5b1          Code  Wk  startup_stm32l431xx.o [1]
TIM2_IRQHandler          0x800'd5bd          Code  Wk  startup_stm32l431xx.o [1]
TIM6_DAC_IRQHandler      0x800'd5f5          Code  Wk  startup_stm32l431xx.o [1]
TIM7_IRQHandler          0x800'd5f9          Code  Wk  startup_stm32l431xx.o [1]
TSC_IRQHandler           0x800'd63d          Code  Wk  startup_stm32l431xx.o [1]
UART_AdvFeatureConfig    0x800'c181    0xc6  Code  Gb  stm32l4xx_hal_uart.o [6]
UART_CheckIdleState      0x800'c247    0x8e  Code  Gb  stm32l4xx_hal_uart.o [6]
UART_EndRxTransfer       0x800'c36d    0x22  Code  Lc  stm32l4xx_hal_uart.o [6]
UART_SetConfig           0x800'bf99   0x1e2  Code  Gb  stm32l4xx_hal_uart.o [6]
UART_WaitOnFlagUntilTimeout
                         0x800'c2e1    0x8c  Code  Gb  stm32l4xx_hal_uart.o [6]
USART1_IRQHandler        0x800'd5d9          Code  Wk  startup_stm32l431xx.o [1]
USART2_IRQHandler        0x800'd5dd          Code  Wk  startup_stm32l431xx.o [1]
USART3_IRQHandler        0x800'd5e1          Code  Wk  startup_stm32l431xx.o [1]
UsageFault_Handler       0x800'd441     0x2  Code  Gb  stm32l4xx_it.o [2]
WKUP_Deinit              0x800'a82d    0x12  Code  Gb  bsp.o [8]
WKUP_Init                0x800'a7d5    0x3c  Code  Gb  bsp.o [8]
WWDG_IRQHandler          0x800'd555          Code  Wk  startup_stm32l431xx.o [1]
_LC                      0x800'76d9     0x6  Code  Lc  xprintffull_nomb.o [12]
_LitobFullNoMb           0x800'83a1   0x114  Code  Lc  xprintffull_nomb.o [12]
_Locale_lconv           0x2000'12c0    0x38  Data  Lc  xlocale_c.o [12]
_PrintfFullNoMb          0x800'76df   0xc92  Code  Gb  xprintffull_nomb.o [12]
_Prout                   0x800'd525    0x16  Code  Gb  xprout.o [12]
_PutcharsFullNoMb        0x800'850d    0x2e  Code  Lc  xprintffull_nomb.o [12]
_SProut                  0x800'8617     0xa  Code  Gb  xsprout.o [12]
__NVIC_SetPriority       0x800'b4e1    0x1a  Code  Lc  stm32l4xx_hal_cortex.o [6]
__aeabi_cdcmple          0x800'8755          Code  Gb  DblCmpLe.o [13]
__aeabi_cdrcmple         0x800'8789          Code  Gb  DblCmpGe.o [13]
__aeabi_d2f              0x800'd2cd          Code  Gb  DblToFlt.o [13]
__aeabi_d2iz             0x800'88f9          Code  Gb  DblToS32.o [13]
__aeabi_d2uiz            0x800'8ded          Code  Gb  DblToU32.o [13]
__aeabi_ddiv             0x800'8ba5          Code  Gb  DblDiv.o [13]
__aeabi_dmul             0x800'8e2d          Code  Gb  DblMul.o [13]
__aeabi_dsub             0x800'8ac1          Code  Gb  DblAddSub.o [13]
__aeabi_f2d              0x800'd1ad          Code  Gb  FltToDbl.o [13]
__aeabi_i2d              0x800'8931          Code  Gb  S32ToDbl.o [13]
__aeabi_ldiv0            0x800'90ed          Code  Gb  I64DivZer.o [14]
__aeabi_memclr4          0x800'acf9          Code  Gb  ABImemclr4.o [14]
__aeabi_memset           0x800'a129          Code  Gb  ABImemset.o [14]
__aeabi_memset4          0x800'c741          Code  Gb  ABImemset48.o [14]
__aeabi_memset8          0x800'c741          Code  Gb  ABImemset48.o [14]
__aeabi_ui2d             0x800'8e11          Code  Gb  U32ToDbl.o [13]
__cmain                  0x800'd4d5          Code  Gb  cmain.o [14]
__exit                   0x800'90f1    0x14  Code  Gb  exit.o [15]
__iar_Fail_s             0x800'8621    0x1c  Code  Gb  xfail_s.o [12]
__iar_Memchr             0x800'8675          Code  Gb  memchr.o [14]
__iar_Memset             0x800'a129          Code  Gb  ABImemset.o [14]
__iar_Memset4_word       0x800'c749          Code  Gb  ABImemset48.o [14]
__iar_Memset8_word       0x800'c749          Code  Gb  ABImemset48.o [14]
__iar_Memset_word        0x800'a131          Code  Gb  ABImemset.o [14]
__iar_Stdout            0x2000'12f8    0x48  Data  Gb  xfiles.o [12]
__iar_Strchr             0x800'8601          Code  Gb  strchr.o [14]
__iar_data_init3         0x800'd411    0x28  Code  Gb  data_init.o [14]
__iar_frexp              0x800'86f1          Code  Gb  frexp.o [13]
__iar_frexpl             0x800'86f1          Code  Gb  frexp.o [13]
__iar_init_vfp           0x800'd471          Code  Gb  fpinit_M.o [13]
__iar_ldexp64            0x800'87bd          Code  Gb  ldexp.o [13]
__iar_lz77_init_single3
                         0x800'8583    0x7e  Code  Gb  lz77_init_single.o [14]
__iar_program_start      0x800'd509          Code  Gb  cstartup_M.o [14]
__iar_scalbln64          0x800'87bd          Code  Gb  ldexp.o [13]
__iar_scalbn64           0x800'87bd          Code  Gb  ldexp.o [13]
__iar_small_Memcpy       0x800'86d1          Code  Gb  ABImemcpy_small.o [14]
__iar_small_memcpy       0x800'86cd          Code  Gb  ABImemcpy_small.o [14]
__iar_small_memcpy4      0x800'86cd          Code  Gb  ABImemcpy_small.o [14]
__iar_small_memcpy8      0x800'86cd          Code  Gb  ABImemcpy_small.o [14]
__iar_small_strlen       0x800'8661          Code  Gb  strlen_small.o [14]
__iar_small_uldivmod     0x800'8fe1          Code  Gb  I64DivMod_small.o [14]
__iar_softfp___iar_frexp64
                         0x800'86e5          Code  Gb  frexp.o [13]
__iar_softfp_frexp       0x800'86e5          Code  Gb  frexp.o [13]
__iar_softfp_frexpl      0x800'86e5          Code  Gb  frexp.o [13]
__iar_zero_init3         0x800'd3a9    0x38  Code  Gb  zero_init3.o [14]
__low_level_init         0x800'd4f3     0x4  Code  Gb  low_level_init.o [12]
__vector_table           0x800'0000          Data  Gb  startup_stm32l431xx.o [1]
__write                  0x800'd379    0x30  Code  Gb  write.o [2]
_call_main               0x800'd4e1          Code  Gb  cmain.o [14]
_exit                    0x800'd4fd          Code  Gb  cexit.o [14]
abort                    0x800'90e7     0x6  Code  Gb  abort.o [12]
asc2_0806                0x800'018c   0x228  Data  Gb  epd.o [10]
asc2_1206                0x800'03b4   0x474  Data  Gb  epd.o [10]
asc2_1608                0x800'0828   0x5f0  Data  Gb  epd.o [10]
asc2_2412                0x800'0e18   0xd5c  Data  Gb  epd.o [10]
asc2_5036                0x800'1b74  0x243c  Data  Gb  epd.o [10]
defaultParameters       0x2000'0000    0x20  Data  Gb  parameter.o [11]
elementInfo             0x2000'0020  0x1270  Data  Gb  element.o [9]
exit                     0x800'd4f7     0x4  Code  Gb  exit.o [12]
hadc1                   0x2000'13c8    0x64  Data  Gb  adc.o [2]
hopamp1                 0x2000'14e0    0x34  Data  Gb  opamp.o [2]
hrtc                    0x2000'1560    0x24  Data  Gb  rtc.o [2]
hspi1                   0x2000'142c    0x64  Data  Gb  spi.o [2]
huart1                  0x2000'1340    0x88  Data  Gb  usart.o [2]
ldexp                    0x800'87bd          Code  Gb  ldexp.o [13]
ldexpl                   0x800'87bd          Code  Gb  ldexp.o [13]
localeconv               0x800'8fd9     0x4  Code  Gb  xlocale_c.o [12]
main                     0x800'9c7d    0xbe  Code  Gb  main.o [2]
memchr                   0x800'8675          Code  Gb  memchr.o [14]
memset                   0x800'9c69    0x14  Code  Gb  memset.o [14]
obuf                    0x2000'1490    0x50  Data  Lc  xfiles.o [12]
pFlash                  0x2000'129c    0x20  Data  Gb  stm32l4xx_hal_flash.o [6]
printf                   0x800'cc15    0x28  Code  Gb  printf.o [12]
putchar                  0x800'd335    0x44  Code  Gb  putchar.o [12]
runPara                 0x2000'1540    0x20  Data  Gb  main.o [2]
scalbln                  0x800'87bd          Code  Gb  ldexp.o [13]
scalblnl                 0x800'87bd          Code  Gb  ldexp.o [13]
scalbn                   0x800'87bd          Code  Gb  ldexp.o [13]
scalbnl                  0x800'87bd          Code  Gb  ldexp.o [13]
scale                    0x800'84b5    0x46  Code  Lc  xprintffull_nomb.o [12]
sec_hand                0x2000'1594     0x4  Data  Lc  xfail_s.o [12]
sprintf                  0x800'd1f5    0x40  Code  Gb  sprintf.o [12]
strchr                   0x800'8601          Code  Gb  strchr.o [14]
uwTick                  0x2000'1294     0x4  Data  Gb  stm32l4xx_hal.o [6]
uwTickFreq              0x2000'1290     0x1  Data  Gb  stm32l4xx_hal.o [6]
uwTickPrio              0x2000'1298     0x4  Data  Gb  stm32l4xx_hal.o [6]


[1] = E:\eElements\2.Firmware\eElements\EWARM\eElements\Obj\Application\EWARM
[2] = E:\eElements\2.Firmware\eElements\EWARM\eElements\Obj\Application\User\Core
[3] = E:\eElements\2.Firmware\eElements\EWARM\eElements\Obj\Drivers\AT
[4] = E:\eElements\2.Firmware\eElements\EWARM\eElements\Obj\Drivers\CMSIS
[5] = E:\eElements\2.Firmware\eElements\EWARM\eElements\Obj\Drivers\PWR
[6] = E:\eElements\2.Firmware\eElements\EWARM\eElements\Obj\Drivers\STM32L4xx_HAL_Driver
[7] = E:\eElements\2.Firmware\eElements\EWARM\eElements\Obj\Drivers\battery
[8] = E:\eElements\2.Firmware\eElements\EWARM\eElements\Obj\Drivers\bsp
[9] = E:\eElements\2.Firmware\eElements\EWARM\eElements\Obj\Drivers\element
[10] = E:\eElements\2.Firmware\eElements\EWARM\eElements\Obj\Drivers\epd
[11] = E:\eElements\2.Firmware\eElements\EWARM\eElements\Obj\Drivers\parameter
[12] = dl7M_tlf.a
[13] = m7M_tls.a
[14] = rt7M_tl.a
[15] = shb_l.a

  24'739 bytes of readonly  code memory
  32'989 bytes of readonly  data memory
  13'720 bytes of readwrite data memory

Errors: none
Warnings: none
