###############################################################################
#
# IAR ELF Linker V9.30.1.335/W64 for ARM                  02/Apr/2024  22:54:23
# Copyright 2007-2022 IAR Systems AB.
#
#    Output file  =
#        E:\eElements\2.Firmware\eElements\EWARM\eElements\Exe\eElements.out
#    Map file     =
#        E:\eElements\2.Firmware\eElements\EWARM\eElements\List\eElements.map
#    Command line =
#        -f
#        E:\eElements\2.Firmware\eElements\EWARM\eElements\Exe\eElements.out.rsp
#        (E:\eElements\2.Firmware\eElements\EWARM\eElements\Obj\Application\User\Core\adc.o
#        E:\eElements\2.Firmware\eElements\EWARM\eElements\Obj\Drivers\AT\AT.o
#        E:\eElements\2.Firmware\eElements\EWARM\eElements\Obj\Drivers\battery\battery.o
#        E:\eElements\2.Firmware\eElements\EWARM\eElements\Obj\Drivers\bsp\bsp.o
#        E:\eElements\2.Firmware\eElements\EWARM\eElements\Obj\Drivers\element\element.o
#        E:\eElements\2.Firmware\eElements\EWARM\eElements\Obj\Drivers\epd\epd.o
#        E:\eElements\2.Firmware\eElements\EWARM\eElements\Obj\Drivers\epd\epd_gui.o
#        E:\eElements\2.Firmware\eElements\EWARM\eElements\Obj\Application\User\Core\gpio.o
#        E:\eElements\2.Firmware\eElements\EWARM\eElements\Obj\Application\User\Core\main.o
#        E:\eElements\2.Firmware\eElements\EWARM\eElements\Obj\Application\User\Core\opamp.o
#        E:\eElements\2.Firmware\eElements\EWARM\eElements\Obj\Drivers\parameter\parameter.o
#        E:\eElements\2.Firmware\eElements\EWARM\eElements\Obj\Drivers\PWR\PWR.o
#        E:\eElements\2.Firmware\eElements\EWARM\eElements\Obj\Application\User\Core\rtc.o
#        E:\eElements\2.Firmware\eElements\EWARM\eElements\Obj\Application\User\Core\spi.o
#        E:\eElements\2.Firmware\eElements\EWARM\eElements\Obj\Application\EWARM\startup_stm32l431xx.o
#        E:\eElements\2.Firmware\eElements\EWARM\eElements\Obj\Drivers\STM32L4xx_HAL_Driver\stm32l4xx_hal.o
#        E:\eElements\2.Firmware\eElements\EWARM\eElements\Obj\Drivers\STM32L4xx_HAL_Driver\stm32l4xx_hal_adc.o
#        E:\eElements\2.Firmware\eElements\EWARM\eElements\Obj\Drivers\STM32L4xx_HAL_Driver\stm32l4xx_hal_adc_ex.o
#        E:\eElements\2.Firmware\eElements\EWARM\eElements\Obj\Drivers\STM32L4xx_HAL_Driver\stm32l4xx_hal_cortex.o
#        E:\eElements\2.Firmware\eElements\EWARM\eElements\Obj\Drivers\STM32L4xx_HAL_Driver\stm32l4xx_hal_dma.o
#        E:\eElements\2.Firmware\eElements\EWARM\eElements\Obj\Drivers\STM32L4xx_HAL_Driver\stm32l4xx_hal_dma_ex.o
#        E:\eElements\2.Firmware\eElements\EWARM\eElements\Obj\Drivers\STM32L4xx_HAL_Driver\stm32l4xx_hal_exti.o
#        E:\eElements\2.Firmware\eElements\EWARM\eElements\Obj\Drivers\STM32L4xx_HAL_Driver\stm32l4xx_hal_flash.o
#        E:\eElements\2.Firmware\eElements\EWARM\eElements\Obj\Drivers\STM32L4xx_HAL_Driver\stm32l4xx_hal_flash_ex.o
#        E:\eElements\2.Firmware\eElements\EWARM\eElements\Obj\Drivers\STM32L4xx_HAL_Driver\stm32l4xx_hal_flash_ramfunc.o
#        E:\eElements\2.Firmware\eElements\EWARM\eElements\Obj\Drivers\STM32L4xx_HAL_Driver\stm32l4xx_hal_gpio.o
#        E:\eElements\2.Firmware\eElements\EWARM\eElements\Obj\Drivers\STM32L4xx_HAL_Driver\stm32l4xx_hal_i2c.o
#        E:\eElements\2.Firmware\eElements\EWARM\eElements\Obj\Drivers\STM32L4xx_HAL_Driver\stm32l4xx_hal_i2c_ex.o
#        E:\eElements\2.Firmware\eElements\EWARM\eElements\Obj\Application\User\Core\stm32l4xx_hal_msp.o
#        E:\eElements\2.Firmware\eElements\EWARM\eElements\Obj\Drivers\STM32L4xx_HAL_Driver\stm32l4xx_hal_opamp.o
#        E:\eElements\2.Firmware\eElements\EWARM\eElements\Obj\Drivers\STM32L4xx_HAL_Driver\stm32l4xx_hal_opamp_ex.o
#        E:\eElements\2.Firmware\eElements\EWARM\eElements\Obj\Drivers\STM32L4xx_HAL_Driver\stm32l4xx_hal_pwr.o
#        E:\eElements\2.Firmware\eElements\EWARM\eElements\Obj\Drivers\STM32L4xx_HAL_Driver\stm32l4xx_hal_pwr_ex.o
#        E:\eElements\2.Firmware\eElements\EWARM\eElements\Obj\Drivers\STM32L4xx_HAL_Driver\stm32l4xx_hal_rcc.o
#        E:\eElements\2.Firmware\eElements\EWARM\eElements\Obj\Drivers\STM32L4xx_HAL_Driver\stm32l4xx_hal_rcc_ex.o
#        E:\eElements\2.Firmware\eElements\EWARM\eElements\Obj\Drivers\STM32L4xx_HAL_Driver\stm32l4xx_hal_rtc.o
#        E:\eElements\2.Firmware\eElements\EWARM\eElements\Obj\Drivers\STM32L4xx_HAL_Driver\stm32l4xx_hal_rtc_ex.o
#        E:\eElements\2.Firmware\eElements\EWARM\eElements\Obj\Drivers\STM32L4xx_HAL_Driver\stm32l4xx_hal_spi.o
#        E:\eElements\2.Firmware\eElements\EWARM\eElements\Obj\Drivers\STM32L4xx_HAL_Driver\stm32l4xx_hal_spi_ex.o
#        E:\eElements\2.Firmware\eElements\EWARM\eElements\Obj\Drivers\STM32L4xx_HAL_Driver\stm32l4xx_hal_tim.o
#        E:\eElements\2.Firmware\eElements\EWARM\eElements\Obj\Drivers\STM32L4xx_HAL_Driver\stm32l4xx_hal_tim_ex.o
#        E:\eElements\2.Firmware\eElements\EWARM\eElements\Obj\Drivers\STM32L4xx_HAL_Driver\stm32l4xx_hal_uart.o
#        E:\eElements\2.Firmware\eElements\EWARM\eElements\Obj\Drivers\STM32L4xx_HAL_Driver\stm32l4xx_hal_uart_ex.o
#        E:\eElements\2.Firmware\eElements\EWARM\eElements\Obj\Application\User\Core\stm32l4xx_it.o
#        E:\eElements\2.Firmware\eElements\EWARM\eElements\Obj\Drivers\CMSIS\system_stm32l4xx.o
#        E:\eElements\2.Firmware\eElements\EWARM\eElements\Obj\Application\User\Core\usart.o
#        E:\eElements\2.Firmware\eElements\EWARM\eElements\Obj\Application\User\Core\write.o
#        --no_out_extension -o
#        E:\eElements\2.Firmware\eElements\EWARM\eElements\Exe\eElements.out
#        --redirect _Printf=_PrintfFullNoMb --redirect _Scanf=_ScanfFullNoMb
#        --map
#        E:\eElements\2.Firmware\eElements\EWARM\eElements\List\eElements.map
#        --config E:\eElements\2.Firmware\eElements\EWARM/stm32l431xx_flash.icf
#        --semihosting --entry __iar_program_start --vfe --text_out locale
#        --cpu=Cortex-M4 --fpu=VFPv4_sp)
#
###############################################################################

*******************************************************************************
*** RUNTIME MODEL ATTRIBUTES
***

CppFlavor       = *
__CPP_Runtime   = 1
__SystemLibrary = DLib
__dlib_version  = 6


*******************************************************************************
*** HEAP SELECTION
***

The basic heap was selected because --advanced_heap
was not specified and the application did not appear to
be primarily optimized for speed.


*******************************************************************************
*** PLACEMENT SUMMARY
***

"A0":  place at address 0x800'0000 { ro section .intvec };
"P1":  place in [from 0x800'0000 to 0x803'ffff] { ro };
define block CSTACK with size = 8K, alignment = 8 { };
define block HEAP with size = 8K, alignment = 8 { };
"P2":  place in [from 0x2000'0000 to 0x2000'ffff] {
          rw, block CSTACK, block HEAP };
initialize by copy { rw };

  Section            Kind         Address    Size  Object
  -------            ----         -------    ----  ------
"A0":                                       0x18c
  .intvec            ro code   0x800'0000   0x18c  startup_stm32l431xx.o [1]
                             - 0x800'018c   0x18c

"P1":                                      0xe7ce
  .rodata            const     0x800'018c  0x3ea8  epd.o [10]
  .rodata            const     0x800'4034  0x3e24  epd.o [10]
  .text              ro code   0x800'7e58   0xeaa  xprintffull_nomb.o [12]
  .text              ro code   0x800'8d02    0x7e  lz77_init_single.o [14]
  .text              ro code   0x800'8d80    0x16  strchr.o [14]
  .text              ro code   0x800'8d96     0xa  xsprout.o [12]
  .text              ro code   0x800'8da0    0x40  xfail_s.o [12]
  .text              ro code   0x800'8de0    0x14  strlen_small.o [14]
  .text              ro code   0x800'8df4    0x58  memchr.o [14]
  .text              ro code   0x800'8e4c    0x18  ABImemcpy_small.o [14]
  .text              ro code   0x800'8e64    0x70  frexp.o [13]
  .text              ro code   0x800'8ed4    0x34  DblCmpLe.o [13]
  .text              ro code   0x800'8f08    0x34  DblCmpGe.o [13]
  .text              ro code   0x800'8f3c   0x13a  ldexp.o [13]
  .rodata            const     0x800'9076     0x2  xlocale_c.o [12]
  .text              ro code   0x800'9078    0x36  DblToS32.o [13]
  .rodata            const     0x800'90ae     0x1  xlocale_c.o [12]
  .text              ro code   0x800'90b0    0x22  S32ToDbl.o [13]
  .text              ro code   0x800'90d4   0x24e  DblAddSub.o [13]
  .text              ro code   0x800'9324   0x246  DblDiv.o [13]
  .text              ro code   0x800'956c    0x22  DblToU32.o [13]
  .text              ro code   0x800'9590    0x1c  U32ToDbl.o [13]
  .text              ro code   0x800'95ac   0x1aa  DblMul.o [13]
  .text              ro code   0x800'9758     0x8  xlocale_c.o [12]
  .text              ro code   0x800'9760   0x106  I64DivMod_small.o [14]
  .text              ro code   0x800'9866     0x6  abort.o [12]
  .text              ro code   0x800'986c     0x2  I64DivZer.o [14]
  .text              ro code   0x800'9870    0x14  exit.o [15]
  .text              ro code   0x800'9884   0xa74  stm32l4xx_hal_adc.o [6]
  .text              ro code   0x800'a2f8    0xe4  adc.o [2]
  .text              ro code   0x800'a3dc     0xc  stm32l4xx_hal.o [6]
  .text              ro code   0x800'a3e8    0x14  memset.o [14]
  .text              ro code   0x800'a3fc   0x162  main.o [2]
  .text              ro code   0x800'a560   0x37c  stm32l4xx_hal_rcc_ex.o [6]
  .text              ro code   0x800'a8dc    0x66  ABImemset.o [14]
  .text              ro code   0x800'a944    0x1e  stm32l4xx_hal.o [6]
  .text              ro code   0x800'a964   0x15e  gpio.o [2]
  .text              ro code   0x800'aac4   0x114  spi.o [2]
  .text              ro code   0x800'abd8    0xe0  usart.o [2]
  .text              ro code   0x800'acb8    0xac  opamp.o [2]
  .text              ro code   0x800'ad64    0x88  rtc.o [2]
  .text              ro code   0x800'adec   0x240  bsp.o [8]
  .text              ro code   0x800'b02c    0xe4  parameter.o [11]
  .text              ro code   0x800'b110   0x1f4  PWR.o [5]
  .text              ro code   0x800'b304   0x1cc  epd_gui.o [10]
  .text              ro code   0x800'b4d0     0x6  ABImemclr4.o [14]
  .text              ro code   0x800'b4d8    0xac  stm32l4xx_hal_pwr_ex.o [6]
  .text              ro code   0x800'b584   0x734  stm32l4xx_hal_rcc.o [6]
  .text              ro code   0x800'bcb8    0xe8  stm32l4xx_hal_cortex.o [6]
  .text              ro code   0x800'bda0    0x44  stm32l4xx_hal.o [6]
  .text              ro code   0x800'bde4    0x30  stm32l4xx_hal_msp.o [2]
  .text              ro code   0x800'be14   0x2fc  stm32l4xx_hal_gpio.o [6]
  .text              ro code   0x800'c110   0x4c8  stm32l4xx_hal_spi.o [6]
  .text              ro code   0x800'c5d8   0x5f4  stm32l4xx_hal_uart.o [6]
  .text              ro code   0x800'cbcc   0x18c  stm32l4xx_hal_opamp.o [6]
  .text              ro code   0x800'cd58   0x16c  stm32l4xx_hal_rtc.o [6]
  .text              ro code   0x800'cec4    0x28  stm32l4xx_hal.o [6]
  .text              ro code   0x800'ceec    0x2c  stm32l4xx_hal_pwr.o [6]
  .text              ro code   0x800'cf18    0x3a  ABImemset48.o [14]
  .text              ro code   0x800'cf54   0x168  stm32l4xx_hal_flash.o [6]
  .text              ro code   0x800'd0bc   0x170  stm32l4xx_hal_flash_ex.o [6]
  .text              ro code   0x800'd22c   0x1a0  stm32l4xx_hal_rtc_ex.o [6]
  .text              ro code   0x800'd3cc    0x10  stm32l4xx_hal.o [6]
  .text              ro code   0x800'd3dc    0x10  stm32l4xx_hal.o [6]
  .text              ro code   0x800'd3ec    0x28  printf.o [12]
  .text              ro code   0x800'd414   0x106  battery.o [7]
  .text              ro code   0x800'd51c   0x468  epd.o [10]
  .text              ro code   0x800'd984    0x48  FltToDbl.o [13]
  .text              ro code   0x800'd9cc    0x40  sprintf.o [12]
  .text              ro code   0x800'da0c     0x2  stm32l4xx_hal_gpio.o [6]
  .text              ro code   0x800'da0e     0x2  stm32l4xx_hal_rtc_ex.o [6]
  .text              ro code   0x800'da10    0x94  stm32l4xx_hal_adc_ex.o [6]
  .text              ro code   0x800'daa4    0x68  DblToFlt.o [13]
  .text              ro code   0x800'db0c    0x44  putchar.o [12]
  .text              ro code   0x800'db50    0x30  write.o [2]
  .text              ro code   0x800'db80    0x38  zero_init3.o [14]
  .rodata            const     0x800'dbb8    0x30  system_stm32l4xx.o [4]
  .text              ro code   0x800'dbe8    0x28  data_init.o [14]
  .text              ro code   0x800'dc10    0x26  stm32l4xx_it.o [2]
  .text              ro code   0x800'dc38    0x10  stm32l4xx_hal.o [6]
  .text              ro code   0x800'dc48    0x22  fpinit_M.o [13]
  .iar.init_table    const     0x800'dc6c    0x20  - Linker created -
  .text              ro code   0x800'dc8c    0x20  system_stm32l4xx.o [4]
  .text              ro code   0x800'dcac    0x1e  cmain.o [14]
  .text              ro code   0x800'dcca     0x4  low_level_init.o [12]
  .text              ro code   0x800'dcce     0x4  exit.o [12]
  .text              ro code   0x800'dcd4     0xa  cexit.o [14]
  .text              ro code   0x800'dce0    0x1c  cstartup_M.o [14]
  .text              ro code   0x800'dcfc    0x16  xprout.o [12]
  .text              ro code   0x800'dd14    0x10  startup_stm32l431xx.o [1]
  .rodata            const     0x800'dd24     0x8  system_stm32l4xx.o [4]
  .text              ro code   0x800'dd2c     0x4  startup_stm32l431xx.o [1]
  .text              ro code   0x800'dd30     0x4  startup_stm32l431xx.o [1]
  .text              ro code   0x800'dd34     0x4  startup_stm32l431xx.o [1]
  .text              ro code   0x800'dd38     0x4  startup_stm32l431xx.o [1]
  .text              ro code   0x800'dd3c     0x4  startup_stm32l431xx.o [1]
  .text              ro code   0x800'dd40     0x4  startup_stm32l431xx.o [1]
  .text              ro code   0x800'dd44     0x4  startup_stm32l431xx.o [1]
  .text              ro code   0x800'dd48     0x4  startup_stm32l431xx.o [1]
  .text              ro code   0x800'dd4c     0x4  startup_stm32l431xx.o [1]
  .text              ro code   0x800'dd50     0x4  startup_stm32l431xx.o [1]
  .text              ro code   0x800'dd54     0x4  startup_stm32l431xx.o [1]
  .text              ro code   0x800'dd58     0x4  startup_stm32l431xx.o [1]
  .text              ro code   0x800'dd5c     0x4  startup_stm32l431xx.o [1]
  .text              ro code   0x800'dd60     0x4  startup_stm32l431xx.o [1]
  .text              ro code   0x800'dd64     0x4  startup_stm32l431xx.o [1]
  .text              ro code   0x800'dd68     0x4  startup_stm32l431xx.o [1]
  .text              ro code   0x800'dd6c     0x4  startup_stm32l431xx.o [1]
  .text              ro code   0x800'dd70     0x4  startup_stm32l431xx.o [1]
  .text              ro code   0x800'dd74     0x4  startup_stm32l431xx.o [1]
  .text              ro code   0x800'dd78     0x4  startup_stm32l431xx.o [1]
  .text              ro code   0x800'dd7c     0x4  startup_stm32l431xx.o [1]
  .text              ro code   0x800'dd80     0x4  startup_stm32l431xx.o [1]
  .text              ro code   0x800'dd84     0x4  startup_stm32l431xx.o [1]
  .text              ro code   0x800'dd88     0x4  startup_stm32l431xx.o [1]
  .text              ro code   0x800'dd8c     0x4  startup_stm32l431xx.o [1]
  .text              ro code   0x800'dd90     0x4  startup_stm32l431xx.o [1]
  .text              ro code   0x800'dd94     0x4  startup_stm32l431xx.o [1]
  .text              ro code   0x800'dd98     0x4  startup_stm32l431xx.o [1]
  .text              ro code   0x800'dd9c     0x4  startup_stm32l431xx.o [1]
  .text              ro code   0x800'dda0     0x4  startup_stm32l431xx.o [1]
  .text              ro code   0x800'dda4     0x4  startup_stm32l431xx.o [1]
  .text              ro code   0x800'dda8     0x4  startup_stm32l431xx.o [1]
  .text              ro code   0x800'ddac     0x4  startup_stm32l431xx.o [1]
  .text              ro code   0x800'ddb0     0x4  startup_stm32l431xx.o [1]
  .text              ro code   0x800'ddb4     0x4  startup_stm32l431xx.o [1]
  .text              ro code   0x800'ddb8     0x4  startup_stm32l431xx.o [1]
  .text              ro code   0x800'ddbc     0x4  startup_stm32l431xx.o [1]
  .text              ro code   0x800'ddc0     0x4  startup_stm32l431xx.o [1]
  .text              ro code   0x800'ddc4     0x4  startup_stm32l431xx.o [1]
  .text              ro code   0x800'ddc8     0x4  startup_stm32l431xx.o [1]
  .text              ro code   0x800'ddcc     0x4  startup_stm32l431xx.o [1]
  .text              ro code   0x800'ddd0     0x4  startup_stm32l431xx.o [1]
  .text              ro code   0x800'ddd4     0x4  startup_stm32l431xx.o [1]
  .text              ro code   0x800'ddd8     0x4  startup_stm32l431xx.o [1]
  .text              ro code   0x800'dddc     0x4  startup_stm32l431xx.o [1]
  .text              ro code   0x800'dde0     0x4  startup_stm32l431xx.o [1]
  .text              ro code   0x800'dde4     0x4  startup_stm32l431xx.o [1]
  .text              ro code   0x800'dde8     0x4  startup_stm32l431xx.o [1]
  .text              ro code   0x800'ddec     0x4  startup_stm32l431xx.o [1]
  .text              ro code   0x800'ddf0     0x4  startup_stm32l431xx.o [1]
  .text              ro code   0x800'ddf4     0x4  startup_stm32l431xx.o [1]
  .text              ro code   0x800'ddf8     0x4  startup_stm32l431xx.o [1]
  .text              ro code   0x800'ddfc     0x4  startup_stm32l431xx.o [1]
  .text              ro code   0x800'de00     0x4  startup_stm32l431xx.o [1]
  .text              ro code   0x800'de04     0x4  startup_stm32l431xx.o [1]
  .text              ro code   0x800'de08     0x4  startup_stm32l431xx.o [1]
  .text              ro code   0x800'de0c     0x4  startup_stm32l431xx.o [1]
  .text              ro code   0x800'de10     0x4  startup_stm32l431xx.o [1]
  .text              ro code   0x800'de14     0x4  startup_stm32l431xx.o [1]
  .text              ro code   0x800'de18     0x4  startup_stm32l431xx.o [1]
  .text              ro code   0x800'de1c     0x4  startup_stm32l431xx.o [1]
  .text              ro code   0x800'de20     0x4  startup_stm32l431xx.o [1]
  .rodata            const     0x800'de24     0x0  zero_init3.o [14]
  .rodata            const     0x800'de24     0x0  lz77_init_single.o [14]
  Initializer bytes  const     0x800'de24   0xb36  <for P2-1>
                             - 0x800'e95a  0xe7ce

"P2", part 1 of 3:                         0x13c8
  P2-1                        0x2000'0000  0x13c8  <Init block>
    .data            inited   0x2000'0000    0xa8  parameter.o [11]
    .data            inited   0x2000'00a8  0x1270  element.o [9]
    .data            inited   0x2000'1318     0xc  stm32l4xx_hal.o [6]
    .data            inited   0x2000'1324    0x20  stm32l4xx_hal_flash.o [6]
    .data            inited   0x2000'1344     0x4  system_stm32l4xx.o [4]
    .data            inited   0x2000'1348    0x38  xlocale_c.o [12]
    .data            inited   0x2000'1380    0x48  xfiles.o [12]
                            - 0x2000'13c8  0x13c8

"P2", part 2 of 3:                          0x2dc
  .bss               zero     0x2000'13c8    0xa8  main.o [2]
  .bss               zero     0x2000'1470    0x88  usart.o [2]
  .bss               zero     0x2000'14f8    0x64  adc.o [2]
  .bss               zero     0x2000'155c    0x64  spi.o [2]
  .bss               zero     0x2000'15c0    0x50  xfiles.o [12]
  .bss               zero     0x2000'1610    0x34  opamp.o [2]
  .bss               zero     0x2000'1644    0x24  epd.o [10]
  .bss               zero     0x2000'1668    0x24  rtc.o [2]
  .bss               zero     0x2000'168c    0x10  parameter.o [11]
  .bss               zero     0x2000'169c     0x4  xfail_s.o [12]
  .bss               zero     0x2000'16a0     0x1  main.o [2]
                            - 0x2000'16a1   0x2d9

"P2", part 3 of 3:                         0x2000
  CSTACK                      0x2000'16a8  0x2000  <Block>
    CSTACK           uninit   0x2000'16a8  0x2000  <Block tail>
                            - 0x2000'36a8  0x2000

Unused ranges:

         From           To      Size
         ----           --      ----
   0x800'e95a   0x803'ffff  0x3'16a6
  0x2000'16a4  0x2000'16a7       0x4
  0x2000'36a8  0x2000'ffff    0xc958


*******************************************************************************
*** INIT TABLE
***

          Address      Size
          -------      ----
Zero (__iar_zero_init3)
    1 destination range, total size 0x2d9:
          0x2000'13c8   0x2d9

Copy/lz77 (__iar_lz77_init_single3)
    1 source range, total size 0xb36 (56% of destination):
           0x800'de24   0xb36
    1 destination range, total size 0x13c8:
          0x2000'0000  0x13c8



*******************************************************************************
*** MODULE SUMMARY
***

    Module                    ro code  ro data  rw data
    ------                    -------  -------  -------
command line/config:
    ---------------------------------------------------
    Total:

E:\eElements\2.Firmware\eElements\EWARM\eElements\Obj\Application\EWARM: [1]
    startup_stm32l431xx.o         660
    ---------------------------------------------------
    Total:                        660

E:\eElements\2.Firmware\eElements\EWARM\eElements\Obj\Application\User\Core: [2]
    adc.o                         228               100
    gpio.o                        350
    main.o                        354               169
    opamp.o                       172                52
    rtc.o                         136                36
    spi.o                         276               100
    stm32l4xx_hal_msp.o            48
    stm32l4xx_it.o                 38
    usart.o                       224               136
    write.o                        48
    ---------------------------------------------------
    Total:                      1'874               593

E:\eElements\2.Firmware\eElements\EWARM\eElements\Obj\Drivers\AT: [3]
    ---------------------------------------------------
    Total:

E:\eElements\2.Firmware\eElements\EWARM\eElements\Obj\Drivers\CMSIS: [4]
    system_stm32l4xx.o             32       58        4
    ---------------------------------------------------
    Total:                         32       58        4

E:\eElements\2.Firmware\eElements\EWARM\eElements\Obj\Drivers\PWR: [5]
    PWR.o                         500
    ---------------------------------------------------
    Total:                        500

E:\eElements\2.Firmware\eElements\EWARM\eElements\Obj\Drivers\STM32L4xx_HAL_Driver: [6]
    stm32l4xx_hal.o               198        7       12
    stm32l4xx_hal_adc.o         2'676
    stm32l4xx_hal_adc_ex.o        148
    stm32l4xx_hal_cortex.o        232
    stm32l4xx_hal_flash.o         360       18       32
    stm32l4xx_hal_flash_ex.o      368
    stm32l4xx_hal_gpio.o          766
    stm32l4xx_hal_opamp.o         396
    stm32l4xx_hal_pwr.o            44
    stm32l4xx_hal_pwr_ex.o        172
    stm32l4xx_hal_rcc.o         1'844
    stm32l4xx_hal_rcc_ex.o        892
    stm32l4xx_hal_rtc.o           364
    stm32l4xx_hal_rtc_ex.o        418
    stm32l4xx_hal_spi.o         1'224
    stm32l4xx_hal_uart.o        1'524
    ---------------------------------------------------
    Total:                     11'626       25       44

E:\eElements\2.Firmware\eElements\EWARM\eElements\Obj\Drivers\battery: [7]
    battery.o                     262
    ---------------------------------------------------
    Total:                        262

E:\eElements\2.Firmware\eElements\EWARM\eElements\Obj\Drivers\bsp: [8]
    bsp.o                         576
    ---------------------------------------------------
    Total:                        576

E:\eElements\2.Firmware\eElements\EWARM\eElements\Obj\Drivers\element: [9]
    element.o                            2'675    4'720
    ---------------------------------------------------
    Total:                               2'675    4'720

E:\eElements\2.Firmware\eElements\EWARM\eElements\Obj\Drivers\epd: [10]
    epd.o                       1'128   31'948       36
    epd_gui.o                     460
    ---------------------------------------------------
    Total:                      1'588   31'948       36

E:\eElements\2.Firmware\eElements\EWARM\eElements\Obj\Drivers\parameter: [11]
    parameter.o                   228       95      184
    ---------------------------------------------------
    Total:                        228       95      184

dl7M_tlf.a: [12]
    abort.o                         6
    exit.o                          4
    low_level_init.o                4
    printf.o                       40
    putchar.o                      68
    sprintf.o                      64
    xfail_s.o                      64                 4
    xfiles.o                                41      152
    xlocale_c.o                     8       35       56
    xprintffull_nomb.o          3'754
    xprout.o                       22
    xsprout.o                      10
    ---------------------------------------------------
    Total:                      4'044       76      212

m7M_tls.a: [13]
    DblAddSub.o                   590
    DblCmpGe.o                     52
    DblCmpLe.o                     52
    DblDiv.o                      582
    DblMul.o                      426
    DblToFlt.o                    104
    DblToS32.o                     54
    DblToU32.o                     34
    FltToDbl.o                     72
    S32ToDbl.o                     34
    U32ToDbl.o                     28
    fpinit_M.o                     34
    frexp.o                       112
    ldexp.o                       314
    ---------------------------------------------------
    Total:                      2'488

rt7M_tl.a: [14]
    ABImemclr4.o                    6
    ABImemcpy_small.o              24
    ABImemset.o                   102
    ABImemset48.o                  58
    I64DivMod_small.o             262
    I64DivZer.o                     2
    cexit.o                        10
    cmain.o                        30
    cstartup_M.o                   28
    data_init.o                    40
    lz77_init_single.o            126
    memchr.o                       88
    memset.o                       20
    strchr.o                       22
    strlen_small.o                 20
    zero_init3.o                   56
    ---------------------------------------------------
    Total:                        894

shb_l.a: [15]
    exit.o                         20
    ---------------------------------------------------
    Total:                         20

    Gaps                           35        2
    Linker created                          32    8'192
-------------------------------------------------------
    Grand Total:               24'827   34'911   13'985


*******************************************************************************
*** ENTRY LIST
***

Entry                       Address    Size  Type      Object
-----                       -------    ----  ----      ------
.iar.init_table$$Base    0x800'dc6c           --   Gb  - Linker created -
.iar.init_table$$Limit   0x800'dc8c           --   Gb  - Linker created -
?main                    0x800'dcad          Code  Gb  cmain.o [14]
ADC1_IRQHandler          0x800'dd6d          Code  Wk  startup_stm32l431xx.o [1]
ADC_ConversionStop       0x800'a0fb    0xb6  Code  Gb  stm32l4xx_hal_adc.o [6]
ADC_Disable              0x800'a255    0x70  Code  Gb  stm32l4xx_hal_adc.o [6]
ADC_Enable               0x800'a1b1    0x80  Code  Gb  stm32l4xx_hal_adc.o [6]
AHBPrescTable            0x800'dc9c    0x10  Data  Gb  system_stm32l4xx.o [4]
APBPrescTable            0x800'dd24     0x8  Data  Gb  system_stm32l4xx.o [4]
BAT_GPIO_Deinit          0x800'b00b    0x10  Code  Gb  bsp.o [8]
BAT_GPIO_Init            0x800'aff3    0x18  Code  Gb  bsp.o [8]
Bat_GetMode              0x800'd49d    0x6c  Code  Gb  battery.o [7]
Bat_GetVoltage           0x800'd415    0x76  Code  Gb  battery.o [7]
Bat_ReadChrg             0x800'd509     0x6  Code  Gb  battery.o [7]
Bat_ReadStdby            0x800'd50f     0x4  Code  Gb  battery.o [7]
BusFault_Handler         0x800'dc17     0x2  Code  Gb  stm32l4xx_it.o [2]
CAN1_RX0_IRQHandler      0x800'dd75          Code  Wk  startup_stm32l431xx.o [1]
CAN1_RX1_IRQHandler      0x800'dd79          Code  Wk  startup_stm32l431xx.o [1]
CAN1_SCE_IRQHandler      0x800'dd7d          Code  Wk  startup_stm32l431xx.o [1]
CAN1_TX_IRQHandler       0x800'dd71          Code  Wk  startup_stm32l431xx.o [1]
COMP_IRQHandler          0x800'dde9          Code  Wk  startup_stm32l431xx.o [1]
CRS_IRQHandler           0x800'de21          Code  Wk  startup_stm32l431xx.o [1]
CSTACK$$Base            0x2000'16a8           --   Gb  - Linker created -
CSTACK$$Limit           0x2000'36a8           --   Gb  - Linker created -
DMA1_Channel1_IRQHandler
                         0x800'dd51          Code  Wk  startup_stm32l431xx.o [1]
DMA1_Channel2_IRQHandler
                         0x800'dd55          Code  Wk  startup_stm32l431xx.o [1]
DMA1_Channel3_IRQHandler
                         0x800'dd59          Code  Wk  startup_stm32l431xx.o [1]
DMA1_Channel4_IRQHandler
                         0x800'dd5d          Code  Wk  startup_stm32l431xx.o [1]
DMA1_Channel5_IRQHandler
                         0x800'dd61          Code  Wk  startup_stm32l431xx.o [1]
DMA1_Channel6_IRQHandler
                         0x800'dd65          Code  Wk  startup_stm32l431xx.o [1]
DMA1_Channel7_IRQHandler
                         0x800'dd69          Code  Wk  startup_stm32l431xx.o [1]
DMA2_Channel1_IRQHandler
                         0x800'ddd5          Code  Wk  startup_stm32l431xx.o [1]
DMA2_Channel2_IRQHandler
                         0x800'ddd9          Code  Wk  startup_stm32l431xx.o [1]
DMA2_Channel3_IRQHandler
                         0x800'dddd          Code  Wk  startup_stm32l431xx.o [1]
DMA2_Channel4_IRQHandler
                         0x800'dde1          Code  Wk  startup_stm32l431xx.o [1]
DMA2_Channel5_IRQHandler
                         0x800'dde5          Code  Wk  startup_stm32l431xx.o [1]
DMA2_Channel6_IRQHandler
                         0x800'ddf5          Code  Wk  startup_stm32l431xx.o [1]
DMA2_Channel7_IRQHandler
                         0x800'ddf9          Code  Wk  startup_stm32l431xx.o [1]
DebugMon_Handler         0x800'dc1d     0x2  Code  Gb  stm32l4xx_it.o [2]
EPD_Clear                0x800'd6d7    0x28  Code  Gb  epd.o [10]
EPD_Deinit               0x800'af0d    0x10  Code  Gb  bsp.o [8]
EPD_Display              0x800'd705    0x22  Code  Gb  epd.o [10]
EPD_DrawAtomicMass       0x800'b441    0x38  Code  Gb  epd_gui.o [10]
EPD_DrawAtomicNameCN     0x800'b427    0x12  Code  Gb  epd_gui.o [10]
EPD_DrawAtomicNameEN     0x800'b415     0xa  Code  Gb  epd_gui.o [10]
EPD_DrawAtomicNum        0x800'b3d3    0x2c  Code  Gb  epd_gui.o [10]
EPD_DrawAtomicSymbol     0x800'b409     0xc  Code  Gb  epd_gui.o [10]
EPD_DrawElectronShell    0x800'b479    0x38  Code  Gb  epd_gui.o [10]
EPD_DrawEmpty            0x800'b395    0x1c  Code  Gb  epd_gui.o [10]
EPD_DrawFrame            0x800'b305    0x8a  Code  Gb  epd_gui.o [10]
EPD_DrawPoint            0x800'd6ff     0x6  Code  Gb  epd.o [10]
EPD_DrawStr              0x800'b4b1     0xc  Code  Gb  epd_gui.o [10]
EPD_GPIO_Deinit          0x800'ae95    0x46  Code  Gb  bsp.o [8]
EPD_GPIO_Init            0x800'ae39    0x42  Code  Gb  bsp.o [8]
EPD_GUIInit              0x800'd587    0xb8  Code  Gb  epd.o [10]
EPD_Init                 0x800'aeff     0xe  Code  Gb  bsp.o [8]
EPD_Pow                  0x800'd835    0x12  Code  Gb  epd.o [10]
EPD_ShowChar             0x800'd727    0xda  Code  Gb  epd.o [10]
EPD_ShowChinese          0x800'd8a5    0xb8  Code  Gb  epd.o [10]
EPD_ShowNum              0x800'd847    0x5e  Code  Gb  epd.o [10]
EPD_ShowString           0x800'd807    0x2e  Code  Gb  epd.o [10]
EPD_Update               0x800'd56d    0x1a  Code  Gb  epd.o [10]
EPD_WR_Bus               0x800'd51d    0x14  Code  Gb  epd.o [10]
EPD_WR_DATA8             0x800'd557     0x2  Code  Gb  epd.o [10]
EPD_WR_REG               0x800'd531    0x26  Code  Gb  epd.o [10]
EXTI0_IRQHandler         0x800'dd41          Code  Wk  startup_stm32l431xx.o [1]
EXTI15_10_IRQHandler     0x800'ddbd          Code  Wk  startup_stm32l431xx.o [1]
EXTI1_IRQHandler         0x800'dd45          Code  Wk  startup_stm32l431xx.o [1]
EXTI2_IRQHandler         0x800'dc31     0x6  Code  Gb  stm32l4xx_it.o [2]
EXTI3_IRQHandler         0x800'dd49          Code  Wk  startup_stm32l431xx.o [1]
EXTI4_IRQHandler         0x800'dd4d          Code  Wk  startup_stm32l431xx.o [1]
EXTI9_5_IRQHandler       0x800'dd81          Code  Wk  startup_stm32l431xx.o [1]
Epaper_READBUSY          0x800'd559    0x14  Code  Gb  epd.o [10]
Error_Handler            0x800'a55b     0x4  Code  Gb  main.o [2]
FLASH_FlushCaches        0x800'd1c5    0x56  Code  Gb  stm32l4xx_hal_flash_ex.o [6]
FLASH_IRQHandler         0x800'dd39          Code  Wk  startup_stm32l431xx.o [1]
FLASH_MassErase          0x800'd189    0x18  Code  Lc  stm32l4xx_hal_flash_ex.o [6]
FLASH_PageErase          0x800'd1a1    0x24  Code  Gb  stm32l4xx_hal_flash_ex.o [6]
FLASH_Program_DoubleWord
                         0x800'd05d    0x18  Code  Lc  stm32l4xx_hal_flash.o [6]
FLASH_Program_Fast       0x800'd075    0x26  Code  Lc  stm32l4xx_hal_flash.o [6]
FLASH_WaitForLastOperation
                         0x800'd013    0x4a  Code  Gb  stm32l4xx_hal_flash.o [6]
FPU_IRQHandler           0x800'de1d          Code  Wk  startup_stm32l431xx.o [1]
HAL_ADCEx_Calibration_Start
                         0x800'da11    0x8a  Code  Gb  stm32l4xx_hal_adc_ex.o [6]
HAL_ADC_ConfigChannel    0x800'9d71   0x324  Code  Gb  stm32l4xx_hal_adc.o [6]
HAL_ADC_DeInit           0x800'9a61   0x164  Code  Gb  stm32l4xx_hal_adc.o [6]
HAL_ADC_GetValue         0x800'9d69     0x6  Code  Gb  stm32l4xx_hal_adc.o [6]
HAL_ADC_Init             0x800'98d7   0x18a  Code  Gb  stm32l4xx_hal_adc.o [6]
HAL_ADC_MspDeInit        0x800'a3b7    0x14  Code  Gb  adc.o [2]
HAL_ADC_MspInit          0x800'a36f    0x48  Code  Gb  adc.o [2]
HAL_ADC_PollForConversion
                         0x800'9c3b    0xba  Code  Gb  stm32l4xx_hal_adc.o [6]
HAL_ADC_Start            0x800'9bcb    0x50  Code  Gb  stm32l4xx_hal_adc.o [6]
HAL_ADC_Stop             0x800'9c1b    0x20  Code  Gb  stm32l4xx_hal_adc.o [6]
HAL_Delay                0x800'cec5    0x28  Code  Wk  stm32l4xx_hal.o [6]
HAL_FLASHEx_Erase        0x800'd0bd    0xcc  Code  Gb  stm32l4xx_hal_flash_ex.o [6]
HAL_FLASH_Lock           0x800'd003     0xa  Code  Gb  stm32l4xx_hal_flash.o [6]
HAL_FLASH_Program        0x800'cf55    0x8e  Code  Gb  stm32l4xx_hal_flash.o [6]
HAL_FLASH_Unlock         0x800'cfe3    0x20  Code  Gb  stm32l4xx_hal_flash.o [6]
HAL_GPIO_DeInit          0x800'bfc7    0xfe  Code  Gb  stm32l4xx_hal_gpio.o [6]
HAL_GPIO_EXTI_Callback   0x800'da0d     0x2  Code  Wk  stm32l4xx_hal_gpio.o [6]
HAL_GPIO_EXTI_IRQHandler
                         0x800'c0db    0x12  Code  Gb  stm32l4xx_hal_gpio.o [6]
HAL_GPIO_Init            0x800'be15   0x1b2  Code  Gb  stm32l4xx_hal_gpio.o [6]
HAL_GPIO_ReadPin         0x800'c0c5     0xc  Code  Gb  stm32l4xx_hal_gpio.o [6]
HAL_GPIO_WritePin        0x800'c0d1     0xa  Code  Gb  stm32l4xx_hal_gpio.o [6]
HAL_GetTick              0x800'a3dd     0xc  Code  Wk  stm32l4xx_hal.o [6]
HAL_IncTick              0x800'dc39    0x10  Code  Wk  stm32l4xx_hal.o [6]
HAL_Init                 0x800'a945    0x1e  Code  Gb  stm32l4xx_hal.o [6]
HAL_InitTick             0x800'bda1    0x44  Code  Wk  stm32l4xx_hal.o [6]
HAL_MspInit              0x800'bde5    0x30  Code  Gb  stm32l4xx_hal_msp.o [2]
HAL_NVIC_DisableIRQ      0x800'bd3f    0x1e  Code  Gb  stm32l4xx_hal_cortex.o [6]
HAL_NVIC_EnableIRQ       0x800'bd29    0x16  Code  Gb  stm32l4xx_hal_cortex.o [6]
HAL_NVIC_SetPriority     0x800'bced    0x3a  Code  Gb  stm32l4xx_hal_cortex.o [6]
HAL_NVIC_SetPriorityGrouping
                         0x800'bcd3    0x1a  Code  Gb  stm32l4xx_hal_cortex.o [6]
HAL_OPAMP_DeInit         0x800'cca9    0x36  Code  Gb  stm32l4xx_hal_opamp.o [6]
HAL_OPAMP_Init           0x800'cbcd    0xcc  Code  Gb  stm32l4xx_hal_opamp.o [6]
HAL_OPAMP_MspDeInit      0x800'ad37    0x1e  Code  Gb  opamp.o [2]
HAL_OPAMP_MspInit        0x800'acdf    0x58  Code  Gb  opamp.o [2]
HAL_OPAMP_Start          0x800'ccdf    0x2a  Code  Gb  stm32l4xx_hal_opamp.o [6]
HAL_OPAMP_Stop           0x800'cd09    0x30  Code  Gb  stm32l4xx_hal_opamp.o [6]
HAL_PWREx_ControlVoltageScaling
                         0x800'b4e5    0x62  Code  Gb  stm32l4xx_hal_pwr_ex.o [6]
HAL_PWREx_EnterSTOP2Mode
                         0x800'b551    0x24  Code  Gb  stm32l4xx_hal_pwr_ex.o [6]
HAL_PWREx_GetVoltageRange
                         0x800'b4d9     0xc  Code  Gb  stm32l4xx_hal_pwr_ex.o [6]
HAL_PWR_DisableWakeUpPin
                         0x800'cf05    0x10  Code  Gb  stm32l4xx_hal_pwr.o [6]
HAL_PWR_EnableWakeUpPin
                         0x800'ceed    0x18  Code  Gb  stm32l4xx_hal_pwr.o [6]
HAL_RCCEx_PeriphCLKConfig
                         0x800'a561   0x250  Code  Gb  stm32l4xx_hal_rcc_ex.o [6]
HAL_RCC_ClockConfig      0x800'ba19    0xfa  Code  Gb  stm32l4xx_hal_rcc.o [6]
HAL_RCC_GetPCLK1Freq     0x800'bbdb    0x10  Code  Gb  stm32l4xx_hal_rcc.o [6]
HAL_RCC_GetPCLK2Freq     0x800'bbeb     0xe  Code  Gb  stm32l4xx_hal_rcc.o [6]
HAL_RCC_GetSysClockFreq
                         0x800'bb49    0x92  Code  Gb  stm32l4xx_hal_rcc.o [6]
HAL_RCC_OscConfig        0x800'b585   0x45c  Code  Gb  stm32l4xx_hal_rcc.o [6]
HAL_RTCEx_DeactivateWakeUpTimer
                         0x800'd2f3    0x58  Code  Gb  stm32l4xx_hal_rtc_ex.o [6]
HAL_RTCEx_SetWakeUpTimer_IT
                         0x800'd22d    0x88  Code  Gb  stm32l4xx_hal_rtc_ex.o [6]
HAL_RTCEx_WakeUpTimerEventCallback
                         0x800'da0f     0x2  Code  Wk  stm32l4xx_hal_rtc_ex.o [6]
HAL_RTCEx_WakeUpTimerIRQHandler
                         0x800'd365    0x30  Code  Gb  stm32l4xx_hal_rtc_ex.o [6]
HAL_RTC_Init             0x800'cd59    0xa4  Code  Gb  stm32l4xx_hal_rtc.o [6]
HAL_RTC_MspInit          0x800'ad91    0x4e  Code  Gb  rtc.o [2]
HAL_RTC_WaitForSynchro   0x800'cdfd    0x2e  Code  Gb  stm32l4xx_hal_rtc.o [6]
HAL_ResumeTick           0x800'd3dd    0x10  Code  Wk  stm32l4xx_hal.o [6]
HAL_SPI_DeInit           0x800'c1e5    0x2a  Code  Gb  stm32l4xx_hal_spi.o [6]
HAL_SPI_Init             0x800'c111    0xd4  Code  Gb  stm32l4xx_hal_spi.o [6]
HAL_SPI_MspDeInit        0x800'ab97    0x2c  Code  Gb  spi.o [2]
HAL_SPI_MspInit          0x800'ab09    0x8e  Code  Gb  spi.o [2]
HAL_SPI_Transmit         0x800'c20f   0x16c  Code  Gb  stm32l4xx_hal_spi.o [6]
HAL_SYSTICK_Config       0x800'bd5d    0x22  Code  Gb  stm32l4xx_hal_cortex.o [6]
HAL_SuspendTick          0x800'd3cd    0x10  Code  Wk  stm32l4xx_hal.o [6]
HAL_UART_DeInit          0x800'c661    0x3e  Code  Gb  stm32l4xx_hal_uart.o [6]
HAL_UART_Init            0x800'c5d9    0x34  Code  Gb  stm32l4xx_hal_uart.o [6]
HAL_UART_MspDeInit       0x800'ac89    0x20  Code  Gb  usart.o [2]
HAL_UART_MspInit         0x800'ac0b    0x7e  Code  Gb  usart.o [2]
HAL_UART_Transmit        0x800'c6ab    0x9a  Code  Gb  stm32l4xx_hal_uart.o [6]
HardFault_Handler        0x800'dc13     0x2  Code  Gb  stm32l4xx_it.o [2]
Hzk1                     0x800'3c8c   0x160  Data  Gb  epd.o [10]
Hzk2                     0x800'3dec    0x48  Data  Gb  epd.o [10]
Hzk4                     0x800'3e34   0x200  Data  Gb  epd.o [10]
Hzk_e                    0x800'018c  0x3b00  Data  Gb  epd.o [10]
I2C1_ER_IRQHandler       0x800'dd9d          Code  Wk  startup_stm32l431xx.o [1]
I2C1_EV_IRQHandler       0x800'dd99          Code  Wk  startup_stm32l431xx.o [1]
I2C2_ER_IRQHandler       0x800'dda5          Code  Wk  startup_stm32l431xx.o [1]
I2C2_EV_IRQHandler       0x800'dda1          Code  Wk  startup_stm32l431xx.o [1]
I2C3_ER_IRQHandler       0x800'de09          Code  Wk  startup_stm32l431xx.o [1]
I2C3_EV_IRQHandler       0x800'de05          Code  Wk  startup_stm32l431xx.o [1]
KEY_GPIO_Init            0x800'af1d    0x16  Code  Gb  bsp.o [8]
KEY_Hold                 0x800'af5f    0x2a  Code  Gb  bsp.o [8]
KEY_Read                 0x800'af4b    0x14  Code  Gb  bsp.o [8]
KEY_WKUP                0x2000'16a0     0x1  Data  Gb  main.o [2]
LED_GREEN_GPIO_Deinit    0x800'aded     0xe  Code  Gb  bsp.o [8]
LL_ADC_GetOffsetChannel
                         0x800'9885     0xe  Code  Lc  stm32l4xx_hal_adc.o [6]
LL_ADC_REG_IsTriggerSourceSWStart
                         0x800'98a5     0xe  Code  Lc  stm32l4xx_hal_adc.o [6]
LL_ADC_SetChannelSamplingTime
                         0x800'98b3    0x24  Code  Lc  stm32l4xx_hal_adc.o [6]
LL_ADC_SetOffsetState    0x800'9893    0x12  Code  Lc  stm32l4xx_hal_adc.o [6]
LPTIM1_IRQHandler        0x800'dded          Code  Wk  startup_stm32l431xx.o [1]
LPTIM2_IRQHandler        0x800'ddf1          Code  Wk  startup_stm32l431xx.o [1]
LPUART1_IRQHandler       0x800'ddfd          Code  Wk  startup_stm32l431xx.o [1]
LoadParameters           0x800'b02d    0x5a  Code  Gb  parameter.o [11]
MSIRangeTable            0x800'dbb8    0x30  Data  Gb  system_stm32l4xx.o [4]
MX_ADC1_Init             0x800'a2f9    0x76  Code  Gb  adc.o [2]
MX_GPIO_Init             0x800'a965   0x128  Code  Gb  gpio.o [2]
MX_OPAMP1_Init           0x800'acb9    0x26  Code  Gb  opamp.o [2]
MX_RTC_Init              0x800'ad65    0x2c  Code  Gb  rtc.o [2]
MX_SPI1_Init             0x800'aac5    0x44  Code  Gb  spi.o [2]
MX_USART1_UART_Init      0x800'abd9    0x32  Code  Gb  usart.o [2]
MemManage_Handler        0x800'dc15     0x2  Code  Gb  stm32l4xx_it.o [2]
NMI_Handler              0x800'dc11     0x2  Code  Gb  stm32l4xx_it.o [2]
PVD_PVM_IRQHandler       0x800'dd31          Code  Wk  startup_stm32l431xx.o [1]
PWR_DisableGPIOA         0x800'b111    0x2a  Code  Gb  PWR.o [5]
PWR_DisableGPIOB         0x800'b13b    0x2c  Code  Gb  PWR.o [5]
PWR_DisableGPIOC         0x800'b167    0x26  Code  Gb  PWR.o [5]
PWR_DisableGPIOH         0x800'b1ad    0x2c  Code  Gb  PWR.o [5]
PWR_EnterStop2Mode       0x800'b1fb    0x76  Code  Gb  PWR.o [5]
PWR_ExitStop2Mode        0x800'b275    0x2c  Code  Gb  PWR.o [5]
PWR_LDO_GPIO_Init        0x800'ae0b    0x2e  Code  Gb  bsp.o [8]
PWR_LDO_Off              0x800'adff     0x2  Code  Gb  bsp.o [8]
PWR_LDO_On               0x800'adfb     0x4  Code  Gb  bsp.o [8]
PWR_PowerEnough          0x800'b2a1    0x2a  Code  Gb  PWR.o [5]
Paint                   0x2000'1644    0x24  Data  Gb  epd.o [10]
Paint_NewImage           0x800'd643    0x36  Code  Gb  epd.o [10]
Paint_SetPixel           0x800'd679    0x5e  Code  Gb  epd.o [10]
PendSV_Handler           0x800'dc1f     0x2  Code  Gb  stm32l4xx_it.o [2]
QUADSPI_IRQHandler       0x800'de01          Code  Wk  startup_stm32l431xx.o [1]
RCCEx_PLLSAI1_Config     0x800'a7b7    0xfa  Code  Lc  stm32l4xx_hal_rcc_ex.o [6]
RCC_IRQHandler           0x800'dd3d          Code  Wk  startup_stm32l431xx.o [1]
RCC_SetFlashLatencyFromMSIRange
                         0x800'bc03    0x74  Code  Lc  stm32l4xx_hal_rcc.o [6]
RNG_IRQHandler           0x800'de19          Code  Wk  startup_stm32l431xx.o [1]
RTC_Alarm_IRQHandler     0x800'ddc1          Code  Wk  startup_stm32l431xx.o [1]
RTC_EnterInitMode        0x800'ce2b    0x42  Code  Gb  stm32l4xx_hal_rtc.o [6]
RTC_ExitInitMode         0x800'ce6d    0x4c  Code  Gb  stm32l4xx_hal_rtc.o [6]
RTC_WKUP_IRQHandler      0x800'dc25     0x6  Code  Gb  stm32l4xx_it.o [2]
Region$$Table$$Base      0x800'dc6c           --   Gb  - Linker created -
Region$$Table$$Limit     0x800'dc8c           --   Gb  - Linker created -
Reset_Handler            0x800'dd15          Code  Wk  startup_stm32l431xx.o [1]
SAI1_IRQHandler          0x800'de0d          Code  Wk  startup_stm32l431xx.o [1]
SDMMC1_IRQHandler        0x800'ddc5          Code  Wk  startup_stm32l431xx.o [1]
SPI1_IRQHandler          0x800'dda9          Code  Wk  startup_stm32l431xx.o [1]
SPI2_IRQHandler          0x800'ddad          Code  Wk  startup_stm32l431xx.o [1]
SPI3_IRQHandler          0x800'ddc9          Code  Wk  startup_stm32l431xx.o [1]
SPI_EndRxTxTransaction   0x800'c58b    0x2e  Code  Lc  stm32l4xx_hal_spi.o [6]
SPI_WaitFifoStateUntilTimeout
                         0x800'c493    0xd4  Code  Lc  stm32l4xx_hal_spi.o [6]
SPI_WaitFlagStateUntilTimeout
                         0x800'c3dd    0xb6  Code  Lc  stm32l4xx_hal_spi.o [6]
SVC_Handler              0x800'dc1b     0x2  Code  Gb  stm32l4xx_it.o [2]
SWPMI1_IRQHandler        0x800'de11          Code  Wk  startup_stm32l431xx.o [1]
SaveParameters           0x800'b091    0x72  Code  Gb  parameter.o [11]
SaveParameters::EraseInitStruct
                        0x2000'168c    0x10  Data  Lc  parameter.o [11]
SysTick_Handler          0x800'dc21     0x4  Code  Gb  stm32l4xx_it.o [2]
SystemClock_Config       0x800'a4f9    0x62  Code  Gb  main.o [2]
SystemCoreClock         0x2000'1344     0x4  Data  Gb  system_stm32l4xx.o [4]
SystemInit               0x800'dc8d     0xc  Code  Gb  system_stm32l4xx.o [4]
TAMP_STAMP_IRQHandler    0x800'dd35          Code  Wk  startup_stm32l431xx.o [1]
TIM1_BRK_TIM15_IRQHandler
                         0x800'dd85          Code  Wk  startup_stm32l431xx.o [1]
TIM1_CC_IRQHandler       0x800'dd91          Code  Wk  startup_stm32l431xx.o [1]
TIM1_TRG_COM_IRQHandler
                         0x800'dd8d          Code  Wk  startup_stm32l431xx.o [1]
TIM1_UP_TIM16_IRQHandler
                         0x800'dd89          Code  Wk  startup_stm32l431xx.o [1]
TIM2_IRQHandler          0x800'dd95          Code  Wk  startup_stm32l431xx.o [1]
TIM6_DAC_IRQHandler      0x800'ddcd          Code  Wk  startup_stm32l431xx.o [1]
TIM7_IRQHandler          0x800'ddd1          Code  Wk  startup_stm32l431xx.o [1]
TSC_IRQHandler           0x800'de15          Code  Wk  startup_stm32l431xx.o [1]
UART_AdvFeatureConfig    0x800'c959    0xc6  Code  Gb  stm32l4xx_hal_uart.o [6]
UART_CheckIdleState      0x800'ca1f    0x8e  Code  Gb  stm32l4xx_hal_uart.o [6]
UART_EndRxTransfer       0x800'cb45    0x22  Code  Lc  stm32l4xx_hal_uart.o [6]
UART_SetConfig           0x800'c771   0x1e2  Code  Gb  stm32l4xx_hal_uart.o [6]
UART_WaitOnFlagUntilTimeout
                         0x800'cab9    0x8c  Code  Gb  stm32l4xx_hal_uart.o [6]
USART1_IRQHandler        0x800'ddb1          Code  Wk  startup_stm32l431xx.o [1]
USART2_IRQHandler        0x800'ddb5          Code  Wk  startup_stm32l431xx.o [1]
USART3_IRQHandler        0x800'ddb9          Code  Wk  startup_stm32l431xx.o [1]
UsageFault_Handler       0x800'dc19     0x2  Code  Gb  stm32l4xx_it.o [2]
WKUP_Deinit              0x800'afe1    0x12  Code  Gb  bsp.o [8]
WKUP_Init                0x800'af89    0x3c  Code  Gb  bsp.o [8]
WWDG_IRQHandler          0x800'dd2d          Code  Wk  startup_stm32l431xx.o [1]
_LC                      0x800'7e59     0x6  Code  Lc  xprintffull_nomb.o [12]
_LitobFullNoMb           0x800'8b21   0x114  Code  Lc  xprintffull_nomb.o [12]
_Locale_lconv           0x2000'1348    0x38  Data  Lc  xlocale_c.o [12]
_PrintfFullNoMb          0x800'7e5f   0xc92  Code  Gb  xprintffull_nomb.o [12]
_Prout                   0x800'dcfd    0x16  Code  Gb  xprout.o [12]
_PutcharsFullNoMb        0x800'8c8d    0x2e  Code  Lc  xprintffull_nomb.o [12]
_SProut                  0x800'8d97     0xa  Code  Gb  xsprout.o [12]
__NVIC_SetPriority       0x800'bcb9    0x1a  Code  Lc  stm32l4xx_hal_cortex.o [6]
__aeabi_cdcmple          0x800'8ed5          Code  Gb  DblCmpLe.o [13]
__aeabi_cdrcmple         0x800'8f09          Code  Gb  DblCmpGe.o [13]
__aeabi_d2f              0x800'daa5          Code  Gb  DblToFlt.o [13]
__aeabi_d2iz             0x800'9079          Code  Gb  DblToS32.o [13]
__aeabi_d2uiz            0x800'956d          Code  Gb  DblToU32.o [13]
__aeabi_ddiv             0x800'9325          Code  Gb  DblDiv.o [13]
__aeabi_dmul             0x800'95ad          Code  Gb  DblMul.o [13]
__aeabi_dsub             0x800'9241          Code  Gb  DblAddSub.o [13]
__aeabi_f2d              0x800'd985          Code  Gb  FltToDbl.o [13]
__aeabi_i2d              0x800'90b1          Code  Gb  S32ToDbl.o [13]
__aeabi_ldiv0            0x800'986d          Code  Gb  I64DivZer.o [14]
__aeabi_memclr4          0x800'b4d1          Code  Gb  ABImemclr4.o [14]
__aeabi_memset           0x800'a8dd          Code  Gb  ABImemset.o [14]
__aeabi_memset4          0x800'cf19          Code  Gb  ABImemset48.o [14]
__aeabi_memset8          0x800'cf19          Code  Gb  ABImemset48.o [14]
__aeabi_ui2d             0x800'9591          Code  Gb  U32ToDbl.o [13]
__cmain                  0x800'dcad          Code  Gb  cmain.o [14]
__exit                   0x800'9871    0x14  Code  Gb  exit.o [15]
__iar_Fail_s             0x800'8da1    0x1c  Code  Gb  xfail_s.o [12]
__iar_Memchr             0x800'8df5          Code  Gb  memchr.o [14]
__iar_Memset             0x800'a8dd          Code  Gb  ABImemset.o [14]
__iar_Memset4_word       0x800'cf21          Code  Gb  ABImemset48.o [14]
__iar_Memset8_word       0x800'cf21          Code  Gb  ABImemset48.o [14]
__iar_Memset_word        0x800'a8e5          Code  Gb  ABImemset.o [14]
__iar_Stdout            0x2000'1380    0x48  Data  Gb  xfiles.o [12]
__iar_Strchr             0x800'8d81          Code  Gb  strchr.o [14]
__iar_data_init3         0x800'dbe9    0x28  Code  Gb  data_init.o [14]
__iar_frexp              0x800'8e71          Code  Gb  frexp.o [13]
__iar_frexpl             0x800'8e71          Code  Gb  frexp.o [13]
__iar_init_vfp           0x800'dc49          Code  Gb  fpinit_M.o [13]
__iar_ldexp64            0x800'8f3d          Code  Gb  ldexp.o [13]
__iar_lz77_init_single3
                         0x800'8d03    0x7e  Code  Gb  lz77_init_single.o [14]
__iar_program_start      0x800'dce1          Code  Gb  cstartup_M.o [14]
__iar_scalbln64          0x800'8f3d          Code  Gb  ldexp.o [13]
__iar_scalbn64           0x800'8f3d          Code  Gb  ldexp.o [13]
__iar_small_Memcpy       0x800'8e51          Code  Gb  ABImemcpy_small.o [14]
__iar_small_memcpy       0x800'8e4d          Code  Gb  ABImemcpy_small.o [14]
__iar_small_memcpy4      0x800'8e4d          Code  Gb  ABImemcpy_small.o [14]
__iar_small_memcpy8      0x800'8e4d          Code  Gb  ABImemcpy_small.o [14]
__iar_small_strlen       0x800'8de1          Code  Gb  strlen_small.o [14]
__iar_small_uldivmod     0x800'9761          Code  Gb  I64DivMod_small.o [14]
__iar_softfp___iar_frexp64
                         0x800'8e65          Code  Gb  frexp.o [13]
__iar_softfp_frexp       0x800'8e65          Code  Gb  frexp.o [13]
__iar_softfp_frexpl      0x800'8e65          Code  Gb  frexp.o [13]
__iar_zero_init3         0x800'db81    0x38  Code  Gb  zero_init3.o [14]
__low_level_init         0x800'dccb     0x4  Code  Gb  low_level_init.o [12]
__vector_table           0x800'0000          Data  Gb  startup_stm32l431xx.o [1]
__write                  0x800'db51    0x30  Code  Gb  write.o [2]
_call_main               0x800'dcb9          Code  Gb  cmain.o [14]
_exit                    0x800'dcd5          Code  Gb  cexit.o [14]
abort                    0x800'9867     0x6  Code  Gb  abort.o [12]
asc2_0806                0x800'4034   0x228  Data  Gb  epd.o [10]
asc2_1206                0x800'425c   0x474  Data  Gb  epd.o [10]
asc2_1608                0x800'46d0   0x5f0  Data  Gb  epd.o [10]
asc2_2412                0x800'4cc0   0xd5c  Data  Gb  epd.o [10]
asc2_5036                0x800'5a1c  0x243c  Data  Gb  epd.o [10]
defaultParameters       0x2000'0000    0xa8  Data  Gb  parameter.o [11]
elementInfo             0x2000'00a8  0x1270  Data  Gb  element.o [9]
exit                     0x800'dccf     0x4  Code  Gb  exit.o [12]
hadc1                   0x2000'14f8    0x64  Data  Gb  adc.o [2]
hopamp1                 0x2000'1610    0x34  Data  Gb  opamp.o [2]
hrtc                    0x2000'1668    0x24  Data  Gb  rtc.o [2]
hspi1                   0x2000'155c    0x64  Data  Gb  spi.o [2]
huart1                  0x2000'1470    0x88  Data  Gb  usart.o [2]
ldexp                    0x800'8f3d          Code  Gb  ldexp.o [13]
ldexpl                   0x800'8f3d          Code  Gb  ldexp.o [13]
localeconv               0x800'9759     0x4  Code  Gb  xlocale_c.o [12]
main                     0x800'a3fd    0xf0  Code  Gb  main.o [2]
memchr                   0x800'8df5          Code  Gb  memchr.o [14]
memset                   0x800'a3e9    0x14  Code  Gb  memset.o [14]
obuf                    0x2000'15c0    0x50  Data  Lc  xfiles.o [12]
pFlash                  0x2000'1324    0x20  Data  Gb  stm32l4xx_hal_flash.o [6]
printf                   0x800'd3ed    0x28  Code  Gb  printf.o [12]
putchar                  0x800'db0d    0x44  Code  Gb  putchar.o [12]
runPara                 0x2000'13c8    0xa8  Data  Gb  main.o [2]
scalbln                  0x800'8f3d          Code  Gb  ldexp.o [13]
scalblnl                 0x800'8f3d          Code  Gb  ldexp.o [13]
scalbn                   0x800'8f3d          Code  Gb  ldexp.o [13]
scalbnl                  0x800'8f3d          Code  Gb  ldexp.o [13]
scale                    0x800'8c35    0x46  Code  Lc  xprintffull_nomb.o [12]
sec_hand                0x2000'169c     0x4  Data  Lc  xfail_s.o [12]
sprintf                  0x800'd9cd    0x40  Code  Gb  sprintf.o [12]
strchr                   0x800'8d81          Code  Gb  strchr.o [14]
uwTick                  0x2000'131c     0x4  Data  Gb  stm32l4xx_hal.o [6]
uwTickFreq              0x2000'1318     0x1  Data  Gb  stm32l4xx_hal.o [6]
uwTickPrio              0x2000'1320     0x4  Data  Gb  stm32l4xx_hal.o [6]


[1] = E:\eElements\2.Firmware\eElements\EWARM\eElements\Obj\Application\EWARM
[2] = E:\eElements\2.Firmware\eElements\EWARM\eElements\Obj\Application\User\Core
[3] = E:\eElements\2.Firmware\eElements\EWARM\eElements\Obj\Drivers\AT
[4] = E:\eElements\2.Firmware\eElements\EWARM\eElements\Obj\Drivers\CMSIS
[5] = E:\eElements\2.Firmware\eElements\EWARM\eElements\Obj\Drivers\PWR
[6] = E:\eElements\2.Firmware\eElements\EWARM\eElements\Obj\Drivers\STM32L4xx_HAL_Driver
[7] = E:\eElements\2.Firmware\eElements\EWARM\eElements\Obj\Drivers\battery
[8] = E:\eElements\2.Firmware\eElements\EWARM\eElements\Obj\Drivers\bsp
[9] = E:\eElements\2.Firmware\eElements\EWARM\eElements\Obj\Drivers\element
[10] = E:\eElements\2.Firmware\eElements\EWARM\eElements\Obj\Drivers\epd
[11] = E:\eElements\2.Firmware\eElements\EWARM\eElements\Obj\Drivers\parameter
[12] = dl7M_tlf.a
[13] = m7M_tls.a
[14] = rt7M_tl.a
[15] = shb_l.a

  24'827 bytes of readonly  code memory
  34'911 bytes of readonly  data memory
  13'985 bytes of readwrite data memory

Errors: none
Warnings: none
